This plugin does not support raise()
This plugin does not support propagateSizeHints()
This plugin does not support raise()
This plugin does not support raise()
This plugin does not support raise()
This plugin does not support raise()
This plugin does not support raise()
This plugin does not support raise()
This plugin does not support raise()
This plugin does not support raise()
This plugin does not support raise()
This plugin does not support raise()
This plugin does not support raise()
This plugin does not support raise()
This plugin does not support raise()
This plugin does not support raise()
This plugin does not support raise()
This plugin does not support raise()
This plugin does not support raise()
This plugin does not support raise()
This plugin does not support raise()
[Executor] Initialized results file: /home/msyu/PycharmProjects/fsrr-multimodel-scheduling/results/performance_20260729_163534.json
[Executor] Starting execution from the first schedule. Results will be saved to /home/msyu/PycharmProjects/fsrr-multimodel-scheduling/results/performance_20260729_163534.json
[Executor] Starting schedule: combination_stable
[UnifiedViewer] model resolution self-check [schedule_snapshot.yaml]:
    combination_stable: yolo11x -> yolo11x
    combination_stable: yolo11l -> yolo11l
    combination_stable: yolo11m -> yolo11m
    combination_stable: resnet50 -> resnet50
    combination_burst: yolo11x -> yolo11x
    combination_burst: yolo11l -> yolo11l
    combination_burst: yolo11m -> yolo11m
    combination_burst: resnet50 -> resnet50
    cand_1: yolo11x -> yolo11x
    cand_1: yolo11l -> yolo11l
    cand_1: yolo11m -> yolo11m
    cand_1: resnet50 -> resnet50
    cand_2: yolo11x -> yolo11x
    cand_2: yolo11l -> yolo11l
    cand_2: yolo11m -> yolo11m
    cand_2: resnet50 -> resnet50
    cand_3: yolo11x -> yolo11x
    cand_3: yolo11l -> yolo11l
    cand_3: yolo11m -> yolo11m
    cand_3: resnet50 -> resnet50
    cand_4: yolo11x -> yolo11x
    cand_4: yolo11l -> yolo11l
    cand_4: yolo11m -> yolo11m
    cand_4: resnet50 -> resnet50
    cand_5: yolo11x -> yolo11x
    cand_5: yolo11l -> yolo11l
    cand_5: yolo11m -> yolo11m
    cand_5: resnet50 -> resnet50
[UnifiedViewer] Loaded model settings from /home/msyu/PycharmProjects/fsrr-multimodel-scheduling/runs/20260729T073534Z_q4_C_r3/schedule_snapshot.yaml for combination_stable
Starting execution with duration: 16 seconds
[UnifiedViewer] Starting view1 with yolo11x on GPU (thread)
[UnifiedViewer] Starting view2 with yolo11l on GPU (thread)
[UnifiedViewer] Starting view3 with yolo11m on GPU (thread)
[UnifiedViewer] Starting view4 with resnet50 on GPU (thread)
[Executor] Starting schedule: combination_burst
[Executor] Reusing existing viewer for schedule: combination_burst (adaptive=True, reactive=False)
[UnifiedViewer] Updating combination to: combination_burst (File: /home/msyu/PycharmProjects/fsrr-multimodel-scheduling/runs/20260729T073534Z_q4_C_r3/schedule_snapshot.yaml) adaptive=True reactive=False
[AdaptiveDeploy] view1: same device (gpu), keeping worker
[AdaptiveDeploy] view2: same device (gpu), keeping worker
[AdaptiveDeploy] view3: same device (gpu), keeping worker
[AdaptiveDeploy] view4: same device (gpu), keeping worker
[AdaptiveDeploy] Transition complete. kept={'view1', 'view3', 'view4', 'view2'}, swapped=set()
[Executor] Adaptive: execution continues, hot-swap in progress
[timed_shutdown] Cancelled (adaptive deploy transition in progress)
[Executor] Starting schedule: cand_1
[Executor] Reusing existing viewer for schedule: cand_1 (adaptive=True, reactive=False)
[UnifiedViewer] Updating combination to: cand_1 (File: /home/msyu/PycharmProjects/fsrr-multimodel-scheduling/runs/20260729T073534Z_q4_C_r3/schedule_snapshot.yaml) adaptive=True reactive=False
[AdaptiveDeploy] view1: same device (gpu), keeping worker
[AdaptiveDeploy] view2: same device (gpu), keeping worker
[AdaptiveDeploy] view3: same device (gpu), keeping worker
[AdaptiveDeploy] view4: same device (gpu), keeping worker
[AdaptiveDeploy] Transition complete. kept={'view1', 'view3', 'view4', 'view2'}, swapped=set()
[Executor] Adaptive: execution continues, hot-swap in progress
[Executor] QoS-trigger active: combo=cand_1 policy=validate eps=1.0 T_v=3.0s
[Executor] QoS-validate combo=cand_1 elapsed=3.1s V_postswap=375.001 V_cumulative=333.415 eps=1.0 backlog_slope=-0.71/s tail_drops={view1:46,view2:41,view3:28} service_rate=246.2fps (post-T_v)
[Executor] QoS-triggered advance: saturated: views ['view1', 'view2', 'view3'] still dropping in the last 1.0s (queue clipped at cap -> arrival>service); slope/V unreliable, advancing in combo=cand_1
[Executor] Starting schedule: cand_2
[Executor] Reusing existing viewer for schedule: cand_2 (adaptive=True, reactive=False)
[UnifiedViewer] Updating combination to: cand_2 (File: /home/msyu/PycharmProjects/fsrr-multimodel-scheduling/runs/20260729T073534Z_q4_C_r3/schedule_snapshot.yaml) adaptive=True reactive=False
[AdaptiveDeploy] view1: same device (gpu), keeping worker
[AdaptiveDeploy] view2: same device (gpu), keeping worker
[AdaptiveDeploy] view3: same device (gpu), keeping worker
[AdaptiveDeploy] view4: same device (gpu), keeping worker
[AdaptiveDeploy] Transition complete. kept={'view1', 'view3', 'view4', 'view2'}, swapped=set()
[Executor] Adaptive: execution continues, hot-swap in progress
[Executor] QoS-trigger active: combo=cand_2 policy=validate eps=1.0 T_v=3.0s
[Executor] QoS-validate combo=cand_2 elapsed=3.1s V_postswap=396.684 V_cumulative=392.837 eps=1.0 backlog_slope=0.14/s tail_drops={view1:45,view2:42,view3:30} service_rate=244.9fps (post-T_v)
[Executor] QoS-triggered advance: saturated: views ['view1', 'view2', 'view3'] still dropping in the last 1.0s (queue clipped at cap -> arrival>service); slope/V unreliable, advancing in combo=cand_2
[Executor] Starting schedule: cand_3
[Executor] Reusing existing viewer for schedule: cand_3 (adaptive=True, reactive=False)
[UnifiedViewer] Updating combination to: cand_3 (File: /home/msyu/PycharmProjects/fsrr-multimodel-scheduling/runs/20260729T073534Z_q4_C_r3/schedule_snapshot.yaml) adaptive=True reactive=False
[AdaptiveDeploy] view1: same device (gpu), keeping worker
[AdaptiveDeploy] view2: same device (gpu), keeping worker
[AdaptiveDeploy] view3: same device (gpu), keeping worker
[AdaptiveDeploy] view4: same device (gpu), keeping worker
[AdaptiveDeploy] Transition complete. kept={'view1', 'view3', 'view4', 'view2'}, swapped=set()
[Executor] Adaptive: execution continues, hot-swap in progress
[Executor] QoS-trigger active: combo=cand_3 policy=validate eps=1.0 T_v=3.0s
[Executor] QoS-validate combo=cand_3 elapsed=3.1s V_postswap=395.631 V_cumulative=396.000 eps=1.0 backlog_slope=1.00/s tail_drops={view1:44,view2:40,view3:28} service_rate=248.0fps (post-T_v)
[Executor] QoS-triggered advance: saturated: views ['view1', 'view2', 'view3'] still dropping in the last 1.0s (queue clipped at cap -> arrival>service); slope/V unreliable, advancing in combo=cand_3
[Executor] Starting schedule: cand_4
[Executor] Reusing existing viewer for schedule: cand_4 (adaptive=True, reactive=False)
[UnifiedViewer] Updating combination to: cand_4 (File: /home/msyu/PycharmProjects/fsrr-multimodel-scheduling/runs/20260729T073534Z_q4_C_r3/schedule_snapshot.yaml) adaptive=True reactive=False
[AdaptiveDeploy] view1: same device (gpu), keeping worker
[AdaptiveDeploy] view2: same device (gpu), keeping worker
[AdaptiveDeploy] view3: same device (gpu), keeping worker
[AdaptiveDeploy] view4: same device (gpu), keeping worker
[AdaptiveDeploy] Transition complete. kept={'view1', 'view3', 'view4', 'view2'}, swapped=set()
[Executor] Adaptive: execution continues, hot-swap in progress
[Executor] QoS-trigger active: combo=cand_4 policy=validate eps=1.0 T_v=3.0s
[Executor] QoS-validate combo=cand_4 elapsed=3.1s V_postswap=395.773 V_cumulative=394.833 eps=1.0 backlog_slope=-0.57/s tail_drops={view1:48,view2:41,view3:32} service_rate=239.8fps (post-T_v)
[Executor] QoS-triggered advance: saturated: views ['view1', 'view2', 'view3'] still dropping in the last 1.0s (queue clipped at cap -> arrival>service); slope/V unreliable, advancing in combo=cand_4
[Executor] Starting schedule: cand_5
[Executor] Reusing existing viewer for schedule: cand_5 (adaptive=True, reactive=False)
[UnifiedViewer] Updating combination to: cand_5 (File: /home/msyu/PycharmProjects/fsrr-multimodel-scheduling/runs/20260729T073534Z_q4_C_r3/schedule_snapshot.yaml) adaptive=True reactive=False
[AdaptiveDeploy] view1: same device (gpu), keeping worker
[AdaptiveDeploy] view2: same device (gpu), keeping worker
[AdaptiveDeploy] view3: same device (gpu), keeping worker
[AdaptiveDeploy] view4: same device (gpu), keeping worker
[AdaptiveDeploy] Transition complete. kept={'view1', 'view3', 'view4', 'view2'}, swapped=set()
[Executor] Adaptive: execution continues, hot-swap in progress
[Executor] QoS-trigger active: combo=cand_5 policy=validate eps=1.0 T_v=3.0s
[Executor] QoS-validate combo=cand_5 elapsed=3.1s V_postswap=394.961 V_cumulative=395.706 eps=1.0 backlog_slope=-3.00/s tail_drops={view1:45,view2:40,view3:29} service_rate=249.0fps (post-T_v)
[Executor] QoS-triggered advance: saturated: views ['view1', 'view2', 'view3'] still dropping in the last 1.0s (queue clipped at cap -> arrival>service); slope/V unreliable, advancing in combo=cand_5 (last candidate -> revert-to-best)
[Executor] exhausted -> revert to best (cand=cand_5, service_rate=249.0 fps); observations: cand_1=246.2fps, cand_2=244.9fps, cand_3=248.0fps, cand_4=239.8fps, cand_5=249.0fps
[Executor] best placement == current (cand_5); no transition needed (saving one delta).
[Executor] commit-and-stay: committed 'cand_5' (last phase; nothing to skip).
[Shutdown] Throughput data saved to /home/msyu/PycharmProjects/fsrr-multimodel-scheduling/results/performance_20260729_163534.json
[Queue Drain] view1_output_queue: 1 items drained
[Queue Drain] view2_output_queue: 0 items drained
[Queue Drain] view3_result_queue: 0 items drained
[Queue Drain] view4_result_queue: 0 items drained
[Stop Execution] Model execution stopped, display window hidden; Info window remains open
[Executor] All combinations executed. Leaving windows open.
[Executor] Wrote results with best deployment: cand_5 (schedule: schedule_snapshot.yaml)
[Main] Auto mode: all combinations finished. Quitting application...
[Main] QApplication loop exited.
