This plugin does not support raise()
This plugin does not support propagateSizeHints()
This plugin does not support raise()
This plugin does not support raise()
This plugin does not support raise()
This plugin does not support raise()
This plugin does not support raise()
This plugin does not support raise()
This plugin does not support raise()
This plugin does not support raise()
This plugin does not support raise()
This plugin does not support raise()
This plugin does not support raise()
This plugin does not support raise()
This plugin does not support raise()
This plugin does not support raise()
This plugin does not support raise()
This plugin does not support raise()
[Executor] Initialized results file: /home/msyu/PycharmProjects/fsrr-multimodel-scheduling/results/performance_20260729_161525.json
[Executor] Starting execution from the first schedule. Results will be saved to /home/msyu/PycharmProjects/fsrr-multimodel-scheduling/results/performance_20260729_161525.json
[Executor] Starting schedule: combination_stable
[UnifiedViewer] model resolution self-check [schedule_snapshot.yaml]:
    combination_stable: yolo11x -> yolo11x
    combination_stable: yolo11l -> yolo11l
    combination_stable: yolo11m -> yolo11m
    combination_stable: resnet50 -> resnet50
    combination_burst: yolo11x -> yolo11x
    combination_burst: yolo11l -> yolo11l
    combination_burst: yolo11m -> yolo11m
    combination_burst: resnet50 -> resnet50
    cand_1: yolo11x -> yolo11x
    cand_1: yolo11l -> yolo11l
    cand_1: yolo11m -> yolo11m
    cand_1: resnet50 -> resnet50
    cand_2: yolo11x -> yolo11x
    cand_2: yolo11l -> yolo11l
    cand_2: yolo11m -> yolo11m
    cand_2: resnet50 -> resnet50
    cand_3: yolo11x -> yolo11x
    cand_3: yolo11l -> yolo11l
    cand_3: yolo11m -> yolo11m
    cand_3: resnet50 -> resnet50
    cand_4: yolo11x -> yolo11x
    cand_4: yolo11l -> yolo11l
    cand_4: yolo11m -> yolo11m
    cand_4: resnet50 -> resnet50
    cand_5: yolo11x -> yolo11x
    cand_5: yolo11l -> yolo11l
    cand_5: yolo11m -> yolo11m
    cand_5: resnet50 -> resnet50
[UnifiedViewer] Loaded model settings from /home/msyu/PycharmProjects/fsrr-multimodel-scheduling/runs/20260729T071525Z_q4_BoundGuard_r4/schedule_snapshot.yaml for combination_stable
Starting execution with duration: 16 seconds
[UnifiedViewer] Starting view1 with yolo11x on GPU (thread)
[UnifiedViewer] Starting view2 with yolo11l on GPU (thread)
[UnifiedViewer] Starting view3 with yolo11m on GPU (thread)
[UnifiedViewer] Starting view4 with resnet50 on GPU (thread)
[Executor] Starting schedule: combination_burst
[Executor] Reusing existing viewer for schedule: combination_burst (adaptive=True, reactive=False)
[UnifiedViewer] Updating combination to: combination_burst (File: /home/msyu/PycharmProjects/fsrr-multimodel-scheduling/runs/20260729T071525Z_q4_BoundGuard_r4/schedule_snapshot.yaml) adaptive=True reactive=False
[AdaptiveDeploy] view1: same device (gpu), keeping worker
[AdaptiveDeploy] view2: same device (gpu), keeping worker
[AdaptiveDeploy] view3: same device (gpu), keeping worker
[AdaptiveDeploy] view4: same device (gpu), keeping worker
[AdaptiveDeploy] Transition complete. kept={'view2', 'view4', 'view1', 'view3'}, swapped=set()
[Executor] Adaptive: execution continues, hot-swap in progress
[timed_shutdown] Cancelled (adaptive deploy transition in progress)
[Executor] Starting schedule: cand_1
[Executor] Reusing existing viewer for schedule: cand_1 (adaptive=True, reactive=False)
[UnifiedViewer] Updating combination to: cand_1 (File: /home/msyu/PycharmProjects/fsrr-multimodel-scheduling/runs/20260729T071525Z_q4_BoundGuard_r4/schedule_snapshot.yaml) adaptive=True reactive=False
[AdaptiveDeploy] view1: same device (gpu), keeping worker
[AdaptiveDeploy] view2: same device (gpu), keeping worker
[AdaptiveDeploy] view3: same device (gpu), keeping worker
[AdaptiveDeploy] view4: same device (gpu), keeping worker
[AdaptiveDeploy] Transition complete. kept={'view2', 'view4', 'view1', 'view3'}, swapped=set()
[Executor] Adaptive: execution continues, hot-swap in progress
[Executor] QoS-triggered advance: combo=cand_1 placement identical to the current (violating) placement; no transition to validate, auto-advancing
[Executor] Starting schedule: cand_2
[Executor] Reusing existing viewer for schedule: cand_2 (adaptive=True, reactive=False)
[UnifiedViewer] Updating combination to: cand_2 (File: /home/msyu/PycharmProjects/fsrr-multimodel-scheduling/runs/20260729T071525Z_q4_BoundGuard_r4/schedule_snapshot.yaml) adaptive=True reactive=False
[AdaptiveDeploy] view1: device changed (gpu -> cpu), hot-swapping
[AdaptiveDeploy] view1: new worker ready, switching queues
[VideoFeeder] Swapped queue for view1
[AdaptiveDeploy] view2: same device (gpu), keeping worker
[AdaptiveDeploy] view3: same device (gpu), keeping worker
[AdaptiveDeploy] view4: same device (gpu), keeping worker
[AdaptiveDeploy] Transition complete. kept={'view2', 'view4', 'view3'}, swapped={'view1'}
[Executor] Adaptive: execution continues, hot-swap in progress
[Executor] QoS-trigger active: combo=cand_2 policy=validate eps=1.0 T_v=3.0s
[AdaptiveDeploy] view1: backlog preserved across hot-swap (moved=300 dropped=0)
[AdaptiveDeploy] view1: hot-swap complete (delta=364ms)
[Executor] QoS-validate combo=cand_2 elapsed=3.0s V_postswap=420.097 V_cumulative=377.497 eps=1.0 backlog_slope=-0.42/s tail_drops={view1:90,view2:21,view3:20} service_rate=231.0fps (post-T_v)
[Executor] QoS-triggered advance: saturated: views ['view1', 'view2', 'view3'] still dropping in the last 1.0s (queue clipped at cap -> arrival>service); slope/V unreliable, advancing in combo=cand_2
[Executor] Starting schedule: cand_3
[Executor] Reusing existing viewer for schedule: cand_3 (adaptive=True, reactive=False)
[UnifiedViewer] Updating combination to: cand_3 (File: /home/msyu/PycharmProjects/fsrr-multimodel-scheduling/runs/20260729T071525Z_q4_BoundGuard_r4/schedule_snapshot.yaml) adaptive=True reactive=False
[AdaptiveDeploy] view1: device changed (cpu -> gpu), hot-swapping
[AdaptiveDeploy] view2: same device (gpu), keeping worker
[AdaptiveDeploy] view3: device changed (gpu -> cpu), hot-swapping
[AdaptiveDeploy] view1: new worker ready, switching queues
[VideoFeeder] Swapped queue for view1
[AdaptiveDeploy] view3: new worker ready, switching queues
[VideoFeeder] Swapped queue for view3
[AdaptiveDeploy] view4: same device (gpu), keeping worker
[AdaptiveDeploy] Transition complete. kept={'view2', 'view4'}, swapped={'view1', 'view3'}
[Executor] Adaptive: execution continues, hot-swap in progress
[Executor] QoS-trigger active: combo=cand_3 policy=validate eps=1.0 T_v=3.0s
[AdaptiveDeploy] view3: backlog preserved across hot-swap (moved=301 dropped=0)
[AdaptiveDeploy] view3: hot-swap complete (delta=159ms)
[AdaptiveDeploy] view1: backlog preserved across hot-swap (moved=300 dropped=2)
[AdaptiveDeploy] view1: hot-swap complete (delta=1069ms)
[Executor] QoS-validate combo=cand_3 elapsed=3.2s V_postswap=473.521 V_cumulative=492.322 eps=1.0 backlog_slope=-0.71/s tail_drops={view1:38,view2:37,view3:89} service_rate=197.8fps (post-T_v)
[Executor] QoS-triggered advance: saturated: views ['view1', 'view2', 'view3'] still dropping in the last 1.0s (queue clipped at cap -> arrival>service); slope/V unreliable, advancing in combo=cand_3
[Executor] Starting schedule: cand_4
[Executor] Reusing existing viewer for schedule: cand_4 (adaptive=True, reactive=False)
[UnifiedViewer] Updating combination to: cand_4 (File: /home/msyu/PycharmProjects/fsrr-multimodel-scheduling/runs/20260729T071525Z_q4_BoundGuard_r4/schedule_snapshot.yaml) adaptive=True reactive=False
[AdaptiveDeploy] view1: same device (gpu), keeping worker
[AdaptiveDeploy] view2: device changed (gpu -> cpu), hot-swapping
[AdaptiveDeploy] view3: device changed (cpu -> gpu), hot-swapping
[AdaptiveDeploy] view2: new worker ready, switching queues
[VideoFeeder] Swapped queue for view2
[AdaptiveDeploy] view3: new worker ready, switching queues
[VideoFeeder] Swapped queue for view3
[AdaptiveDeploy] view4: same device (gpu), keeping worker
[AdaptiveDeploy] Transition complete. kept={'view1', 'view4'}, swapped={'view2', 'view3'}
[Executor] Adaptive: execution continues, hot-swap in progress
[Executor] QoS-trigger active: combo=cand_4 policy=validate eps=1.0 T_v=3.0s
[AdaptiveDeploy] view2: backlog preserved across hot-swap (moved=301 dropped=5)
[AdaptiveDeploy] view2: hot-swap complete (delta=218ms)
[AdaptiveDeploy] view3: backlog preserved across hot-swap (moved=300 dropped=0)
[AdaptiveDeploy] view3: hot-swap complete (delta=232ms)
[Executor] QoS-validate combo=cand_4 elapsed=3.1s V_postswap=440.150 V_cumulative=584.270 eps=1.0 backlog_slope=-2.00/s tail_drops={view1:38,view2:88,view3:30} service_rate=205.9fps (post-T_v)
This plugin does not support raise()
This plugin does not support raise()
This plugin does not support raise()
This plugin does not support raise()
[Executor] QoS-triggered advance: saturated: views ['view1', 'view2', 'view3'] still dropping in the last 1.0s (queue clipped at cap -> arrival>service); slope/V unreliable, advancing in combo=cand_4
[Executor] Starting schedule: cand_5
[Executor] Reusing existing viewer for schedule: cand_5 (adaptive=True, reactive=False)
[UnifiedViewer] Updating combination to: cand_5 (File: /home/msyu/PycharmProjects/fsrr-multimodel-scheduling/runs/20260729T071525Z_q4_BoundGuard_r4/schedule_snapshot.yaml) adaptive=True reactive=False
[AdaptiveDeploy] view1: same device (gpu), keeping worker
[AdaptiveDeploy] view2: device changed (cpu -> gpu), hot-swapping
[AdaptiveDeploy] view3: same device (gpu), keeping worker
[AdaptiveDeploy] view4: device changed (gpu -> cpu), hot-swapping
[AdaptiveDeploy] view2: new worker ready, switching queues
[VideoFeeder] Swapped queue for view2
[AdaptiveDeploy] view4: new worker ready, switching queues
[ResnetImageFeeder] Swapped queue for view4
[AdaptiveDeploy] Transition complete. kept={'view1', 'view3'}, swapped={'view2', 'view4'}
[Executor] Adaptive: execution continues, hot-swap in progress
[Executor] QoS-trigger active: combo=cand_5 policy=validate eps=1.0 T_v=3.0s
[AdaptiveDeploy] view4: backlog preserved across hot-swap (moved=3 dropped=0)
[AdaptiveDeploy] view4: hot-swap complete (delta=87ms)
[AdaptiveDeploy] view2: backlog preserved across hot-swap (moved=300 dropped=0)
[AdaptiveDeploy] view2: hot-swap complete (delta=178ms)
[Executor] QoS-validate combo=cand_5 elapsed=3.1s V_postswap=534.843 V_cumulative=557.713 eps=1.0 backlog_slope=70.88/s tail_drops={view1:42,view2:41,view3:29} service_rate=174.0fps (post-T_v)
[Executor] QoS-triggered advance: saturated: views ['view1', 'view2', 'view3'] still dropping in the last 1.0s (queue clipped at cap -> arrival>service); slope/V unreliable, advancing in combo=cand_5 (last candidate -> revert-to-best)
[Executor] exhausted -> revert to best (cand=cand_2, service_rate=231.0 fps); observations: cand_2=231.0fps, cand_3=197.8fps, cand_4=205.9fps, cand_5=174.0fps
[UnifiedViewer] Updating combination to: cand_2 (File: /home/msyu/PycharmProjects/fsrr-multimodel-scheduling/runs/20260729T071525Z_q4_BoundGuard_r4/schedule_snapshot.yaml) adaptive=True reactive=False
[AdaptiveDeploy] view1: device changed (gpu -> cpu), hot-swapping
[AdaptiveDeploy] view2: same device (gpu), keeping worker
[AdaptiveDeploy] view3: same device (gpu), keeping worker
[AdaptiveDeploy] view4: device changed (cpu -> gpu), hot-swapping
[AdaptiveDeploy] view1: new worker ready, switching queues
[VideoFeeder] Swapped queue for view1
[AdaptiveDeploy] view4: new worker ready, switching queues
[ResnetImageFeeder] Swapped queue for view4
[AdaptiveDeploy] Transition complete. kept={'view2', 'view3'}, swapped={'view1', 'view4'}
[Executor] reverted to best placement 'cand_2'; holding for 42s; V(t) monitoring continues.
[AdaptiveDeploy] view1: backlog preserved across hot-swap (moved=299 dropped=0)
[AdaptiveDeploy] view1: hot-swap complete (delta=391ms)
[AdaptiveDeploy] view4: backlog preserved across hot-swap (moved=279 dropped=0)
[AdaptiveDeploy] view4: hot-swap complete (delta=134ms)
[Shutdown] Throughput data saved to /home/msyu/PycharmProjects/fsrr-multimodel-scheduling/results/performance_20260729_161525.json
[Queue Drain] view1_output_queue: 1 items drained
[Queue Drain] view2_output_queue: 0 items drained
[Queue Drain] view3_result_queue: 0 items drained
[Queue Drain] view4_result_queue: 0 items drained
[Stop Execution] Model execution stopped, display window hidden; Info window remains open
[Executor] All combinations executed. Leaving windows open.
[Executor] Wrote results with best deployment: cand_2 (schedule: schedule_snapshot.yaml)
[Main] Auto mode: all combinations finished. Quitting application...
[Main] QApplication loop exited.
