This plugin does not support raise()
This plugin does not support propagateSizeHints()
This plugin does not support raise()
I0728 16:39:23.499 317710 model_impl.cc:1025] Model constructed. (models/mobilint/resnet50.mxq) 
I0728 16:39:23.508 317709 model_impl.cc:1025] Model constructed. (models/mobilint/yolo11s.mxq) 
I0728 16:39:23.520 317710 model_impl.cc:1357] Model launched.
I0728 16:39:23.528 317709 model_impl.cc:1357] Model launched.
I0728 16:39:23.532 317711 model_impl.cc:1025] Model constructed. (models/mobilint/mobilenet_v2.mxq) 
I0728 16:39:23.535 317711 model_impl.cc:1357] Model launched.
I0728 16:39:40.865 317710 model_impl.cc:1376] Model disposed.
I0728 16:39:40.866 317711 model_impl.cc:1376] Model disposed.
I0728 16:39:41.847 317709 model_impl.cc:1376] Model disposed.
[Executor] Initialized results file: /home/msyu/PycharmProjects/fsrr-multimodel-scheduling/results/performance_20260728_163922.json
[Executor] Starting execution from the first schedule. Results will be saved to /home/msyu/PycharmProjects/fsrr-multimodel-scheduling/results/performance_20260728_163922.json
[Executor] Starting schedule: combination_probe
[UnifiedViewer] model resolution self-check [schedule_snapshot.yaml]:
    combination_probe: yolo11s -> yolo11s
    combination_probe: resnet50 -> resnet50
    combination_probe: mobilenet_v2 -> mobilenet_v2
[UnifiedViewer] view4 not used in this combination (no model assigned) [schedule_snapshot.yaml]
[UnifiedViewer] Loaded model settings from /home/msyu/PycharmProjects/fsrr-multimodel-scheduling/runs/20260728T073922Z_lam30_top1/schedule_snapshot.yaml for combination_probe
Starting execution with duration: 19 seconds
[UnifiedViewer] Starting view1 with yolo11s on NPU (thread)
[UnifiedViewer] Starting view2 with resnet50 on NPU (thread)
[UnifiedViewer] Starting view3 with mobilenet_v2 on NPU (thread)
[UnifiedViewer] Skipping worker start for view4: no model assigned
[Save Throughput] First schedule detected. Starting a new results file.
[Shutdown] Throughput data saved to /home/msyu/PycharmProjects/fsrr-multimodel-scheduling/results/performance_20260728_163922.json
[Queue Drain] view1_output_queue: 0 items drained
[Queue Drain] view2_output_queue: 0 items drained
[Queue Drain] view3_result_queue: 0 items drained
[Queue Drain] view4_result_queue: 0 items drained
[Stop Execution] Model execution stopped, display window hidden; Info window remains open
Execution duration completed, stopping model execution...
[Stop Execution] Already stopped for this run. Skipping duplicate save.
[Executor] All combinations executed. Leaving windows open.
[Executor] Wrote results with best deployment: combination_probe (schedule: schedule_snapshot.yaml)
[Main] Auto mode: all combinations finished. Quitting application...
[Main] QApplication loop exited.
