This plugin does not support raise()
This plugin does not support propagateSizeHints()
This plugin does not support raise()
This plugin does not support raise()
This plugin does not support raise()
This plugin does not support raise()
This plugin does not support raise()
This plugin does not support raise()
This plugin does not support raise()
This plugin does not support raise()
This plugin does not support raise()
This plugin does not support raise()
This plugin does not support raise()
This plugin does not support raise()
This plugin does not support raise()
[Executor] Initialized results file: /home/msyu/PycharmProjects/fsrr-multimodel-scheduling/results/performance_20260728_180103.json
[Executor] Starting execution from the first schedule. Results will be saved to /home/msyu/PycharmProjects/fsrr-multimodel-scheduling/results/performance_20260728_180103.json
[Executor] Starting schedule: combination_stable
[UnifiedViewer] model resolution self-check [schedule_snapshot.yaml]:
    combination_stable: yolo11s -> yolo11s
    combination_stable: resnet50 -> resnet50
    combination_stable: mobilenet_v2 -> mobilenet_v2
    combination_burst: yolo11s -> yolo11s
    combination_burst: resnet50 -> resnet50
    combination_burst: mobilenet_v2 -> mobilenet_v2
    cand_1: yolo11s -> yolo11s
    cand_1: resnet50 -> resnet50
    cand_1: mobilenet_v2 -> mobilenet_v2
    cand_2: yolo11s -> yolo11s
    cand_2: resnet50 -> resnet50
    cand_2: mobilenet_v2 -> mobilenet_v2
    cand_3: yolo11s -> yolo11s
    cand_3: resnet50 -> resnet50
    cand_3: mobilenet_v2 -> mobilenet_v2
    cand_4: yolo11s -> yolo11s
    cand_4: resnet50 -> resnet50
    cand_4: mobilenet_v2 -> mobilenet_v2
    cand_5: yolo11s -> yolo11s
    cand_5: resnet50 -> resnet50
    cand_5: mobilenet_v2 -> mobilenet_v2
[UnifiedViewer] view4 not used in this combination (no model assigned) [schedule_snapshot.yaml]
[UnifiedViewer] Loaded model settings from /home/msyu/PycharmProjects/fsrr-multimodel-scheduling/runs/20260728T090103Z_q13gpu_BoundGuard_r4/schedule_snapshot.yaml for combination_stable
Starting execution with duration: 16 seconds
[UnifiedViewer] Starting view1 with yolo11s on GPU (thread)
[UnifiedViewer] Starting view2 with resnet50 on GPU (thread)
[UnifiedViewer] Starting view3 with mobilenet_v2 on GPU (thread)
[UnifiedViewer] Skipping worker start for view4: no model assigned
[Executor] Starting schedule: combination_burst
[Executor] Reusing existing viewer for schedule: combination_burst (adaptive=True, reactive=False)
[UnifiedViewer] Updating combination to: combination_burst (File: /home/msyu/PycharmProjects/fsrr-multimodel-scheduling/runs/20260728T090103Z_q13gpu_BoundGuard_r4/schedule_snapshot.yaml) adaptive=True reactive=False
[AdaptiveDeploy] view1: device changed (gpu -> cpu), hot-swapping
[AdaptiveDeploy] view2: device changed (gpu -> cpu), hot-swapping
[AdaptiveDeploy] view1: new worker ready, switching queues
[VideoFeeder] Swapped queue for view1
[AdaptiveDeploy] view2: new worker ready, switching queues
[ResnetImageFeeder] Swapped queue for view2
[AdaptiveDeploy] view3: device changed (gpu -> cpu), hot-swapping
[AdaptiveDeploy] view2: backlog preserved across hot-swap (moved=1 dropped=0)
[AdaptiveDeploy] view2: hot-swap complete (delta=159ms)
[AdaptiveDeploy] Transition complete. kept={'view4'}, swapped={'view1', 'view3', 'view2'}
[Executor] Adaptive: execution continues, hot-swap in progress
[AdaptiveDeploy] view3: new worker ready, switching queues
[ResnetImageFeeder] Swapped queue for view3
[AdaptiveDeploy] view3: backlog preserved across hot-swap (moved=3 dropped=0)
[AdaptiveDeploy] view3: hot-swap complete (delta=41ms)
[timed_shutdown] Cancelled (adaptive deploy transition in progress)
[AdaptiveDeploy] view1: backlog preserved across hot-swap (moved=0 dropped=0)
[AdaptiveDeploy] view1: hot-swap complete (delta=997ms)
[Executor] Starting schedule: cand_1
[Executor] Reusing existing viewer for schedule: cand_1 (adaptive=True, reactive=False)
[UnifiedViewer] Updating combination to: cand_1 (File: /home/msyu/PycharmProjects/fsrr-multimodel-scheduling/runs/20260728T090103Z_q13gpu_BoundGuard_r4/schedule_snapshot.yaml) adaptive=True reactive=False
[AdaptiveDeploy] view1: device changed (cpu -> gpu), hot-swapping
[AdaptiveDeploy] view1: new worker ready, switching queues
[VideoFeeder] Swapped queue for view1
[AdaptiveDeploy] view2: device changed (cpu -> gpu), hot-swapping
[AdaptiveDeploy] view2: new worker ready, switching queues
[ResnetImageFeeder] Swapped queue for view2
[AdaptiveDeploy] view3: device changed (cpu -> gpu), hot-swapping
[AdaptiveDeploy] view3: new worker ready, switching queues
[ResnetImageFeeder] Swapped queue for view3
[AdaptiveDeploy] Transition complete. kept={'view4'}, swapped={'view1', 'view3', 'view2'}
[Executor] Adaptive: execution continues, hot-swap in progress
[Executor] QoS-trigger active: combo=cand_1 policy=validate eps=1.0 T_v=3.0s
[AdaptiveDeploy] view1: backlog preserved across hot-swap (moved=3 dropped=1)
[AdaptiveDeploy] view1: hot-swap complete (delta=163ms)
[AdaptiveDeploy] view3: backlog preserved across hot-swap (moved=3 dropped=1)
[AdaptiveDeploy] view3: hot-swap complete (delta=49ms)
[AdaptiveDeploy] view2: backlog preserved across hot-swap (moved=1 dropped=0)
[AdaptiveDeploy] view2: hot-swap complete (delta=168ms)
[Executor] QoS-validate combo=cand_1 elapsed=3.1s V_postswap=0.238 V_cumulative=0.663 eps=1.0 backlog_slope=-0.14/s tail_drops={view1:39} service_rate=331.0fps (post-T_v)
[Executor] QoS-triggered advance: saturated: views ['view1'] still dropping in the last 1.0s (queue clipped at cap -> arrival>service); slope/V unreliable, advancing in combo=cand_1
[Executor] Starting schedule: cand_2
[Executor] Reusing existing viewer for schedule: cand_2 (adaptive=True, reactive=False)
[UnifiedViewer] Updating combination to: cand_2 (File: /home/msyu/PycharmProjects/fsrr-multimodel-scheduling/runs/20260728T090103Z_q13gpu_BoundGuard_r4/schedule_snapshot.yaml) adaptive=True reactive=False
[AdaptiveDeploy] view1: same device (gpu), keeping worker
[AdaptiveDeploy] view2: same device (gpu), keeping worker
[AdaptiveDeploy] view3: device changed (gpu -> cpu), hot-swapping
[AdaptiveDeploy] view3: new worker ready, switching queues
[ResnetImageFeeder] Swapped queue for view3
[AdaptiveDeploy] Transition complete. kept={'view1', 'view4', 'view2'}, swapped={'view3'}
[Executor] Adaptive: execution continues, hot-swap in progress
[Executor] QoS-trigger active: combo=cand_2 policy=validate eps=1.0 T_v=3.0s
[AdaptiveDeploy] view3: backlog preserved across hot-swap (moved=0 dropped=0)
[AdaptiveDeploy] view3: hot-swap complete (delta=25ms)
[Executor] QoS-validate combo=cand_2 elapsed=3.1s V_postswap=0.238 V_cumulative=0.467 eps=1.0 backlog_slope=-1.00/s tail_drops={view1:40} service_rate=330.4fps (post-T_v)
[Executor] QoS-triggered advance: saturated: views ['view1'] still dropping in the last 1.0s (queue clipped at cap -> arrival>service); slope/V unreliable, advancing in combo=cand_2
[Executor] Starting schedule: cand_3
[Executor] Reusing existing viewer for schedule: cand_3 (adaptive=True, reactive=False)
[UnifiedViewer] Updating combination to: cand_3 (File: /home/msyu/PycharmProjects/fsrr-multimodel-scheduling/runs/20260728T090103Z_q13gpu_BoundGuard_r4/schedule_snapshot.yaml) adaptive=True reactive=False
[AdaptiveDeploy] view1: device changed (gpu -> cpu), hot-swapping
[AdaptiveDeploy] view1: new worker ready, switching queues
[VideoFeeder] Swapped queue for view1
[AdaptiveDeploy] view2: same device (gpu), keeping worker
[AdaptiveDeploy] view3: device changed (cpu -> gpu), hot-swapping
[AdaptiveDeploy] view3: new worker ready, switching queues
[ResnetImageFeeder] Swapped queue for view3
[AdaptiveDeploy] Transition complete. kept={'view4', 'view2'}, swapped={'view1', 'view3'}
[Executor] Adaptive: execution continues, hot-swap in progress
[Executor] QoS-trigger active: combo=cand_3 policy=validate eps=1.0 T_v=3.0s
[AdaptiveDeploy] view1: backlog preserved across hot-swap (moved=0 dropped=0)
[AdaptiveDeploy] view1: hot-swap complete (delta=70ms)
[AdaptiveDeploy] view3: backlog preserved across hot-swap (moved=0 dropped=0)
[AdaptiveDeploy] view3: hot-swap complete (delta=24ms)
[Executor] QoS-validate combo=cand_3 elapsed=3.0s V_postswap=20.695 V_cumulative=22.790 eps=1.0 backlog_slope=-0.71/s tail_drops={view1:119} service_rate=252.4fps (post-T_v)
[Executor] QoS-triggered advance: saturated: views ['view1'] still dropping in the last 1.0s (queue clipped at cap -> arrival>service); slope/V unreliable, advancing in combo=cand_3
[Executor] Starting schedule: cand_4
[Executor] Reusing existing viewer for schedule: cand_4 (adaptive=True, reactive=False)
This plugin does not support raise()
This plugin does not support raise()
This plugin does not support raise()
This plugin does not support raise()
This plugin does not support raise()
This plugin does not support raise()
This plugin does not support raise()
[UnifiedViewer] Updating combination to: cand_4 (File: /home/msyu/PycharmProjects/fsrr-multimodel-scheduling/runs/20260728T090103Z_q13gpu_BoundGuard_r4/schedule_snapshot.yaml) adaptive=True reactive=False
[AdaptiveDeploy] view1: device changed (cpu -> gpu), hot-swapping
[AdaptiveDeploy] view1: new worker ready, switching queues
[VideoFeeder] Swapped queue for view1
[AdaptiveDeploy] view2: device changed (gpu -> cpu), hot-swapping
[AdaptiveDeploy] view2: new worker ready, switching queues
[ResnetImageFeeder] Swapped queue for view2
[AdaptiveDeploy] view3: same device (gpu), keeping worker
[AdaptiveDeploy] Transition complete. kept={'view4', 'view3'}, swapped={'view1', 'view2'}
[Executor] Adaptive: execution continues, hot-swap in progress
[Executor] QoS-trigger active: combo=cand_4 policy=validate eps=1.0 T_v=3.0s
[AdaptiveDeploy] view1: backlog preserved across hot-swap (moved=2 dropped=0)
[AdaptiveDeploy] view1: hot-swap complete (delta=202ms)
[AdaptiveDeploy] view2: backlog preserved across hot-swap (moved=0 dropped=0)
[AdaptiveDeploy] view2: hot-swap complete (delta=160ms)
[Executor] QoS-validate combo=cand_4 elapsed=3.1s V_postswap=6.343 V_cumulative=6.736 eps=1.0 backlog_slope=0.57/s tail_drops={view1:43,view2:105} service_rate=220.1fps (post-T_v)
[Executor] QoS-triggered advance: saturated: views ['view1', 'view2'] still dropping in the last 1.0s (queue clipped at cap -> arrival>service); slope/V unreliable, advancing in combo=cand_4
[Executor] Starting schedule: cand_5
[Executor] Reusing existing viewer for schedule: cand_5 (adaptive=True, reactive=False)
[UnifiedViewer] Updating combination to: cand_5 (File: /home/msyu/PycharmProjects/fsrr-multimodel-scheduling/runs/20260728T090103Z_q13gpu_BoundGuard_r4/schedule_snapshot.yaml) adaptive=True reactive=False
[AdaptiveDeploy] view1: device changed (gpu -> cpu), hot-swapping
[AdaptiveDeploy] view1: new worker ready, switching queues
[VideoFeeder] Swapped queue for view1
[AdaptiveDeploy] view2: device changed (cpu -> gpu), hot-swapping
[AdaptiveDeploy] view2: new worker ready, switching queues
[ResnetImageFeeder] Swapped queue for view2
[AdaptiveDeploy] view3: device changed (gpu -> cpu), hot-swapping
[AdaptiveDeploy] view3: new worker ready, switching queues
[ResnetImageFeeder] Swapped queue for view3
[AdaptiveDeploy] view3: backlog preserved across hot-swap (moved=2 dropped=0)
[AdaptiveDeploy] view3: hot-swap complete (delta=21ms)
[AdaptiveDeploy] Transition complete. kept={'view4'}, swapped={'view1', 'view3', 'view2'}
[Executor] Adaptive: execution continues, hot-swap in progress
[Executor] QoS-trigger active: combo=cand_5 policy=validate eps=1.0 T_v=3.0s
[AdaptiveDeploy] view1: backlog preserved across hot-swap (moved=0 dropped=2)
[AdaptiveDeploy] view1: hot-swap complete (delta=128ms)
[AdaptiveDeploy] view2: backlog preserved across hot-swap (moved=1 dropped=0)
[AdaptiveDeploy] view2: hot-swap complete (delta=108ms)
[Executor] QoS-validate combo=cand_5 elapsed=3.2s V_postswap=20.043 V_cumulative=19.098 eps=1.0 backlog_slope=0.14/s tail_drops={view1:117} service_rate=253.2fps (post-T_v)
[Executor] QoS-triggered advance: saturated: views ['view1'] still dropping in the last 1.0s (queue clipped at cap -> arrival>service); slope/V unreliable, advancing in combo=cand_5 (last candidate -> revert-to-best)
[Executor] exhausted -> revert to best (cand=cand_1, service_rate=331.0 fps); observations: cand_1=331.0fps, cand_2=330.4fps, cand_3=252.4fps, cand_4=220.1fps, cand_5=253.2fps
[UnifiedViewer] Updating combination to: cand_1 (File: /home/msyu/PycharmProjects/fsrr-multimodel-scheduling/runs/20260728T090103Z_q13gpu_BoundGuard_r4/schedule_snapshot.yaml) adaptive=True reactive=False
[AdaptiveDeploy] view1: device changed (cpu -> gpu), hot-swapping
[AdaptiveDeploy] view2: same device (gpu), keeping worker
[AdaptiveDeploy] view3: device changed (cpu -> gpu), hot-swapping
[AdaptiveDeploy] view1: new worker ready, switching queues
[VideoFeeder] Swapped queue for view1
[AdaptiveDeploy] view3: new worker ready, switching queues
[ResnetImageFeeder] Swapped queue for view3
[AdaptiveDeploy] Transition complete. kept={'view4', 'view2'}, swapped={'view1', 'view3'}
[Executor] reverted to best placement 'cand_1'; holding for 42s; V(t) monitoring continues.
[AdaptiveDeploy] view3: backlog preserved across hot-swap (moved=2 dropped=0)
[AdaptiveDeploy] view3: hot-swap complete (delta=23ms)
[AdaptiveDeploy] view1: backlog preserved across hot-swap (moved=2 dropped=0)
[AdaptiveDeploy] view1: hot-swap complete (delta=92ms)
[Shutdown] Throughput data saved to /home/msyu/PycharmProjects/fsrr-multimodel-scheduling/results/performance_20260728_180103.json
[Queue Drain] view1_output_queue: 0 items drained
[Queue Drain] view2_output_queue: 0 items drained
[Queue Drain] view3_result_queue: 0 items drained
[Queue Drain] view4_result_queue: 0 items drained
[Stop Execution] Model execution stopped, display window hidden; Info window remains open
[Executor] All combinations executed. Leaving windows open.
[Executor] Wrote results with best deployment: cand_1 (schedule: schedule_snapshot.yaml)
[Main] Auto mode: all combinations finished. Quitting application...
[Main] QApplication loop exited.
terminate called without an active exception
