This plugin does not support raise()
This plugin does not support propagateSizeHints()
This plugin does not support raise()
This plugin does not support raise()
This plugin does not support raise()
This plugin does not support raise()
This plugin does not support raise()
This plugin does not support raise()
This plugin does not support raise()
This plugin does not support raise()
This plugin does not support raise()
This plugin does not support raise()
This plugin does not support raise()
This plugin does not support raise()
This plugin does not support raise()
This plugin does not support raise()
This plugin does not support raise()
This plugin does not support raise()
[Executor] Initialized results file: /home/msyu/PycharmProjects/fsrr-multimodel-scheduling/results/performance_20260729_161115.json
[Executor] Starting execution from the first schedule. Results will be saved to /home/msyu/PycharmProjects/fsrr-multimodel-scheduling/results/performance_20260729_161115.json
[Executor] Starting schedule: combination_stable
[UnifiedViewer] model resolution self-check [schedule_snapshot.yaml]:
    combination_stable: yolo11x -> yolo11x
    combination_stable: yolo11l -> yolo11l
    combination_stable: yolo11m -> yolo11m
    combination_stable: resnet50 -> resnet50
    combination_burst: yolo11x -> yolo11x
    combination_burst: yolo11l -> yolo11l
    combination_burst: yolo11m -> yolo11m
    combination_burst: resnet50 -> resnet50
    cand_1: yolo11x -> yolo11x
    cand_1: yolo11l -> yolo11l
    cand_1: yolo11m -> yolo11m
    cand_1: resnet50 -> resnet50
    cand_2: yolo11x -> yolo11x
    cand_2: yolo11l -> yolo11l
    cand_2: yolo11m -> yolo11m
    cand_2: resnet50 -> resnet50
    cand_3: yolo11x -> yolo11x
    cand_3: yolo11l -> yolo11l
    cand_3: yolo11m -> yolo11m
    cand_3: resnet50 -> resnet50
    cand_4: yolo11x -> yolo11x
    cand_4: yolo11l -> yolo11l
    cand_4: yolo11m -> yolo11m
    cand_4: resnet50 -> resnet50
    cand_5: yolo11x -> yolo11x
    cand_5: yolo11l -> yolo11l
    cand_5: yolo11m -> yolo11m
    cand_5: resnet50 -> resnet50
[UnifiedViewer] Loaded model settings from /home/msyu/PycharmProjects/fsrr-multimodel-scheduling/runs/20260729T071114Z_q4_BoundGuard_r1/schedule_snapshot.yaml for combination_stable
Starting execution with duration: 16 seconds
[UnifiedViewer] Starting view1 with yolo11x on GPU (thread)
[UnifiedViewer] Starting view2 with yolo11l on GPU (thread)
[UnifiedViewer] Starting view3 with yolo11m on GPU (thread)
[UnifiedViewer] Starting view4 with resnet50 on GPU (thread)
[Executor] Starting schedule: combination_burst
[Executor] Reusing existing viewer for schedule: combination_burst (adaptive=True, reactive=False)
[UnifiedViewer] Updating combination to: combination_burst (File: /home/msyu/PycharmProjects/fsrr-multimodel-scheduling/runs/20260729T071114Z_q4_BoundGuard_r1/schedule_snapshot.yaml) adaptive=True reactive=False
[AdaptiveDeploy] view1: same device (gpu), keeping worker
[AdaptiveDeploy] view2: same device (gpu), keeping worker
[AdaptiveDeploy] view3: same device (gpu), keeping worker
[AdaptiveDeploy] view4: same device (gpu), keeping worker
[AdaptiveDeploy] Transition complete. kept={'view3', 'view1', 'view2', 'view4'}, swapped=set()
[Executor] Adaptive: execution continues, hot-swap in progress
[timed_shutdown] Cancelled (adaptive deploy transition in progress)
[Executor] Starting schedule: cand_1
[Executor] Reusing existing viewer for schedule: cand_1 (adaptive=True, reactive=False)
[UnifiedViewer] Updating combination to: cand_1 (File: /home/msyu/PycharmProjects/fsrr-multimodel-scheduling/runs/20260729T071114Z_q4_BoundGuard_r1/schedule_snapshot.yaml) adaptive=True reactive=False
[AdaptiveDeploy] view1: same device (gpu), keeping worker
[AdaptiveDeploy] view2: same device (gpu), keeping worker
[AdaptiveDeploy] view3: same device (gpu), keeping worker
[AdaptiveDeploy] view4: same device (gpu), keeping worker
[AdaptiveDeploy] Transition complete. kept={'view3', 'view1', 'view2', 'view4'}, swapped=set()
[Executor] Adaptive: execution continues, hot-swap in progress
[Executor] QoS-triggered advance: combo=cand_1 placement identical to the current (violating) placement; no transition to validate, auto-advancing
[Executor] Starting schedule: cand_2
[Executor] Reusing existing viewer for schedule: cand_2 (adaptive=True, reactive=False)
[UnifiedViewer] Updating combination to: cand_2 (File: /home/msyu/PycharmProjects/fsrr-multimodel-scheduling/runs/20260729T071114Z_q4_BoundGuard_r1/schedule_snapshot.yaml) adaptive=True reactive=False
[AdaptiveDeploy] view1: device changed (gpu -> cpu), hot-swapping
[AdaptiveDeploy] view1: new worker ready, switching queues
[VideoFeeder] Swapped queue for view1
[AdaptiveDeploy] view2: same device (gpu), keeping worker
[AdaptiveDeploy] view3: same device (gpu), keeping worker
[AdaptiveDeploy] view4: same device (gpu), keeping worker
[AdaptiveDeploy] Transition complete. kept={'view4', 'view2', 'view3'}, swapped={'view1'}
[Executor] Adaptive: execution continues, hot-swap in progress
[Executor] QoS-trigger active: combo=cand_2 policy=validate eps=1.0 T_v=3.0s
[AdaptiveDeploy] view1: backlog preserved across hot-swap (moved=300 dropped=0)
[AdaptiveDeploy] view1: hot-swap complete (delta=367ms)
[Executor] QoS-validate combo=cand_2 elapsed=3.0s V_postswap=421.470 V_cumulative=379.413 eps=1.0 backlog_slope=1.01/s tail_drops={view1:90,view2:24,view3:16} service_rate=229.9fps (post-T_v)
[Executor] QoS-triggered advance: saturated: views ['view1', 'view2', 'view3'] still dropping in the last 1.0s (queue clipped at cap -> arrival>service); slope/V unreliable, advancing in combo=cand_2
[Executor] Starting schedule: cand_3
[Executor] Reusing existing viewer for schedule: cand_3 (adaptive=True, reactive=False)
[UnifiedViewer] Updating combination to: cand_3 (File: /home/msyu/PycharmProjects/fsrr-multimodel-scheduling/runs/20260729T071114Z_q4_BoundGuard_r1/schedule_snapshot.yaml) adaptive=True reactive=False
[AdaptiveDeploy] view1: device changed (cpu -> gpu), hot-swapping
[AdaptiveDeploy] view2: same device (gpu), keeping worker
[AdaptiveDeploy] view3: device changed (gpu -> cpu), hot-swapping
[AdaptiveDeploy] view1: new worker ready, switching queues
[VideoFeeder] Swapped queue for view1
[AdaptiveDeploy] view4: same device (gpu), keeping worker
[AdaptiveDeploy] Transition complete. kept={'view2', 'view4'}, swapped={'view1', 'view3'}
[Executor] Adaptive: execution continues, hot-swap in progress
[AdaptiveDeploy] view3: new worker ready, switching queues
[VideoFeeder] Swapped queue for view3
[Executor] QoS-trigger active: combo=cand_3 policy=validate eps=1.0 T_v=3.0s
[AdaptiveDeploy] view3: backlog preserved across hot-swap (moved=301 dropped=5)
[AdaptiveDeploy] view3: hot-swap complete (delta=244ms)
[AdaptiveDeploy] view1: backlog preserved across hot-swap (moved=300 dropped=0)
[AdaptiveDeploy] view1: hot-swap complete (delta=1088ms)
[Executor] QoS-validate combo=cand_3 elapsed=3.2s V_postswap=485.642 V_cumulative=500.992 eps=1.0 backlog_slope=1.14/s tail_drops={view1:36,view2:36,view3:87} service_rate=197.0fps (post-T_v)
[Executor] QoS-triggered advance: saturated: views ['view1', 'view2', 'view3'] still dropping in the last 1.0s (queue clipped at cap -> arrival>service); slope/V unreliable, advancing in combo=cand_3
[Executor] Starting schedule: cand_4
[Executor] Reusing existing viewer for schedule: cand_4 (adaptive=True, reactive=False)
[UnifiedViewer] Updating combination to: cand_4 (File: /home/msyu/PycharmProjects/fsrr-multimodel-scheduling/runs/20260729T071114Z_q4_BoundGuard_r1/schedule_snapshot.yaml) adaptive=True reactive=False
[AdaptiveDeploy] view1: same device (gpu), keeping worker
[AdaptiveDeploy] view2: device changed (gpu -> cpu), hot-swapping
[AdaptiveDeploy] view2: new worker ready, switching queues
[VideoFeeder] Swapped queue for view2
[AdaptiveDeploy] view3: device changed (cpu -> gpu), hot-swapping
[AdaptiveDeploy] view3: new worker ready, switching queues
[VideoFeeder] Swapped queue for view3
[AdaptiveDeploy] view4: same device (gpu), keeping worker
[AdaptiveDeploy] Transition complete. kept={'view1', 'view4'}, swapped={'view2', 'view3'}
[Executor] Adaptive: execution continues, hot-swap in progress
[Executor] QoS-trigger active: combo=cand_4 policy=validate eps=1.0 T_v=3.0s
[AdaptiveDeploy] view2: backlog preserved across hot-swap (moved=299 dropped=0)
[AdaptiveDeploy] view2: hot-swap complete (delta=215ms)
[AdaptiveDeploy] view3: backlog preserved across hot-swap (moved=300 dropped=8)
[AdaptiveDeploy] view3: hot-swap complete (delta=209ms)
[Executor] QoS-validate combo=cand_4 elapsed=3.1s V_postswap=436.726 V_cumulative=585.651 eps=1.0 backlog_slope=0.57/s tail_drops={view1:39,view2:86,view3:29} service_rate=203.9fps (post-T_v)
This plugin does not support raise()
This plugin does not support raise()
This plugin does not support raise()
This plugin does not support raise()
[Executor] QoS-triggered advance: saturated: views ['view1', 'view2', 'view3'] still dropping in the last 1.0s (queue clipped at cap -> arrival>service); slope/V unreliable, advancing in combo=cand_4
[Executor] Starting schedule: cand_5
[Executor] Reusing existing viewer for schedule: cand_5 (adaptive=True, reactive=False)
[UnifiedViewer] Updating combination to: cand_5 (File: /home/msyu/PycharmProjects/fsrr-multimodel-scheduling/runs/20260729T071114Z_q4_BoundGuard_r1/schedule_snapshot.yaml) adaptive=True reactive=False
[AdaptiveDeploy] view1: same device (gpu), keeping worker
[AdaptiveDeploy] view2: device changed (cpu -> gpu), hot-swapping
[AdaptiveDeploy] view2: new worker ready, switching queues
[VideoFeeder] Swapped queue for view2
[AdaptiveDeploy] view3: same device (gpu), keeping worker
[AdaptiveDeploy] view4: device changed (gpu -> cpu), hot-swapping
[AdaptiveDeploy] Transition complete. kept={'view1', 'view3'}, swapped={'view2', 'view4'}
[Executor] Adaptive: execution continues, hot-swap in progress
[Executor] QoS-trigger active: combo=cand_5 policy=validate eps=1.0 T_v=3.0s
[AdaptiveDeploy] view4: new worker ready, switching queues
[ResnetImageFeeder] Swapped queue for view4
[AdaptiveDeploy] view4: backlog preserved across hot-swap (moved=5 dropped=0)
[AdaptiveDeploy] view4: hot-swap complete (delta=89ms)
[AdaptiveDeploy] view2: backlog preserved across hot-swap (moved=300 dropped=0)
[AdaptiveDeploy] view2: hot-swap complete (delta=155ms)
[Executor] QoS-validate combo=cand_5 elapsed=3.2s V_postswap=529.222 V_cumulative=542.527 eps=1.0 backlog_slope=72.48/s tail_drops={view1:43,view2:40,view3:31} service_rate=174.2fps (post-T_v)
[Executor] QoS-triggered advance: saturated: views ['view1', 'view2', 'view3'] still dropping in the last 1.0s (queue clipped at cap -> arrival>service); slope/V unreliable, advancing in combo=cand_5 (last candidate -> revert-to-best)
[Executor] exhausted -> revert to best (cand=cand_2, service_rate=229.9 fps); observations: cand_2=229.9fps, cand_3=197.0fps, cand_4=203.9fps, cand_5=174.2fps
[UnifiedViewer] Updating combination to: cand_2 (File: /home/msyu/PycharmProjects/fsrr-multimodel-scheduling/runs/20260729T071114Z_q4_BoundGuard_r1/schedule_snapshot.yaml) adaptive=True reactive=False
[AdaptiveDeploy] view1: device changed (gpu -> cpu), hot-swapping
[AdaptiveDeploy] view2: same device (gpu), keeping worker
[AdaptiveDeploy] view3: same device (gpu), keeping worker
[AdaptiveDeploy] view4: device changed (cpu -> gpu), hot-swapping
[AdaptiveDeploy] view1: new worker ready, switching queues
[VideoFeeder] Swapped queue for view1
[AdaptiveDeploy] Transition complete. kept={'view2', 'view3'}, swapped={'view1', 'view4'}
[Executor] reverted to best placement 'cand_2'; holding for 42s; V(t) monitoring continues.
[AdaptiveDeploy] view4: new worker ready, switching queues
[ResnetImageFeeder] Swapped queue for view4
[AdaptiveDeploy] view1: backlog preserved across hot-swap (moved=299 dropped=0)
[AdaptiveDeploy] view1: hot-swap complete (delta=391ms)
[AdaptiveDeploy] view4: backlog preserved across hot-swap (moved=240 dropped=0)
[AdaptiveDeploy] view4: hot-swap complete (delta=82ms)
[Shutdown] Throughput data saved to /home/msyu/PycharmProjects/fsrr-multimodel-scheduling/results/performance_20260729_161115.json
[Queue Drain] view1_output_queue: 0 items drained
[Queue Drain] view2_output_queue: 0 items drained
[Queue Drain] view3_result_queue: 0 items drained
[Queue Drain] view4_result_queue: 0 items drained
[Stop Execution] Model execution stopped, display window hidden; Info window remains open
[Executor] All combinations executed. Leaving windows open.
[Executor] Wrote results with best deployment: cand_2 (schedule: schedule_snapshot.yaml)
[Main] Auto mode: all combinations finished. Quitting application...
[Main] QApplication loop exited.
terminate called without an active exception
