This plugin does not support raise()
This plugin does not support propagateSizeHints()
This plugin does not support raise()
This plugin does not support raise()
This plugin does not support raise()
This plugin does not support raise()
This plugin does not support raise()
This plugin does not support raise()
This plugin does not support raise()
This plugin does not support raise()
This plugin does not support raise()
This plugin does not support raise()
This plugin does not support raise()
This plugin does not support raise()
This plugin does not support raise()
[Executor] Initialized results file: /home/msyu/PycharmProjects/fsrr-multimodel-scheduling/results/performance_20260728_175640.json
[Executor] Starting execution from the first schedule. Results will be saved to /home/msyu/PycharmProjects/fsrr-multimodel-scheduling/results/performance_20260728_175640.json
[Executor] Starting schedule: combination_stable
[UnifiedViewer] model resolution self-check [schedule_snapshot.yaml]:
    combination_stable: yolo11s -> yolo11s
    combination_stable: resnet50 -> resnet50
    combination_stable: mobilenet_v2 -> mobilenet_v2
    combination_burst: yolo11s -> yolo11s
    combination_burst: resnet50 -> resnet50
    combination_burst: mobilenet_v2 -> mobilenet_v2
    cand_1: yolo11s -> yolo11s
    cand_1: resnet50 -> resnet50
    cand_1: mobilenet_v2 -> mobilenet_v2
    cand_2: yolo11s -> yolo11s
    cand_2: resnet50 -> resnet50
    cand_2: mobilenet_v2 -> mobilenet_v2
    cand_3: yolo11s -> yolo11s
    cand_3: resnet50 -> resnet50
    cand_3: mobilenet_v2 -> mobilenet_v2
    cand_4: yolo11s -> yolo11s
    cand_4: resnet50 -> resnet50
    cand_4: mobilenet_v2 -> mobilenet_v2
    cand_5: yolo11s -> yolo11s
    cand_5: resnet50 -> resnet50
    cand_5: mobilenet_v2 -> mobilenet_v2
[UnifiedViewer] view4 not used in this combination (no model assigned) [schedule_snapshot.yaml]
[UnifiedViewer] Loaded model settings from /home/msyu/PycharmProjects/fsrr-multimodel-scheduling/runs/20260728T085640Z_q13gpu_BoundGuard_r1/schedule_snapshot.yaml for combination_stable
Starting execution with duration: 16 seconds
[UnifiedViewer] Starting view1 with yolo11s on GPU (thread)
[UnifiedViewer] Starting view2 with resnet50 on GPU (thread)
[UnifiedViewer] Starting view3 with mobilenet_v2 on GPU (thread)
[UnifiedViewer] Skipping worker start for view4: no model assigned
[Executor] Starting schedule: combination_burst
[Executor] Reusing existing viewer for schedule: combination_burst (adaptive=True, reactive=False)
[UnifiedViewer] Updating combination to: combination_burst (File: /home/msyu/PycharmProjects/fsrr-multimodel-scheduling/runs/20260728T085640Z_q13gpu_BoundGuard_r1/schedule_snapshot.yaml) adaptive=True reactive=False
[AdaptiveDeploy] view1: device changed (gpu -> cpu), hot-swapping
[AdaptiveDeploy] view1: new worker ready, switching queues
[VideoFeeder] Swapped queue for view1
[AdaptiveDeploy] view2: device changed (gpu -> cpu), hot-swapping
[AdaptiveDeploy] view3: device changed (gpu -> cpu), hot-swapping
[AdaptiveDeploy] view2: new worker ready, switching queues
[ResnetImageFeeder] Swapped queue for view2
[AdaptiveDeploy] view3: new worker ready, switching queues
[ResnetImageFeeder] Swapped queue for view3
[AdaptiveDeploy] Transition complete. kept={'view4'}, swapped={'view3', 'view2', 'view1'}
[Executor] Adaptive: execution continues, hot-swap in progress
[AdaptiveDeploy] view3: backlog preserved across hot-swap (moved=1 dropped=0)
[AdaptiveDeploy] view3: hot-swap complete (delta=32ms)
[timed_shutdown] Cancelled (adaptive deploy transition in progress)
[AdaptiveDeploy] view1: backlog preserved across hot-swap (moved=0 dropped=0)
[AdaptiveDeploy] view1: hot-swap complete (delta=959ms)
[AdaptiveDeploy] view2: backlog preserved across hot-swap (moved=0 dropped=0)
[AdaptiveDeploy] view2: hot-swap complete (delta=905ms)
[Executor] Starting schedule: cand_1
[Executor] Reusing existing viewer for schedule: cand_1 (adaptive=True, reactive=False)
[UnifiedViewer] Updating combination to: cand_1 (File: /home/msyu/PycharmProjects/fsrr-multimodel-scheduling/runs/20260728T085640Z_q13gpu_BoundGuard_r1/schedule_snapshot.yaml) adaptive=True reactive=False
[AdaptiveDeploy] view1: device changed (cpu -> gpu), hot-swapping
[AdaptiveDeploy] view1: new worker ready, switching queues
[VideoFeeder] Swapped queue for view1
[AdaptiveDeploy] view2: device changed (cpu -> gpu), hot-swapping
[AdaptiveDeploy] view3: device changed (cpu -> gpu), hot-swapping
[AdaptiveDeploy] view2: new worker ready, switching queues
[ResnetImageFeeder] Swapped queue for view2
[AdaptiveDeploy] Transition complete. kept={'view4'}, swapped={'view3', 'view2', 'view1'}
[Executor] Adaptive: execution continues, hot-swap in progress
[AdaptiveDeploy] view2: backlog preserved across hot-swap (moved=2 dropped=0)
[AdaptiveDeploy] view2: hot-swap complete (delta=110ms)
[Executor] QoS-trigger active: combo=cand_1 policy=validate eps=1.0 T_v=3.0s
[AdaptiveDeploy] view3: new worker ready, switching queues
[ResnetImageFeeder] Swapped queue for view3
[AdaptiveDeploy] view1: backlog preserved across hot-swap (moved=2 dropped=0)
[AdaptiveDeploy] view1: hot-swap complete (delta=169ms)
[AdaptiveDeploy] view3: backlog preserved across hot-swap (moved=2 dropped=0)
[AdaptiveDeploy] view3: hot-swap complete (delta=43ms)
[Executor] QoS-validate combo=cand_1 elapsed=3.1s V_postswap=0.213 V_cumulative=0.712 eps=1.0 backlog_slope=0.71/s tail_drops={view1:43} service_rate=327.0fps (post-T_v)
[Executor] QoS-triggered advance: saturated: views ['view1'] still dropping in the last 1.0s (queue clipped at cap -> arrival>service); slope/V unreliable, advancing in combo=cand_1
[Executor] Starting schedule: cand_2
[Executor] Reusing existing viewer for schedule: cand_2 (adaptive=True, reactive=False)
[UnifiedViewer] Updating combination to: cand_2 (File: /home/msyu/PycharmProjects/fsrr-multimodel-scheduling/runs/20260728T085640Z_q13gpu_BoundGuard_r1/schedule_snapshot.yaml) adaptive=True reactive=False
[AdaptiveDeploy] view1: same device (gpu), keeping worker
[AdaptiveDeploy] view2: same device (gpu), keeping worker
[AdaptiveDeploy] view3: device changed (gpu -> cpu), hot-swapping
[AdaptiveDeploy] view3: new worker ready, switching queues
[ResnetImageFeeder] Swapped queue for view3
[AdaptiveDeploy] Transition complete. kept={'view2', 'view1', 'view4'}, swapped={'view3'}
[Executor] Adaptive: execution continues, hot-swap in progress
[Executor] QoS-trigger active: combo=cand_2 policy=validate eps=1.0 T_v=3.0s
[AdaptiveDeploy] view3: backlog preserved across hot-swap (moved=1 dropped=0)
[AdaptiveDeploy] view3: hot-swap complete (delta=1004ms)
[Executor] QoS-validate combo=cand_2 elapsed=3.1s V_postswap=0.214 V_cumulative=0.493 eps=1.0 backlog_slope=0.57/s tail_drops={view1:43} service_rate=325.5fps (post-T_v)
[Executor] QoS-triggered advance: saturated: views ['view1'] still dropping in the last 1.0s (queue clipped at cap -> arrival>service); slope/V unreliable, advancing in combo=cand_2
[Executor] Starting schedule: cand_3
[Executor] Reusing existing viewer for schedule: cand_3 (adaptive=True, reactive=False)
[UnifiedViewer] Updating combination to: cand_3 (File: /home/msyu/PycharmProjects/fsrr-multimodel-scheduling/runs/20260728T085640Z_q13gpu_BoundGuard_r1/schedule_snapshot.yaml) adaptive=True reactive=False
[AdaptiveDeploy] view1: device changed (gpu -> cpu), hot-swapping
[AdaptiveDeploy] view2: same device (gpu), keeping worker
[AdaptiveDeploy] view3: device changed (cpu -> gpu), hot-swapping
[AdaptiveDeploy] view1: new worker ready, switching queues
[VideoFeeder] Swapped queue for view1
[AdaptiveDeploy] view3: new worker ready, switching queues
[ResnetImageFeeder] Swapped queue for view3
[AdaptiveDeploy] Transition complete. kept={'view2', 'view4'}, swapped={'view3', 'view1'}
[Executor] Adaptive: execution continues, hot-swap in progress
[Executor] QoS-trigger active: combo=cand_3 policy=validate eps=1.0 T_v=3.0s
[AdaptiveDeploy] view1: backlog preserved across hot-swap (moved=1 dropped=0)
[AdaptiveDeploy] view1: hot-swap complete (delta=71ms)
[AdaptiveDeploy] view3: backlog preserved across hot-swap (moved=1 dropped=0)
[AdaptiveDeploy] view3: hot-swap complete (delta=25ms)
[Executor] QoS-validate combo=cand_3 elapsed=3.0s V_postswap=20.680 V_cumulative=18.949 eps=1.0 backlog_slope=0.71/s tail_drops={view1:118} service_rate=249.8fps (post-T_v)
[Executor] QoS-triggered advance: saturated: views ['view1'] still dropping in the last 1.0s (queue clipped at cap -> arrival>service); slope/V unreliable, advancing in combo=cand_3
[Executor] Starting schedule: cand_4
[Executor] Reusing existing viewer for schedule: cand_4 (adaptive=True, reactive=False)
This plugin does not support raise()
This plugin does not support raise()
This plugin does not support raise()
This plugin does not support raise()
This plugin does not support raise()
This plugin does not support raise()
This plugin does not support raise()
[UnifiedViewer] Updating combination to: cand_4 (File: /home/msyu/PycharmProjects/fsrr-multimodel-scheduling/runs/20260728T085640Z_q13gpu_BoundGuard_r1/schedule_snapshot.yaml) adaptive=True reactive=False
[AdaptiveDeploy] view1: device changed (cpu -> gpu), hot-swapping
[AdaptiveDeploy] view2: device changed (gpu -> cpu), hot-swapping
[AdaptiveDeploy] view1: new worker ready, switching queues
[VideoFeeder] Swapped queue for view1
[AdaptiveDeploy] view2: new worker ready, switching queues
[ResnetImageFeeder] Swapped queue for view2
[AdaptiveDeploy] view3: same device (gpu), keeping worker
[AdaptiveDeploy] Transition complete. kept={'view3', 'view4'}, swapped={'view2', 'view1'}
[Executor] Adaptive: execution continues, hot-swap in progress
[Executor] QoS-trigger active: combo=cand_4 policy=validate eps=1.0 T_v=3.0s
[AdaptiveDeploy] view2: backlog preserved across hot-swap (moved=0 dropped=0)
[AdaptiveDeploy] view2: hot-swap complete (delta=172ms)
[AdaptiveDeploy] view1: backlog preserved across hot-swap (moved=2 dropped=0)
[AdaptiveDeploy] view1: hot-swap complete (delta=188ms)
[Executor] QoS-validate combo=cand_4 elapsed=3.1s V_postswap=6.304 V_cumulative=7.875 eps=1.0 backlog_slope=0.14/s tail_drops={view1:42,view2:105} service_rate=222.0fps (post-T_v)
[Executor] QoS-triggered advance: saturated: views ['view1', 'view2'] still dropping in the last 1.0s (queue clipped at cap -> arrival>service); slope/V unreliable, advancing in combo=cand_4
[Executor] Starting schedule: cand_5
[Executor] Reusing existing viewer for schedule: cand_5 (adaptive=True, reactive=False)
[UnifiedViewer] Updating combination to: cand_5 (File: /home/msyu/PycharmProjects/fsrr-multimodel-scheduling/runs/20260728T085640Z_q13gpu_BoundGuard_r1/schedule_snapshot.yaml) adaptive=True reactive=False
[AdaptiveDeploy] view1: device changed (gpu -> cpu), hot-swapping
[AdaptiveDeploy] view2: device changed (cpu -> gpu), hot-swapping
[AdaptiveDeploy] view1: new worker ready, switching queues
[VideoFeeder] Swapped queue for view1
[AdaptiveDeploy] view2: new worker ready, switching queues
[ResnetImageFeeder] Swapped queue for view2
[AdaptiveDeploy] view3: device changed (gpu -> cpu), hot-swapping
[AdaptiveDeploy] view3: new worker ready, switching queues
[ResnetImageFeeder] Swapped queue for view3
[AdaptiveDeploy] Transition complete. kept={'view4'}, swapped={'view3', 'view2', 'view1'}
[Executor] Adaptive: execution continues, hot-swap in progress
[AdaptiveDeploy] view2: backlog preserved across hot-swap (moved=2 dropped=0)
[AdaptiveDeploy] view2: hot-swap complete (delta=71ms)
[Executor] QoS-trigger active: combo=cand_5 policy=validate eps=1.0 T_v=3.0s
[AdaptiveDeploy] view3: backlog preserved across hot-swap (moved=3 dropped=0)
[AdaptiveDeploy] view3: hot-swap complete (delta=29ms)
[AdaptiveDeploy] view1: backlog preserved across hot-swap (moved=0 dropped=0)
[AdaptiveDeploy] view1: hot-swap complete (delta=989ms)
[Executor] QoS-validate combo=cand_5 elapsed=3.2s V_postswap=20.805 V_cumulative=22.829 eps=1.0 backlog_slope=0.00/s tail_drops={view1:118} service_rate=252.0fps (post-T_v)
[Executor] QoS-triggered advance: saturated: views ['view1'] still dropping in the last 1.0s (queue clipped at cap -> arrival>service); slope/V unreliable, advancing in combo=cand_5 (last candidate -> revert-to-best)
[Executor] exhausted -> revert to best (cand=cand_1, service_rate=327.0 fps); observations: cand_1=327.0fps, cand_2=325.5fps, cand_3=249.8fps, cand_4=222.0fps, cand_5=252.0fps
[UnifiedViewer] Updating combination to: cand_1 (File: /home/msyu/PycharmProjects/fsrr-multimodel-scheduling/runs/20260728T085640Z_q13gpu_BoundGuard_r1/schedule_snapshot.yaml) adaptive=True reactive=False
[AdaptiveDeploy] view1: device changed (cpu -> gpu), hot-swapping
[AdaptiveDeploy] view2: same device (gpu), keeping worker
[AdaptiveDeploy] view3: device changed (cpu -> gpu), hot-swapping
[AdaptiveDeploy] view1: new worker ready, switching queues
[VideoFeeder] Swapped queue for view1
[AdaptiveDeploy] view3: new worker ready, switching queues
[ResnetImageFeeder] Swapped queue for view3
[AdaptiveDeploy] Transition complete. kept={'view2', 'view4'}, swapped={'view3', 'view1'}
[Executor] reverted to best placement 'cand_1'; holding for 42s; V(t) monitoring continues.
[AdaptiveDeploy] view3: backlog preserved across hot-swap (moved=1 dropped=0)
[AdaptiveDeploy] view3: hot-swap complete (delta=24ms)
[AdaptiveDeploy] view1: backlog preserved across hot-swap (moved=2 dropped=0)
[AdaptiveDeploy] view1: hot-swap complete (delta=53ms)
[Shutdown] Throughput data saved to /home/msyu/PycharmProjects/fsrr-multimodel-scheduling/results/performance_20260728_175640.json
[Queue Drain] view1_output_queue: 0 items drained
[Queue Drain] view2_output_queue: 0 items drained
[Queue Drain] view3_result_queue: 0 items drained
[Queue Drain] view4_result_queue: 0 items drained
[Stop Execution] Model execution stopped, display window hidden; Info window remains open
[Executor] All combinations executed. Leaving windows open.
[Executor] Wrote results with best deployment: cand_1 (schedule: schedule_snapshot.yaml)
[Main] Auto mode: all combinations finished. Quitting application...
[Main] QApplication loop exited.
terminate called without an active exception
