This plugin does not support raise()
This plugin does not support propagateSizeHints()
This plugin does not support raise()
I0728 20:40:38.512 351686 model_impl.cc:1025] Model constructed. (models/mobilint/yolo11s.mxq) 
I0728 20:40:38.523 351686 model_impl.cc:1357] Model launched.
I0728 20:40:38.527 351688 model_impl.cc:1025] Model constructed. (models/mobilint/mobilenet_v2.mxq) 
I0728 20:40:38.531 351688 model_impl.cc:1357] Model launched.
I0728 20:40:38.538 351687 model_impl.cc:1025] Model constructed. (models/mobilint/resnet50.mxq) 
I0728 20:40:38.552 351687 model_impl.cc:1357] Model launched.
This plugin does not support raise()
This plugin does not support raise()
This plugin does not support raise()
I0728 20:40:53.406 351687 model_impl.cc:1376] Model disposed.
I0728 20:40:53.408 351688 model_impl.cc:1376] Model disposed.
I0728 20:40:53.417 351686 model_impl.cc:1376] Model disposed.
I0728 20:41:04.251 351831 model_impl.cc:1025] Model constructed. (models/mobilint/yolo11s.mxq) 
I0728 20:41:04.259 351834 model_impl.cc:1025] Model constructed. (models/mobilint/resnet50.mxq) 
I0728 20:41:04.270 351831 model_impl.cc:1357] Model launched.
I0728 20:41:04.284 351834 model_impl.cc:1357] Model launched.
I0728 20:41:04.288 351844 model_impl.cc:1025] Model constructed. (models/mobilint/mobilenet_v2.mxq) 
I0728 20:41:04.291 351844 model_impl.cc:1357] Model launched.
This plugin does not support raise()
This plugin does not support raise()
This plugin does not support raise()
I0728 20:43:09.856 351844 model_impl.cc:1376] Model disposed.
I0728 20:43:09.872 351834 model_impl.cc:1376] Model disposed.
I0728 20:43:10.844 351831 model_impl.cc:1376] Model disposed.
[Executor] Initialized results file: /home/msyu/PycharmProjects/fsrr-multimodel-scheduling/results/performance_20260728_204037.json
[Executor] Starting execution from the first schedule. Results will be saved to /home/msyu/PycharmProjects/fsrr-multimodel-scheduling/results/performance_20260728_204037.json
[Executor] Starting schedule: combination_stable
[UnifiedViewer] model resolution self-check [schedule_snapshot.yaml]:
    combination_stable: yolo11s -> yolo11s
    combination_stable: resnet50 -> resnet50
    combination_stable: mobilenet_v2 -> mobilenet_v2
    combination_burst: yolo11s -> yolo11s
    combination_burst: resnet50 -> resnet50
    combination_burst: mobilenet_v2 -> mobilenet_v2
    cand_1: yolo11s -> yolo11s
    cand_1: resnet50 -> resnet50
    cand_1: mobilenet_v2 -> mobilenet_v2
    cand_2: yolo11s -> yolo11s
    cand_2: resnet50 -> resnet50
    cand_2: mobilenet_v2 -> mobilenet_v2
    cand_3: yolo11s -> yolo11s
    cand_3: resnet50 -> resnet50
    cand_3: mobilenet_v2 -> mobilenet_v2
    cand_4: yolo11s -> yolo11s
    cand_4: resnet50 -> resnet50
    cand_4: mobilenet_v2 -> mobilenet_v2
    cand_5: yolo11s -> yolo11s
    cand_5: resnet50 -> resnet50
    cand_5: mobilenet_v2 -> mobilenet_v2
[UnifiedViewer] view4 not used in this combination (no model assigned) [schedule_snapshot.yaml]
[UnifiedViewer] Loaded model settings from /home/msyu/PycharmProjects/fsrr-multimodel-scheduling/runs/20260728T114037Z_q13npuV2_BoundGuard_r3/schedule_snapshot.yaml for combination_stable
Starting execution with duration: 16 seconds
[UnifiedViewer] Starting view1 with yolo11s on NPU (thread)
[UnifiedViewer] Starting view2 with resnet50 on NPU (thread)
[UnifiedViewer] Starting view3 with mobilenet_v2 on NPU (thread)
[UnifiedViewer] Skipping worker start for view4: no model assigned
[Executor] Starting schedule: combination_burst
[Executor] Reusing existing viewer for schedule: combination_burst (adaptive=True, reactive=False)
[UnifiedViewer] Updating combination to: combination_burst (File: /home/msyu/PycharmProjects/fsrr-multimodel-scheduling/runs/20260728T114037Z_q13npuV2_BoundGuard_r3/schedule_snapshot.yaml) adaptive=True reactive=False
[AdaptiveDeploy] view1: device changed (npu -> cpu), hot-swapping
[AdaptiveDeploy] view2: device changed (npu -> cpu), hot-swapping
[AdaptiveDeploy] view1: new worker ready, switching queues
[VideoFeeder] Swapped queue for view1
[AdaptiveDeploy] view3: device changed (npu -> cpu), hot-swapping
[AdaptiveDeploy] view2: new worker ready, switching queues
[ResnetImageFeeder] Swapped queue for view2
[AdaptiveDeploy] view3: new worker ready, switching queues
[ResnetImageFeeder] Swapped queue for view3
[AdaptiveDeploy] Transition complete. kept={'view4'}, swapped={'view1', 'view2', 'view3'}
[Executor] Adaptive: execution continues, hot-swap in progress
[AdaptiveDeploy] view2: backlog preserved across hot-swap (moved=2 dropped=0)
[AdaptiveDeploy] view2: hot-swap complete (delta=181ms)
[AdaptiveDeploy] view3: backlog preserved across hot-swap (moved=0 dropped=0)
[AdaptiveDeploy] view3: hot-swap complete (delta=32ms)
[AdaptiveDeploy] view1: backlog preserved across hot-swap (moved=0 dropped=1)
[AdaptiveDeploy] view1: hot-swap complete (delta=301ms)
[timed_shutdown] Cancelled (adaptive deploy transition in progress)
[Executor] Starting schedule: cand_1
[Executor] Reusing existing viewer for schedule: cand_1 (adaptive=True, reactive=False)
[UnifiedViewer] Updating combination to: cand_1 (File: /home/msyu/PycharmProjects/fsrr-multimodel-scheduling/runs/20260728T114037Z_q13npuV2_BoundGuard_r3/schedule_snapshot.yaml) adaptive=True reactive=False
[AdaptiveDeploy] view1: device changed (cpu -> npu), hot-swapping
[AdaptiveDeploy] view2: device changed (cpu -> npu), hot-swapping
[AdaptiveDeploy] view3: device changed (cpu -> npu), hot-swapping
[AdaptiveDeploy] view3: new worker ready, switching queues
[ResnetImageFeeder] Swapped queue for view3
[AdaptiveDeploy] view2: new worker ready, switching queues
[ResnetImageFeeder] Swapped queue for view2
[AdaptiveDeploy] view1: new worker ready, switching queues
[VideoFeeder] Swapped queue for view1
[AdaptiveDeploy] Transition complete. kept={'view4'}, swapped={'view1', 'view2', 'view3'}
[Executor] Adaptive: execution continues, hot-swap in progress
[Executor] QoS-trigger active: combo=cand_1 policy=validate eps=1.0 T_v=3.0s
[AdaptiveDeploy] view1: backlog preserved across hot-swap (moved=2 dropped=0)
[AdaptiveDeploy] view1: hot-swap complete (delta=171ms)
[AdaptiveDeploy] view2: backlog preserved across hot-swap (moved=2 dropped=2)
[AdaptiveDeploy] view2: hot-swap complete (delta=122ms)
[AdaptiveDeploy] view3: backlog preserved across hot-swap (moved=0 dropped=0)
[AdaptiveDeploy] view3: hot-swap complete (delta=866ms)
[Executor] QoS-validate combo=cand_1 elapsed=3.2s V_postswap=0.000 V_cumulative=0.023 eps=1.0 backlog_slope=-0.71/s tail_drops={none} service_rate=136.0fps (post-T_v)
[Executor] QoS-trigger: combo=cand_1 validated (V(t)=0.000 <= eps=1.0); committing.
[Executor] commit-and-stay: committed 'cand_1'; skipping cand_2..cand_5 (4 phases); holding committed placement for 122s; V(t) monitoring continues.
[Shutdown] Throughput data saved to /home/msyu/PycharmProjects/fsrr-multimodel-scheduling/results/performance_20260728_204037.json
[Queue Drain] view1_output_queue: 0 items drained
[Queue Drain] view2_output_queue: 0 items drained
[Queue Drain] view3_result_queue: 0 items drained
[Queue Drain] view4_result_queue: 0 items drained
[Stop Execution] Model execution stopped, display window hidden; Info window remains open
[Executor] All combinations executed. Leaving windows open.
[Executor] Wrote results with best deployment: cand_1 (schedule: schedule_snapshot.yaml)
[Main] Auto mode: all combinations finished. Quitting application...
[Main] QApplication loop exited.
