This plugin does not support raise()
This plugin does not support propagateSizeHints()
This plugin does not support raise()
This plugin does not support raise()
This plugin does not support raise()
This plugin does not support raise()
This plugin does not support raise()
This plugin does not support raise()
This plugin does not support raise()
This plugin does not support raise()
This plugin does not support raise()
This plugin does not support raise()
This plugin does not support raise()
This plugin does not support raise()
This plugin does not support raise()
This plugin does not support raise()
This plugin does not support raise()
This plugin does not support raise()
[Executor] Initialized results file: /home/msyu/PycharmProjects/fsrr-multimodel-scheduling/results/performance_20260729_153656.json
[Executor] Starting execution from the first schedule. Results will be saved to /home/msyu/PycharmProjects/fsrr-multimodel-scheduling/results/performance_20260729_153656.json
[Executor] Starting schedule: combination_stable
[UnifiedViewer] model resolution self-check [schedule_snapshot.yaml]:
    combination_stable: yolo11s -> yolo11s
    combination_stable: resnet50 -> resnet50
    combination_stable: mobilenet_v2 -> mobilenet_v2
    combination_burst: yolo11s -> yolo11s
    combination_burst: resnet50 -> resnet50
    combination_burst: mobilenet_v2 -> mobilenet_v2
    cand_1: yolo11s -> yolo11s
    cand_1: resnet50 -> resnet50
    cand_1: mobilenet_v2 -> mobilenet_v2
    cand_2: yolo11s -> yolo11s
    cand_2: resnet50 -> resnet50
    cand_2: mobilenet_v2 -> mobilenet_v2
    cand_3: yolo11s -> yolo11s
    cand_3: resnet50 -> resnet50
    cand_3: mobilenet_v2 -> mobilenet_v2
    cand_4: yolo11s -> yolo11s
    cand_4: resnet50 -> resnet50
    cand_4: mobilenet_v2 -> mobilenet_v2
    cand_5: yolo11s -> yolo11s
    cand_5: resnet50 -> resnet50
    cand_5: mobilenet_v2 -> mobilenet_v2
[UnifiedViewer] view4 not used in this combination (no model assigned) [schedule_snapshot.yaml]
[UnifiedViewer] Loaded model settings from /home/msyu/PycharmProjects/fsrr-multimodel-scheduling/runs/20260729T063656Z_q4b_A_r4/schedule_snapshot.yaml for combination_stable
Starting execution with duration: 16 seconds
[UnifiedViewer] Starting view1 with yolo11s on GPU (thread)
[UnifiedViewer] Starting view2 with resnet50 on GPU (thread)
[UnifiedViewer] Starting view3 with mobilenet_v2 on GPU (thread)
[UnifiedViewer] Skipping worker start for view4: no model assigned
[Executor] Starting schedule: combination_burst
[Executor] Reusing existing viewer for schedule: combination_burst (adaptive=True, reactive=False)
[UnifiedViewer] Updating combination to: combination_burst (File: /home/msyu/PycharmProjects/fsrr-multimodel-scheduling/runs/20260729T063656Z_q4b_A_r4/schedule_snapshot.yaml) adaptive=True reactive=False
[AdaptiveDeploy] view1: device changed (gpu -> cpu), hot-swapping
[AdaptiveDeploy] view1: new worker ready, switching queues
[VideoFeeder] Swapped queue for view1
[AdaptiveDeploy] view2: device changed (gpu -> cpu), hot-swapping
[AdaptiveDeploy] view2: new worker ready, switching queues
[ResnetImageFeeder] Swapped queue for view2
[AdaptiveDeploy] view3: device changed (gpu -> cpu), hot-swapping
[AdaptiveDeploy] view2: backlog preserved across hot-swap (moved=2 dropped=0)
[AdaptiveDeploy] view2: hot-swap complete (delta=176ms)
[AdaptiveDeploy] view3: new worker ready, switching queues
[ResnetImageFeeder] Swapped queue for view3
[AdaptiveDeploy] Transition complete. kept={'view4'}, swapped={'view1', 'view2', 'view3'}
[Executor] Adaptive: execution continues, hot-swap in progress
[timed_shutdown] Cancelled (adaptive deploy transition in progress)
[AdaptiveDeploy] view1: backlog preserved across hot-swap (moved=0 dropped=0)
[AdaptiveDeploy] view1: hot-swap complete (delta=1005ms)
[AdaptiveDeploy] view3: backlog preserved across hot-swap (moved=0 dropped=0)
[AdaptiveDeploy] view3: hot-swap complete (delta=1014ms)
[Executor] Starting schedule: cand_1
[Executor] Reusing existing viewer for schedule: cand_1 (adaptive=True, reactive=False)
[UnifiedViewer] Updating combination to: cand_1 (File: /home/msyu/PycharmProjects/fsrr-multimodel-scheduling/runs/20260729T063656Z_q4b_A_r4/schedule_snapshot.yaml) adaptive=True reactive=False
[AdaptiveDeploy] view1: device changed (cpu -> gpu), hot-swapping
[AdaptiveDeploy] view1: new worker ready, switching queues
[VideoFeeder] Swapped queue for view1
[AdaptiveDeploy] view2: device changed (cpu -> gpu), hot-swapping
[AdaptiveDeploy] view3: device changed (cpu -> gpu), hot-swapping
[AdaptiveDeploy] view2: new worker ready, switching queues
[ResnetImageFeeder] Swapped queue for view2
[AdaptiveDeploy] view3: new worker ready, switching queues
[ResnetImageFeeder] Swapped queue for view3
[AdaptiveDeploy] Transition complete. kept={'view4'}, swapped={'view1', 'view2', 'view3'}
[Executor] Adaptive: execution continues, hot-swap in progress
[AdaptiveDeploy] view1: backlog preserved across hot-swap (moved=2 dropped=2)
[AdaptiveDeploy] view1: hot-swap complete (delta=156ms)
[Executor] QoS-trigger active: combo=cand_1 policy=v-above eps=1.0 T_v=3.0s
[AdaptiveDeploy] view3: backlog preserved across hot-swap (moved=2 dropped=0)
[AdaptiveDeploy] view3: hot-swap complete (delta=39ms)
[AdaptiveDeploy] view2: backlog preserved across hot-swap (moved=3 dropped=0)
[AdaptiveDeploy] view2: hot-swap complete (delta=162ms)
[Executor] QoS-poll combo=cand_1 elapsed=0.2s V(t)=1.496 eps=1.0
[Executor] QoS-triggered advance: no-dwell: V(t)=1.496 > eps=1.0 in combo=cand_1 (svc_rate=72.9fps, no T_v observation)
[Executor] Starting schedule: cand_2
[Executor] Reusing existing viewer for schedule: cand_2 (adaptive=True, reactive=False)
[UnifiedViewer] Updating combination to: cand_2 (File: /home/msyu/PycharmProjects/fsrr-multimodel-scheduling/runs/20260729T063656Z_q4b_A_r4/schedule_snapshot.yaml) adaptive=True reactive=False
[AdaptiveDeploy] view1: same device (gpu), keeping worker
[AdaptiveDeploy] view2: same device (gpu), keeping worker
[AdaptiveDeploy] view3: device changed (gpu -> cpu), hot-swapping
[AdaptiveDeploy] view3: new worker ready, switching queues
[ResnetImageFeeder] Swapped queue for view3
[AdaptiveDeploy] Transition complete. kept={'view1', 'view2', 'view4'}, swapped={'view3'}
[Executor] Adaptive: execution continues, hot-swap in progress
[Executor] QoS-trigger active: combo=cand_2 policy=v-above eps=1.0 T_v=3.0s
[AdaptiveDeploy] view3: backlog preserved across hot-swap (moved=1 dropped=0)
[AdaptiveDeploy] view3: hot-swap complete (delta=23ms)
[Executor] QoS-poll combo=cand_2 elapsed=0.2s V(t)=7.902 eps=1.0
[Executor] QoS-triggered advance: no-dwell: V(t)=7.902 > eps=1.0 in combo=cand_2 (svc_rate=75.9fps, no T_v observation)
[Executor] Starting schedule: cand_3
[Executor] Reusing existing viewer for schedule: cand_3 (adaptive=True, reactive=False)
[UnifiedViewer] Updating combination to: cand_3 (File: /home/msyu/PycharmProjects/fsrr-multimodel-scheduling/runs/20260729T063656Z_q4b_A_r4/schedule_snapshot.yaml) adaptive=True reactive=False
[AdaptiveDeploy] view1: device changed (gpu -> cpu), hot-swapping
[AdaptiveDeploy] view1: new worker ready, switching queues
[VideoFeeder] Swapped queue for view1
[AdaptiveDeploy] view2: same device (gpu), keeping worker
[AdaptiveDeploy] view3: device changed (cpu -> gpu), hot-swapping
[AdaptiveDeploy] view3: new worker ready, switching queues
[ResnetImageFeeder] Swapped queue for view3
[AdaptiveDeploy] Transition complete. kept={'view2', 'view4'}, swapped={'view1', 'view3'}
[Executor] Adaptive: execution continues, hot-swap in progress
[Executor] QoS-trigger active: combo=cand_3 policy=v-above eps=1.0 T_v=3.0s
[AdaptiveDeploy] view1: backlog preserved across hot-swap (moved=2 dropped=0)
[AdaptiveDeploy] view1: hot-swap complete (delta=84ms)
[Executor] QoS-poll combo=cand_3 elapsed=0.2s V(t)=1.880 eps=1.0
[Executor] QoS-triggered advance: no-dwell: V(t)=1.880 > eps=1.0 in combo=cand_3 (svc_rate=71.4fps, no T_v observation)
[Executor] Starting schedule: cand_4
[Executor] Reusing existing viewer for schedule: cand_4 (adaptive=True, reactive=False)
[UnifiedViewer] Updating combination to: cand_4 (File: /home/msyu/PycharmProjects/fsrr-multimodel-scheduling/runs/20260729T063656Z_q4b_A_r4/schedule_snapshot.yaml) adaptive=True reactive=False
[AdaptiveDeploy] view1: device changed (cpu -> gpu), hot-swapping
[AdaptiveDeploy] view2: device changed (gpu -> cpu), hot-swapping
[AdaptiveDeploy] view1: new worker ready, switching queues
[VideoFeeder] Swapped queue for view1
[AdaptiveDeploy] view2: new worker ready, switching queues
[ResnetImageFeeder] Swapped queue for view2
[AdaptiveDeploy] view3: same device (gpu), keeping worker
[AdaptiveDeploy] Transition complete. kept={'view3', 'view4'}, swapped={'view1', 'view2'}
[Executor] Adaptive: execution continues, hot-swap in progress
This plugin does not support raise()
This plugin does not support raise()
This plugin does not support raise()
This plugin does not support raise()
[Executor] QoS-trigger active: combo=cand_4 policy=v-above eps=1.0 T_v=3.0s
[AdaptiveDeploy] view2: backlog preserved across hot-swap (moved=0 dropped=0)
[AdaptiveDeploy] view2: hot-swap complete (delta=141ms)
[AdaptiveDeploy] view1: backlog preserved across hot-swap (moved=2 dropped=0)
[AdaptiveDeploy] view1: hot-swap complete (delta=172ms)
[Executor] QoS-poll combo=cand_4 elapsed=0.2s V(t)=4.744 eps=1.0
[Executor] QoS-triggered advance: no-dwell: V(t)=4.744 > eps=1.0 in combo=cand_4 (svc_rate=105.1fps, no T_v observation)
[Executor] Starting schedule: cand_5
[Executor] Reusing existing viewer for schedule: cand_5 (adaptive=True, reactive=False)
[UnifiedViewer] Updating combination to: cand_5 (File: /home/msyu/PycharmProjects/fsrr-multimodel-scheduling/runs/20260729T063656Z_q4b_A_r4/schedule_snapshot.yaml) adaptive=True reactive=False
[AdaptiveDeploy] view1: device changed (gpu -> cpu), hot-swapping
[AdaptiveDeploy] view2: device changed (cpu -> gpu), hot-swapping
[AdaptiveDeploy] view1: new worker ready, switching queues
[VideoFeeder] Swapped queue for view1
[AdaptiveDeploy] view3: device changed (gpu -> cpu), hot-swapping
[AdaptiveDeploy] view2: new worker ready, switching queues
[ResnetImageFeeder] Swapped queue for view2
[AdaptiveDeploy] view1: backlog preserved across hot-swap (moved=0 dropped=0)
[AdaptiveDeploy] view1: hot-swap complete (delta=117ms)
[AdaptiveDeploy] view3: new worker ready, switching queues
[ResnetImageFeeder] Swapped queue for view3
[AdaptiveDeploy] Transition complete. kept={'view4'}, swapped={'view1', 'view2', 'view3'}
[Executor] Adaptive: execution continues, hot-swap in progress
[Executor] QoS-trigger active: combo=cand_5 policy=v-above eps=1.0 T_v=3.0s
[Executor] QoS-poll combo=cand_5 elapsed=0.2s V(t)=0.000 eps=1.0
[Executor] QoS-triggered advance: no-dwell: V(t)=1.398 > eps=1.0 in combo=cand_5 (svc_rate=79.0fps, no T_v observation) (last candidate -> revert-to-best)
[Executor] exhausted -> revert to best (cand=cand_4, service_rate=105.1 fps); observations: cand_1=72.9fps, cand_2=75.9fps, cand_3=71.4fps, cand_4=105.1fps, cand_5=79.0fps
[UnifiedViewer] Updating combination to: cand_4 (File: /home/msyu/PycharmProjects/fsrr-multimodel-scheduling/runs/20260729T063656Z_q4b_A_r4/schedule_snapshot.yaml) adaptive=True reactive=False
[AdaptiveDeploy] view1: device changed (cpu -> gpu), hot-swapping
[AdaptiveDeploy] view2: device changed (gpu -> cpu), hot-swapping
[AdaptiveDeploy] view1: new worker ready, switching queues
[VideoFeeder] Swapped queue for view1
[AdaptiveDeploy] view2: new worker ready, switching queues
[ResnetImageFeeder] Swapped queue for view2
[AdaptiveDeploy] view3: device changed (cpu -> gpu), hot-swapping
[AdaptiveDeploy] Transition complete. kept={'view4'}, swapped={'view1', 'view2', 'view3'}
[Executor] reverted to best placement 'cand_4'; holding for 42s; V(t) monitoring continues.
[AdaptiveDeploy] view3: new worker ready, switching queues
[ResnetImageFeeder] Swapped queue for view3
[AdaptiveDeploy] view3: backlog preserved across hot-swap (moved=2 dropped=0)
[AdaptiveDeploy] view3: hot-swap complete (delta=3016ms)
[AdaptiveDeploy] view3: backlog preserved across hot-swap (moved=0 dropped=0)
[AdaptiveDeploy] view3: hot-swap complete (delta=1745ms)
[AdaptiveDeploy] view3: backlog preserved across hot-swap (moved=0 dropped=0)
[AdaptiveDeploy] view3: hot-swap complete (delta=1154ms)
[AdaptiveDeploy] view2: backlog preserved across hot-swap (moved=2 dropped=0)
[AdaptiveDeploy] view2: hot-swap complete (delta=3070ms)
[AdaptiveDeploy] view2: backlog preserved across hot-swap (moved=1 dropped=0)
[AdaptiveDeploy] view2: hot-swap complete (delta=2584ms)
[AdaptiveDeploy] view1: backlog preserved across hot-swap (moved=2 dropped=0)
[AdaptiveDeploy] view1: hot-swap complete (delta=3075ms)
[Shutdown] Throughput data saved to /home/msyu/PycharmProjects/fsrr-multimodel-scheduling/results/performance_20260729_153656.json
[Queue Drain] view1_output_queue: 0 items drained
[Queue Drain] view2_output_queue: 0 items drained
[Queue Drain] view3_result_queue: 0 items drained
[Queue Drain] view4_result_queue: 0 items drained
[Stop Execution] Model execution stopped, display window hidden; Info window remains open
[Executor] All combinations executed. Leaving windows open.
[Executor] Wrote results with best deployment: cand_4 (schedule: schedule_snapshot.yaml)
[Main] Auto mode: all combinations finished. Quitting application...
[Main] QApplication loop exited.
