I0615 14:20:04.056 3326057 model_impl.cc:1025] Model constructed. (/home/msyu/.cache/huggingface/hub/models--mobilint--YOLO11s/snapshots/8e62b1a90172d70b9292afbc883fdade8de0df24/aries/yolo11s.mxq) 
I0615 14:20:04.067 3326057 model_impl.cc:1357] Model launched.
mxq: /home/msyu/.cache/huggingface/hub/models--mobilint--YOLO11s/snapshots/8e62b1a90172d70b9292afbc883fdade8de0df24/aries/yolo11s.mxq
yolo11s.pt sha: 85a76fe86dd8afe3
mxq sha: b2441f9da7ec7dd6
creating index...
index created!
  sid=2 frame=5: missed=['person', 'person', 'traffic_light', 'traffic_light', 'traffic_light']
creating index...
index created!
  sid=13 frame=41: missed=['traffic_light', 'traffic_light', 'traffic_light']
creating index...
index created!
  sid=17 frame=163: missed=['person', 'person', 'person']
creating index...
index created!
  sid=22 frame=1: missed=['person']
§2-2 consistency PASS
saved dpi=300 /home/msyu/PycharmProjects/multimodel-scheduling-video/paper/figures/vis_failure_examples.pdf
Traceback (most recent call last):
  File "/home/msyu/PycharmProjects/multimodel-scheduling-video/accv_experiments/scripts/fig1_hires_regen.py", line 99, in <module>
    if __name__=="__main__": main()
  File "/home/msyu/PycharmProjects/multimodel-scheduling-video/accv_experiments/scripts/fig1_hires_regen.py", line 98, in main
    print("saved dpi=300",OUT); cm.dispose_npu_for("yolo11s")
AttributeError: module '_step_d_common' has no attribute 'dispose_npu_for'
I0615 14:20:06.814 3326057 model_impl.cc:1376] Model disposed.
