creating index...
index created!
=== Step 5 offline mAP gate (CONF=0.25 IOU=0.45 imgsz=640) ===
  yolo11s.pt: 3000/15062
  yolo11s.pt: 6000/15062
  yolo11s.pt: 9000/15062
  yolo11s.pt: 12000/15062
  yolo11s.pt: 15000/15062
Loading and preparing results...
DONE (t=0.20s)
creating index...
index created!
Running per image evaluation...
Evaluate annotation type *bbox*
DONE (t=9.64s).
Accumulating evaluation results...
DONE (t=1.71s).
 Average Precision  (AP) @[ IoU=0.50:0.95 | area=   all | maxDets=100 ] = 0.184
 Average Precision  (AP) @[ IoU=0.50      | area=   all | maxDets=100 ] = 0.251
 Average Precision  (AP) @[ IoU=0.75      | area=   all | maxDets=100 ] = 0.197
 Average Precision  (AP) @[ IoU=0.50:0.95 | area= small | maxDets=100 ] = 0.013
 Average Precision  (AP) @[ IoU=0.50:0.95 | area=medium | maxDets=100 ] = 0.173
 Average Precision  (AP) @[ IoU=0.50:0.95 | area= large | maxDets=100 ] = 0.503
 Average Recall     (AR) @[ IoU=0.50:0.95 | area=   all | maxDets=  1 ] = 0.111
 Average Recall     (AR) @[ IoU=0.50:0.95 | area=   all | maxDets= 10 ] = 0.207
 Average Recall     (AR) @[ IoU=0.50:0.95 | area=   all | maxDets=100 ] = 0.208
 Average Recall     (AR) @[ IoU=0.50:0.95 | area= small | maxDets=100 ] = 0.014
 Average Recall     (AR) @[ IoU=0.50:0.95 | area=medium | maxDets=100 ] = 0.204
 Average Recall     (AR) @[ IoU=0.50:0.95 | area= large | maxDets=100 ] = 0.579
COCO done 132.6204526424408
  accv_experiments/results/ft_runs/ft_yolo11s/weights/best.pt: 3000/15062
  accv_experiments/results/ft_runs/ft_yolo11s/weights/best.pt: 6000/15062
  accv_experiments/results/ft_runs/ft_yolo11s/weights/best.pt: 9000/15062
  accv_experiments/results/ft_runs/ft_yolo11s/weights/best.pt: 12000/15062
  accv_experiments/results/ft_runs/ft_yolo11s/weights/best.pt: 15000/15062
Loading and preparing results...
DONE (t=0.23s)
creating index...
index created!
Running per image evaluation...
Evaluate annotation type *bbox*
DONE (t=12.51s).
Accumulating evaluation results...
DONE (t=1.78s).
 Average Precision  (AP) @[ IoU=0.50:0.95 | area=   all | maxDets=100 ] = 0.213
 Average Precision  (AP) @[ IoU=0.50      | area=   all | maxDets=100 ] = 0.349
 Average Precision  (AP) @[ IoU=0.75      | area=   all | maxDets=100 ] = 0.214
 Average Precision  (AP) @[ IoU=0.50:0.95 | area= small | maxDets=100 ] = 0.058
 Average Precision  (AP) @[ IoU=0.50:0.95 | area=medium | maxDets=100 ] = 0.242
 Average Precision  (AP) @[ IoU=0.50:0.95 | area= large | maxDets=100 ] = 0.442
 Average Recall     (AR) @[ IoU=0.50:0.95 | area=   all | maxDets=  1 ] = 0.132
 Average Recall     (AR) @[ IoU=0.50:0.95 | area=   all | maxDets= 10 ] = 0.248
 Average Recall     (AR) @[ IoU=0.50:0.95 | area=   all | maxDets=100 ] = 0.251
 Average Recall     (AR) @[ IoU=0.50:0.95 | area= small | maxDets=100 ] = 0.074
 Average Recall     (AR) @[ IoU=0.50:0.95 | area=medium | maxDets=100 ] = 0.284
 Average Recall     (AR) @[ IoU=0.50:0.95 | area= large | maxDets=100 ] = 0.508
FT done 134.70426726341248

=== RESULT (offline mAP per-size) ===
    size     COCO       FT  Δ(FT-COCO)
     all   0.1844   0.2131     +0.0287
   small   0.0125   0.0576     +0.0451
  medium   0.1734   0.2421     +0.0688
   large   0.5029   0.4419     -0.0611
ndet COCO=127796 FT=184244

GATE: any per-size Δ >= +0.01 ? -> True
VERDICT: PROCEED (FT raised accuracy)
