
=== yolo11s ===
  hf_cache              sha=b2441f9da7ec   11.87 MB  /home/msyu/.cache/huggingface/hub/models--mobilint--YOLO11s/snapshots/8e62b1a90172d70b9292afbc883fdade8de0df24/aries/yolo11s.mxq
  model_zoo:global8     sha=4ff08b089d4c   10.67 MB  /home/msyu/.mblt_model_zoo/vision/aries/global8/yolo11s.mxq
  model_zoo:single      sha=3ade8e507e51   10.26 MB  /home/msyu/.mblt_model_zoo/vision/aries/single/yolo11s.mxq
  legacy                sha=b2441f9da7ec   11.87 MB  models/mobilint_backup/yolo11s.mxq
I0602 14:11:17.619 1334714 model_impl.cc:1025] Model constructed. (/home/msyu/.cache/huggingface/hub/models--mobilint--YOLO11s/snapshots/8e62b1a90172d70b9292afbc883fdade8de0df24/aries/yolo11s.mxq) 
I0602 14:11:17.629 1334714 model_impl.cc:1357] Model launched.
I0602 14:11:17.630 1334714 model_impl.cc:1376] Model disposed.
  probe legacy in global8: fail ModuleNotFoundError: No module named 'step0_compare_devices'
I0602 14:11:17.764 1334714 model_impl.cc:1025] Model constructed. (/home/msyu/.cache/huggingface/hub/models--mobilint--YOLO11s/snapshots/8e62b1a90172d70b9292afbc883fdade8de0df24/aries/yolo11s.mxq) 
I0602 14:11:17.778 1334714 model_impl.cc:1357] Model launched.
I0602 14:11:17.780 1334714 model_impl.cc:1376] Model disposed.
  probe legacy in single : fail ModuleNotFoundError: No module named 'step0_compare_devices'

=== yolo11m ===
  model_zoo:global8     sha=c6c50bb7160b   21.52 MB  /home/msyu/.mblt_model_zoo/vision/aries/global8/yolo11m.mxq
  model_zoo:single      sha=0c95402b7fab   20.90 MB  /home/msyu/.mblt_model_zoo/vision/aries/single/yolo11m.mxq
E0602 14:11:17.925 1334714 model_impl.cc:169] The cores specified in the ModelConfig object include cores that are not covered by the MXQ file. Please ensure all specified cores are included in the MXQ file. The MXQ file supports the following core mode and cores.
+---------------------------------------------------------------------------------------+
|                            Supported Core Modes and Cores                             |
+------------+-----------+--------------------------------------------------------------+
| Core Mode  | Cluster   | Cores                                                        |
+------------+-----------+--------------------------------------------------------------+
| Global8    | Cluster0  | [Core0, Core1, Core2, Core3, GlobalCore]                     |
|            | Cluster1  | [Core0, Core1, Core2, Core3, GlobalCore]                     |
+------------+-----------+--------------------------------------------------------------+

E0602 14:11:17.925 1334714 model_impl.cc:844] The MXQ file does not match the ModelConfig object. Please update the ModelConfig object if necessary.
  probe global8-binary in single mode: fail QbRuntimeError: Model_MXQAndModelConfigNotMatch occurred.
Please visit https://docs.mobilint.com/v1.2/doxygen/html_en/group__CPPAPI.html for more details.
E0602 14:11:18.049 1334714 model_impl.cc:169] The cores specified in the ModelConfig object include cores that are not covered by the MXQ file. Please ensure all specified cores are included in the MXQ file. The MXQ file supports the following core mode and cores.
+---------------------------------------------------------------------------------------+
|                            Supported Core Modes and Cores                             |
+------------+-----------+--------------------------------------------------------------+
| Core Mode  | Cluster   | Cores                                                        |
+------------+-----------+--------------------------------------------------------------+
| Single     | Cluster0  | [Core0]                                                      |
+------------+-----------+--------------------------------------------------------------+

E0602 14:11:18.049 1334714 model_impl.cc:844] The MXQ file does not match the ModelConfig object. Please update the ModelConfig object if necessary.
  probe single-binary in global8 mode: fail QbRuntimeError: Model_MXQAndModelConfigNotMatch occurred.
Please visit https://docs.mobilint.com/v1.2/doxygen/html_en/group__CPPAPI.html for more details.

=== yolo11l ===
  model_zoo:global8     sha=4f3f1cf3e083   27.40 MB  /home/msyu/.mblt_model_zoo/vision/aries/global8/yolo11l.mxq
  model_zoo:single      sha=471971b30869   26.56 MB  /home/msyu/.mblt_model_zoo/vision/aries/single/yolo11l.mxq
E0602 14:11:18.196 1334714 model_impl.cc:169] The cores specified in the ModelConfig object include cores that are not covered by the MXQ file. Please ensure all specified cores are included in the MXQ file. The MXQ file supports the following core mode and cores.
+---------------------------------------------------------------------------------------+
|                            Supported Core Modes and Cores                             |
+------------+-----------+--------------------------------------------------------------+
| Core Mode  | Cluster   | Cores                                                        |
+------------+-----------+--------------------------------------------------------------+
| Global8    | Cluster0  | [Core0, Core1, Core2, Core3, GlobalCore]                     |
|            | Cluster1  | [Core0, Core1, Core2, Core3, GlobalCore]                     |
+------------+-----------+--------------------------------------------------------------+

E0602 14:11:18.196 1334714 model_impl.cc:844] The MXQ file does not match the ModelConfig object. Please update the ModelConfig object if necessary.
  probe global8-binary in single mode: fail QbRuntimeError: Model_MXQAndModelConfigNotMatch occurred.
Please visit https://docs.mobilint.com/v1.2/doxygen/html_en/group__CPPAPI.html for more details.
E0602 14:11:18.320 1334714 model_impl.cc:169] The cores specified in the ModelConfig object include cores that are not covered by the MXQ file. Please ensure all specified cores are included in the MXQ file. The MXQ file supports the following core mode and cores.
+---------------------------------------------------------------------------------------+
|                            Supported Core Modes and Cores                             |
+------------+-----------+--------------------------------------------------------------+
| Core Mode  | Cluster   | Cores                                                        |
+------------+-----------+--------------------------------------------------------------+
| Single     | Cluster0  | [Core0]                                                      |
+------------+-----------+--------------------------------------------------------------+

E0602 14:11:18.320 1334714 model_impl.cc:844] The MXQ file does not match the ModelConfig object. Please update the ModelConfig object if necessary.
  probe single-binary in global8 mode: fail QbRuntimeError: Model_MXQAndModelConfigNotMatch occurred.
Please visit https://docs.mobilint.com/v1.2/doxygen/html_en/group__CPPAPI.html for more details.

=== yolo11x ===
  model_zoo:global8     sha=c8250b5137ca   61.50 MB  /home/msyu/.mblt_model_zoo/vision/aries/global8/yolo11x.mxq
  model_zoo:single      sha=11ccf20f1843   60.43 MB  /home/msyu/.mblt_model_zoo/vision/aries/single/yolo11x.mxq
E0602 14:11:18.488 1334714 model_impl.cc:169] The cores specified in the ModelConfig object include cores that are not covered by the MXQ file. Please ensure all specified cores are included in the MXQ file. The MXQ file supports the following core mode and cores.
+---------------------------------------------------------------------------------------+
|                            Supported Core Modes and Cores                             |
+------------+-----------+--------------------------------------------------------------+
| Core Mode  | Cluster   | Cores                                                        |
+------------+-----------+--------------------------------------------------------------+
| Global8    | Cluster0  | [Core0, Core1, Core2, Core3, GlobalCore]                     |
|            | Cluster1  | [Core0, Core1, Core2, Core3, GlobalCore]                     |
+------------+-----------+--------------------------------------------------------------+

E0602 14:11:18.488 1334714 model_impl.cc:844] The MXQ file does not match the ModelConfig object. Please update the ModelConfig object if necessary.
  probe global8-binary in single mode: fail QbRuntimeError: Model_MXQAndModelConfigNotMatch occurred.
Please visit https://docs.mobilint.com/v1.2/doxygen/html_en/group__CPPAPI.html for more details.
E0602 14:11:18.624 1334714 model_impl.cc:169] The cores specified in the ModelConfig object include cores that are not covered by the MXQ file. Please ensure all specified cores are included in the MXQ file. The MXQ file supports the following core mode and cores.
+---------------------------------------------------------------------------------------+
|                            Supported Core Modes and Cores                             |
+------------+-----------+--------------------------------------------------------------+
| Core Mode  | Cluster   | Cores                                                        |
+------------+-----------+--------------------------------------------------------------+
| Single     | Cluster0  | [Core0]                                                      |
+------------+-----------+--------------------------------------------------------------+

E0602 14:11:18.624 1334714 model_impl.cc:844] The MXQ file does not match the ModelConfig object. Please update the ModelConfig object if necessary.
  probe single-binary in global8 mode: fail QbRuntimeError: Model_MXQAndModelConfigNotMatch occurred.
Please visit https://docs.mobilint.com/v1.2/doxygen/html_en/group__CPPAPI.html for more details.

saved accv_experiments/results/binary_inventory_rev6.csv
saved accv_experiments/results/binary_plan_rev6.json

=== plan ===
  yolo11s: re-measure with whichever mode probes ok
  yolo11m: neither binary works in the other mode; accept binary divergence and document
  yolo11l: neither binary works in the other mode; accept binary divergence and document
  yolo11x: neither binary works in the other mode; accept binary divergence and document
