[probe] yolo11n     repo=mobilint/YOLO11n 404 Client Error. (Request ID: Root=1-6a1e3091-0fbe22c87c6ad0fa26d07cc6;e0ac5f4c-13f0-425e-8995-022f9a11391b)

Entry Not Found for url: https://huggingface.co/mobilint/YOLO11n/resolve/main/aries/global8/yolo11n.mxq.
-> fail-error  size=0.0 MB  wall=1.1s
    err: RuntimeError: Failed to download model from HuggingFace
[probe] yolo11s     repo=mobilint/YOLO11s -> ok-cached  size=11.9 MB  wall=0.0s
[probe] yolo11m     repo=mobilint/YOLO11m I0602 10:23:29.760 1285439 model_impl.cc:1025] Model constructed. (/home/msyu/.mblt_model_zoo/vision/aries/global8/yolo11m.mxq) 
I0602 10:23:29.775 1285439 model_impl.cc:1357] Model launched.
I0602 10:23:29.776 1285439 model_impl.cc:1376] Model disposed.
-> ok-downloaded  size=0.0 MB  wall=0.3s
[probe] yolo11l     repo=mobilint/YOLO11l Warning: You are sending unauthenticated requests to the HF Hub. Please set a HF_TOKEN to enable higher rate limits and faster downloads.
I0602 10:23:35.037 1285439 model_impl.cc:1025] Model constructed. (/home/msyu/.mblt_model_zoo/vision/aries/global8/yolo11l.mxq) 
I0602 10:23:35.055 1285439 model_impl.cc:1357] Model launched.
I0602 10:23:35.056 1285439 model_impl.cc:1376] Model disposed.
-> ok-downloaded  size=0.0 MB  wall=5.2s
[probe] yolo11x     repo=mobilint/YOLO11x I0602 10:23:40.644 1285439 model_impl.cc:1025] Model constructed. (/home/msyu/.mblt_model_zoo/vision/aries/global8/yolo11x.mxq) 
I0602 10:23:40.677 1285439 model_impl.cc:1357] Model launched.
I0602 10:23:40.679 1285439 model_impl.cc:1376] Model disposed.
-> ok-downloaded  size=0.0 MB  wall=5.6s

saved accv_experiments/results/v11_mxq_probe.csv

PLAN: A-partial
  available: ['yolo11l', 'yolo11m', 'yolo11s', 'yolo11x']
  missing:   ['yolo11n']
