
saved gen_decomp_v5, relative_QL_v5, cstar_v5, gen_gain_v5, relative_L_multistream_v5 to accv_experiments/results

=== YOLO11 family Q + L (absolute) ===
  yolo11s     Q=-0.0089/-0.0648/-0.1000  L=+0.0017/+0.0258/+0.0721
  yolo11m     Q=-0.0143/-0.0809/-0.1692  L=+0.0051/+0.0488/+0.1162
  yolo11l     Q=-0.0159/-0.0961/-0.1883  L=+0.0075/+0.0611/+0.1427
  yolo11x     Q=-0.0236/-0.1202/-0.2247  L=+0.0106/+0.0688/+0.1556

=== YOLO11 family relative Q + L ===
  yolo11s     rel_Q=-56.4%/-35.2%/-21.0%  rel_L=+10.7%/+14.0%/+15.1%
  yolo11m     rel_Q=-50.8%/-37.6%/-32.6%  rel_L=+18.2%/+22.7%/+22.4%
  yolo11l     rel_Q=-46.9%/-40.9%/-35.1%  rel_L=+22.1%/+26.0%/+26.6%
  yolo11x     rel_Q=-56.2%/-46.8%/-40.7%  rel_L=+25.3%/+26.8%/+28.2%

=== C* per detector per group (ms) ===
  yolo11s    small-rich      sap_npu_g=0.175  C*=59.2
  yolo11s    medium-mixed    sap_npu_g=0.102  C*=119.8
  yolo11s    large-rich      sap_npu_g=0.191  C*=85.8
  yolo11m    small-rich      sap_npu_g=0.180  C*=114.0
  yolo11m    medium-mixed    sap_npu_g=0.104  C*=165.2
  yolo11m    large-rich      sap_npu_g=0.197  C*=127.3
  yolo11l    small-rich      sap_npu_g=0.180  C*=132.9
  yolo11l    medium-mixed    sap_npu_g=0.105  C*=174.7
  yolo11l    large-rich      sap_npu_g=0.207  C*=165.0
  yolo11x    small-rich      sap_npu_g=0.166  C*=225.2
  yolo11x    medium-mixed    sap_npu_g=0.099  C*=247.4
  yolo11x    large-rich      sap_npu_g=0.203  C*=195.4

=== gen_gain (N=4 L1_light) ===
  yolo11s     worst=+0.025  mean=+0.007  ratio=+3.53  inverts=True
  yolo11m     worst=+0.013  mean=-0.006  ratio=-2.20  inverts=True
  yolo11l     worst=+0.025  mean=-0.002  ratio=-11.27  inverts=True
  yolo11x     worst=+0.029  mean=-0.004  ratio=-6.70  inverts=True
saved /home/msyu/PycharmProjects/multimodel-scheduling-video/paper/tables/gen_decomp.tex
saved /home/msyu/PycharmProjects/multimodel-scheduling-video/paper/tables/gen_decomp_absolute.tex
saved /home/msyu/PycharmProjects/multimodel-scheduling-video/paper/tables/gen_gain.tex
saved /home/msyu/PycharmProjects/multimodel-scheduling-video/paper/figures/gen_cstar.pdf
