saved /home/msyu/PycharmProjects/multimodel-scheduling-video/accv_experiments/results/gen_decomp_v2.csv
saved /home/msyu/PycharmProjects/multimodel-scheduling-video/accv_experiments/results/cstar_v2_family.csv
saved /home/msyu/PycharmProjects/multimodel-scheduling-video/accv_experiments/results/gen_gain_v2.csv
saved /home/msyu/PycharmProjects/multimodel-scheduling-video/paper/tables/gen_decomp.tex
saved /home/msyu/PycharmProjects/multimodel-scheduling-video/paper/tables/gen_gain.tex
saved /home/msyu/PycharmProjects/multimodel-scheduling-video/paper/figures/gen_cstar.pdf
saved /home/msyu/PycharmProjects/multimodel-scheduling-video/figures/gen_cstar.pdf

=== gen_decomp_v2.csv ===
detector  params_M   Q_small  Q_medium   Q_large   L_small  L_medium   L_large
 yolov8n       3.2 -0.002171 -0.039258 -0.115154  0.000000  0.000008  0.000021
 yolov8s      11.2 -0.007575 -0.058450 -0.112796 -0.000004  0.000033  0.000029
 yolov8m      25.9 -0.013229 -0.088612 -0.162367  0.000008  0.000087  0.000238
 yolov8l      43.7 -0.016408 -0.091733 -0.198642  0.000017  0.000113  0.000379
 yolov8x      68.2 -0.020358 -0.121092 -0.237487  0.000004  0.000125  0.000567
 yolo11s       9.4 -0.007213 -0.036000  0.000917 -0.000504  0.001283 -0.002838

=== cstar_v2_family.csv ===
detector  params_M        group  sap_npu_g   Cstar_ms
 yolov8n       3.2   small-rich   0.105963 149.111383
 yolov8n       3.2 medium-mixed   0.067463 152.049839
 yolov8n       3.2   large-rich   0.140825 122.473189
 yolov8s      11.2   small-rich   0.158050 112.306970
 yolov8s      11.2 medium-mixed   0.096125 135.034180
 yolov8s      11.2   large-rich   0.168287 125.222965
 yolov8m      25.9   small-rich   0.171200 141.724382
 yolov8m      25.9 medium-mixed   0.102450 149.756000
 yolov8m      25.9   large-rich   0.201275 113.974105
 yolov8l      43.7   small-rich   0.175700 143.563922
 yolov8l      43.7 medium-mixed   0.100863 178.651454
 yolov8l      43.7   large-rich   0.203763 139.044634
 yolov8x      68.2   small-rich   0.168975 217.560522
 yolov8x      68.2 medium-mixed   0.093012 231.221315
 yolov8x      68.2   large-rich   0.185600 204.623830
 yolo11s       9.4   small-rich   0.205850  21.257446
 yolo11s       9.4 medium-mixed   0.126600  30.017973
 yolo11s       9.4   large-rich   0.213575  40.375958

=== gen_gain_v2.csv ===
detector  params_M  sa_worst  sb_worst  sa_mean  sb_mean  worst_gain  mean_gain  worst_mean_ratio  inverts
 yolov8n       3.2    0.0730    0.0602   0.1101   0.1066      0.0128     0.0035          3.657143     True
 yolov8s      11.2    0.0993    0.0797   0.1446   0.1392      0.0196     0.0054          3.629630     True
 yolov8m      25.9    0.1221    0.0928   0.1807   0.1844      0.0293    -0.0037         -7.918919     True
 yolov8l      43.7    0.0986    0.0881   0.1768   0.1717      0.0105     0.0051          2.058824     True
 yolov8x      68.2    0.0865    0.0591   0.1835   0.1673      0.0274     0.0162          1.691358     True
 yolo11s       9.4    0.1058    0.0836   0.1373   0.1328      0.0222     0.0045          4.933333     True
