[T-D0] driver start. mxq sha[:12]=b2441f9da7ec, host=5090pc
[T-D0] GPU FP32 baseline (from rev7): large=0.4768  medium=0.1839  small=0.0159

=== run 1/8  mode=cold  elapsed_since_prev=0.0s ===
  COLD subprocess…
  run 1 cold    NPU large=0.3811  gap_large=-0.0957  (GPU large 0.4768)  wall 488.6s

=== run 2/8  mode=cold  elapsed_since_prev=0.0s ===
  COLD subprocess…
  run 2 cold    NPU large=0.3813  gap_large=-0.0956  (GPU large 0.4768)  wall 487.9s

=== run 3/8  mode=cold  elapsed_since_prev=0.0s ===
  COLD subprocess…
  run 3 cold    NPU large=0.3802  gap_large=-0.0967  (GPU large 0.4768)  wall 486.2s

=== run 4/8  mode=warm  elapsed_since_prev=0.0s ===
  WARM: running worker in-process (no subprocess restart)…
  run 4 warm    NPU large=0.3787  gap_large=-0.0981  (GPU large 0.4768)  wall 488.0s

=== run 5/8  mode=warm  elapsed_since_prev=0.0s ===
  WARM: running worker in-process (no subprocess restart)…
  run 5 warm    NPU large=0.3837  gap_large=-0.0932  (GPU large 0.4768)  wall 485.3s

=== run 6/8  mode=loaded  elapsed_since_prev=0.0s ===
  pre-warm: spawning multi-mode preload (single binary forced via local_path)…
  COLD subprocess…
  run 6 loaded  NPU large=0.3784  gap_large=-0.0984  (GPU large 0.4768)  wall 485.7s

=== run 7/8  mode=loaded  elapsed_since_prev=0.0s ===
  pre-warm: spawning multi-mode preload (single binary forced via local_path)…
  COLD subprocess…
  run 7 loaded  NPU large=0.3818  gap_large=-0.0950  (GPU large 0.4768)  wall 484.0s

=== run 8/8  mode=cold  elapsed_since_prev=0.0s ===
  COLD subprocess…
  run 8 cold    NPU large=0.3811  gap_large=-0.0958  (GPU large 0.4768)  wall 487.5s

=== summary over 8 runs ===
  large_gap range:  [-0.0984, -0.0932]
  large_gap mean:   -0.0961
  large_gap stddev: 0.0016
  worst NPU-GPU large gap: -0.0984
  rev6 −0.10 REPRODUCED at run with mode=loaded

saved accv_experiments/results/repro_driverstate.csv
