
=== aggregating YOLO11 family (global8 single-stream, single multistream) ===

=== aggregating YOLOv8 family (single-mode single-stream + multistream) ===
saved /home/msyu/PycharmProjects/multimodel-scheduling-video/accv_experiments/results/gen_decomp_v4.csv, cstar_v4_family.csv, gen_gain_v4.csv

=== YOLO11 family Q(s), L(s, L2_lm) ===
  YOLO11s     Q s/m/l=-0.006/-0.062/-0.098  L s/m/l=+0.001/+0.025/+0.066
  YOLO11m     Q s/m/l=-0.013/-0.063/-0.126  L s/m/l=+0.005/+0.050/+0.115
  YOLO11l     Q s/m/l=-0.014/-0.079/-0.140  L s/m/l=+0.008/+0.061/+0.139
  YOLO11x     Q s/m/l=-0.020/-0.094/-0.166  L s/m/l=+0.010/+0.068/+0.148

=== YOLO11 family C*_g (sAP-gap def, ms) ===
  YOLO11s     small-rich=67.82180504061348  medium-mixed=115.79574092091343  large-rich=88.5736966761729
  YOLO11m     small-rich=54.42475889561065  medium-mixed=97.62403454733499  large-rich=72.62964808196472
  YOLO11l     small-rich=73.57605298738008  medium-mixed=88.03478668791163  large-rich=89.28241551292535
  YOLO11x     small-rich=138.96296418488757  medium-mixed=133.77970509957348  large-rich=107.37088327649812

=== YOLO11 family multistream gain N=4 L1_light ===
  YOLO11s     worst_gain=+0.022  mean_gain=+0.003  ratio=+6.73  inverts=True
  YOLO11m     worst_gain=+0.010  mean_gain=-0.008  ratio=-1.12  inverts=True
  YOLO11l     worst_gain=+0.014  mean_gain=-0.005  ratio=-2.75  inverts=True
  YOLO11x     worst_gain=+0.028  mean_gain=-0.006  ratio=-4.62  inverts=True
saved /home/msyu/PycharmProjects/multimodel-scheduling-video/paper/tables/gen_decomp.tex
saved /home/msyu/PycharmProjects/multimodel-scheduling-video/paper/tables/gen_decomp_appendix_v8.tex
saved /home/msyu/PycharmProjects/multimodel-scheduling-video/paper/tables/gen_gain.tex
saved /home/msyu/PycharmProjects/multimodel-scheduling-video/paper/tables/gen_gain_appendix_v8.tex
saved /home/msyu/PycharmProjects/multimodel-scheduling-video/paper/figures/gen_cstar.pdf
saved /home/msyu/PycharmProjects/multimodel-scheduling-video/figures/gen_cstar.pdf
