[vis] loading GPU + NPU (global8, legacy mxq)…
I0604 17:17:23.496 1796766 model_impl.cc:1025] Model constructed. (/home/msyu/.cache/huggingface/hub/models--mobilint--YOLO11s/snapshots/8e62b1a90172d70b9292afbc883fdade8de0df24/aries/yolo11s.mxq) 
I0604 17:17:23.504 1796766 model_impl.cc:1357] Model launched.
creating index...
index created!
[vis] sid=2  scanning 200 frames…
creating index...
index created!
[vis] sid=13  scanning 200 frames…
creating index...
index created!
[vis] sid=22  scanning 200 frames…
creating index...
index created!
[vis] sid=16  scanning 200 frames…
creating index...
index created!
[vis] sid=8  scanning 200 frames…
creating index...
index created!
[vis] sid=17  scanning 200 frames…
[vis] selected 4 panel frames:
  sid= 2 frame=  5  misses=['person', 'person', 'traffic_light', 'traffic_light', 'traffic_light']
  sid=13 frame= 41  misses=['traffic_light', 'traffic_light', 'traffic_light']
  sid=17 frame=163  misses=['person', 'person', 'person']
  sid=22 frame=  1  misses=['person']
saved /home/msyu/PycharmProjects/multimodel-scheduling-video/paper/figures/vis_failure_examples.pdf
I0604 17:17:56.835 1796766 model_impl.cc:1376] Model disposed.
