
=== B1: L per ladder level ===
saved /home/msyu/PycharmProjects/multimodel-scheduling-video/accv_experiments/results/L_per_level.csv (72 rows)

=== B1: L onset detection ===
saved /home/msyu/PycharmProjects/multimodel-scheduling-video/accv_experiments/results/L_onset.csv (54 rows)

Onset summary:
  yolo11s    large-rich     small  -> L3_vlm  (|L|=0.0077)
  yolo11s    large-rich     medium -> L2_lm  (|L|=0.0164)
  yolo11s    large-rich     large  -> L1_light  (|L|=0.0106)
  yolo11s    medium-mixed   small  -> L3_vlm  (|L|=0.0111)
  yolo11s    medium-mixed   medium -> L2_lm  (|L|=0.0241)
  yolo11s    medium-mixed   large  -> L2_lm  (|L|=0.0692)
  yolo11s    small-rich     small  -> L3_vlm  (|L|=0.0117)
  yolo11s    small-rich     medium -> L2_lm  (|L|=0.0273)
  yolo11s    small-rich     large  -> L2_lm  (|L|=0.0596)
  yolov8l    large-rich     small  -> L3_vlm  (|L|=0.0190)
  yolov8l    large-rich     medium -> L2_lm  (|L|=0.0479)
  yolov8l    large-rich     large  -> L1_heavy  (|L|=0.0104)
  yolov8l    medium-mixed   small  -> L2_lm  (|L|=0.0078)
  yolov8l    medium-mixed   medium -> L2_lm  (|L|=0.0619)
  yolov8l    medium-mixed   large  -> L1_heavy  (|L|=0.0126)
  yolov8l    small-rich     small  -> L2_lm  (|L|=0.0072)
  yolov8l    small-rich     medium -> L1_heavy  (|L|=0.0107)
  yolov8l    small-rich     large  -> L1_heavy  (|L|=0.0111)
  yolov8m    large-rich     small  -> L3_vlm  (|L|=0.0145)
  yolov8m    large-rich     medium -> L2_lm  (|L|=0.0376)
  yolov8m    large-rich     large  -> L2_lm  (|L|=0.0778)
  yolov8m    medium-mixed   small  -> L2_lm  (|L|=0.0060)
  yolov8m    medium-mixed   medium -> L2_lm  (|L|=0.0509)
  yolov8m    medium-mixed   large  -> L1_heavy  (|L|=0.0051)
  yolov8m    small-rich     small  -> L2_lm  (|L|=0.0050)
  yolov8m    small-rich     medium -> L2_lm  (|L|=0.0537)
  yolov8m    small-rich     large  -> L1_heavy  (|L|=0.0052)
  yolov8n    large-rich     small  -> never  (|L|=nan)
  yolov8n    large-rich     medium -> L3_vlm  (|L|=0.0718)
  yolov8n    large-rich     large  -> L2_lm  (|L|=0.0133)
  yolov8n    medium-mixed   small  -> never  (|L|=nan)
  yolov8n    medium-mixed   medium -> L2_lm  (|L|=0.0064)
  yolov8n    medium-mixed   large  -> L2_lm  (|L|=0.0284)
  yolov8n    small-rich     small  -> never  (|L|=nan)
  yolov8n    small-rich     medium -> L2_lm  (|L|=0.0056)
  yolov8n    small-rich     large  -> L2_lm  (|L|=0.0248)
  yolov8s    large-rich     small  -> L3_vlm  (|L|=0.0100)
  yolov8s    large-rich     medium -> L2_lm  (|L|=0.0116)
  yolov8s    large-rich     large  -> L2_lm  (|L|=0.0331)
  yolov8s    medium-mixed   small  -> L3_vlm  (|L|=0.0104)
  yolov8s    medium-mixed   medium -> L2_lm  (|L|=0.0183)
  yolov8s    medium-mixed   large  -> L2_lm  (|L|=0.0507)
  yolov8s    small-rich     small  -> L3_vlm  (|L|=0.0099)
  yolov8s    small-rich     medium -> L2_lm  (|L|=0.0167)
  yolov8s    small-rich     large  -> L2_lm  (|L|=0.0525)
  yolov8x    large-rich     small  -> L3_vlm  (|L|=0.0242)
  yolov8x    large-rich     medium -> L1_heavy  (|L|=0.0071)
  yolov8x    large-rich     large  -> L1_heavy  (|L|=0.0119)
  yolov8x    medium-mixed   small  -> L2_lm  (|L|=0.0095)
  yolov8x    medium-mixed   medium -> L1_heavy  (|L|=0.0065)
  yolov8x    medium-mixed   large  -> L1_heavy  (|L|=0.0212)
  yolov8x    small-rich     small  -> L2_lm  (|L|=0.0091)
  yolov8x    small-rich     medium -> L1_heavy  (|L|=0.0067)
  yolov8x    small-rich     large  -> L1_heavy  (|L|=0.0167)

=== B1: gen_decomp slice decision ===
B1 decision: featured slice = L2_lm (L2_lm meaningful cells = 41)

L table (slice=L2_lm):
  yolo11s    L_small=+0.001  L_medium=+0.023  L_large=+0.053
  yolov8l    L_small=+0.006  L_medium=+0.058  L_large=+0.127
  yolov8m    L_small=+0.004  L_medium=+0.047  L_large=+0.107
  yolov8n    L_small=+0.000  L_medium=+0.005  L_large=+0.022
  yolov8s    L_small=+0.001  L_medium=+0.016  L_large=+0.045
  yolov8x    L_small=+0.008  L_medium=+0.057  L_large=+0.125

=== B1.5: multi-stream L ===
saved /home/msyu/PycharmProjects/multimodel-scheduling-video/accv_experiments/results/L_multistream_raw.csv (72 rows)
saved /home/msyu/PycharmProjects/multimodel-scheduling-video/accv_experiments/results/L_multistream.csv (36 rows)

Multi-stream L summary (per detector, group at N=4 L1_light):
  yolo11s    large-rich     SizeAware+Oracle size=l   L_multi=+0.0208
  yolo11s    large-rich     SizeAware+Oracle size=m   L_multi=+0.0104
  yolo11s    large-rich     SizeAware+Oracle size=s   L_multi=-0.0000
  yolo11s    small-rich     SizeBlindRev+Oracle size=l   L_multi=+0.0058
  yolo11s    small-rich     SizeBlindRev+Oracle size=m   L_multi=+0.0067
  yolo11s    small-rich     SizeBlindRev+Oracle size=s   L_multi=+0.0001
  yolov8l    large-rich     SizeAware      size=l   L_multi=+0.0216
  yolov8l    large-rich     SizeAware      size=m   L_multi=+0.0078
  yolov8l    large-rich     SizeAware      size=s   L_multi=+0.0015
  yolov8l    small-rich     SizeBlindRev   size=l   L_multi=+0.0194
  yolov8l    small-rich     SizeBlindRev   size=m   L_multi=+0.0094
  yolov8l    small-rich     SizeBlindRev   size=s   L_multi=+0.0008
  yolov8m    large-rich     SizeAware      size=l   L_multi=+0.0183
  yolov8m    large-rich     SizeAware      size=m   L_multi=+0.0077
  yolov8m    large-rich     SizeAware      size=s   L_multi=+0.0003
  yolov8m    small-rich     SizeBlindRev   size=l   L_multi=+0.0081
  yolov8m    small-rich     SizeBlindRev   size=m   L_multi=+0.0035
  yolov8m    small-rich     SizeBlindRev   size=s   L_multi=-0.0005
  yolov8n    large-rich     SizeAware      size=l   L_multi=+0.0147
  yolov8n    large-rich     SizeAware      size=m   L_multi=+0.0020
  yolov8n    large-rich     SizeAware      size=s   L_multi=+0.0000
  yolov8n    small-rich     SizeBlindRev   size=l   L_multi=+0.0050
  yolov8n    small-rich     SizeBlindRev   size=m   L_multi=+0.0008
  yolov8n    small-rich     SizeBlindRev   size=s   L_multi=-0.0001
  yolov8s    large-rich     SizeAware      size=l   L_multi=+0.0102
  yolov8s    large-rich     SizeAware      size=m   L_multi=+0.0010
  yolov8s    large-rich     SizeAware      size=s   L_multi=-0.0001
  yolov8s    small-rich     SizeBlindRev   size=l   L_multi=+0.0055
  yolov8s    small-rich     SizeBlindRev   size=m   L_multi=+0.0027
  yolov8s    small-rich     SizeBlindRev   size=s   L_multi=+0.0001
  yolov8x    large-rich     SizeAware      size=l   L_multi=+0.0331
  yolov8x    large-rich     SizeAware      size=m   L_multi=+0.0159
  yolov8x    large-rich     SizeAware      size=s   L_multi=+0.0007
  yolov8x    small-rich     SizeBlindRev   size=l   L_multi=+0.0216
  yolov8x    small-rich     SizeBlindRev   size=m   L_multi=+0.0118
  yolov8x    small-rich     SizeBlindRev   size=s   L_multi=+0.0011

=== B2: gen_gain restructure ===
saved /home/msyu/PycharmProjects/multimodel-scheduling-video/paper/tables/gen_gain.tex

=== Write tables and update main_vision.tex ===
saved /home/msyu/PycharmProjects/multimodel-scheduling-video/paper/tables/gen_decomp.tex
updated /home/msyu/PycharmProjects/multimodel-scheduling-video/paper/main_vision.tex
