This plugin does not support raise()
This plugin does not support propagateSizeHints()
This plugin does not support raise()
[Executor] Initialized results file: /home/msyu/PycharmProjects/fsrr-multimodel-scheduling/results/performance_20260728_190422.json
[Executor] Starting execution from the first schedule. Results will be saved to /home/msyu/PycharmProjects/fsrr-multimodel-scheduling/results/performance_20260728_190422.json
[Executor] Starting schedule: combination_burst
[UnifiedViewer] model resolution self-check [schedule_snapshot.yaml]:
    combination_burst: yolo11s -> yolo11s
    combination_burst: resnet50 -> resnet50
    combination_burst: mobilenet_v2 -> mobilenet_v2
[UnifiedViewer] view4 not used in this combination (no model assigned) [schedule_snapshot.yaml]
[UnifiedViewer] Loaded model settings from /home/msyu/PycharmProjects/fsrr-multimodel-scheduling/runs/20260728T100422Z_q13npu_Static_r1/schedule_snapshot.yaml for combination_burst
Starting execution with duration: 101 seconds
[UnifiedViewer] Starting view1 with yolo11s on CPU (thread)
[UnifiedViewer] Starting view2 with resnet50 on CPU (thread)
[UnifiedViewer] Starting view3 with mobilenet_v2 on CPU (thread)
[UnifiedViewer] Skipping worker start for view4: no model assigned
[Save Throughput] First schedule detected. Starting a new results file.
[Shutdown] Throughput data saved to /home/msyu/PycharmProjects/fsrr-multimodel-scheduling/results/performance_20260728_190422.json
[Queue Drain] view1_output_queue: 0 items drained
[Queue Drain] view2_output_queue: 0 items drained
[Queue Drain] view3_result_queue: 0 items drained
[Queue Drain] view4_result_queue: 0 items drained
[Stop Execution] Model execution stopped, display window hidden; Info window remains open
[Executor] All combinations executed. Leaving windows open.
[Executor] Wrote results with best deployment: combination_burst (schedule: schedule_snapshot.yaml)
[Main] Auto mode: all combinations finished. Quitting application...
[Main] QApplication loop exited.
terminate called without an active exception
