This plugin does not support raise()
This plugin does not support propagateSizeHints()
This plugin does not support raise()
[Executor] Initialized results file: /home/msyu/PycharmProjects/fsrr-multimodel-scheduling/results/performance_20260728_161340.json
[Executor] Starting execution from the first schedule. Results will be saved to /home/msyu/PycharmProjects/fsrr-multimodel-scheduling/results/performance_20260728_161340.json
[Executor] Starting schedule: combination_probe
[UnifiedViewer] model resolution self-check [schedule_snapshot.yaml]:
    combination_probe: yolo11x -> yolo11x
    combination_probe: yolo11l -> yolo11l
    combination_probe: yolo11m -> yolo11m
    combination_probe: resnet50 -> resnet50
[UnifiedViewer] Loaded model settings from /home/msyu/PycharmProjects/fsrr-multimodel-scheduling/runs/20260728T071340Z_lam90_rank:3/schedule_snapshot.yaml for combination_probe
Starting execution with duration: 21 seconds
[UnifiedViewer] Starting view1 with yolo11x on GPU (thread)
[UnifiedViewer] Starting view2 with yolo11l on GPU (thread)
[UnifiedViewer] Starting view3 with yolo11m on CPU (thread)
[UnifiedViewer] Starting view4 with resnet50 on GPU (thread)
[Save Throughput] First schedule detected. Starting a new results file.
[Shutdown] Throughput data saved to /home/msyu/PycharmProjects/fsrr-multimodel-scheduling/results/performance_20260728_161340.json
[Queue Drain] view1_output_queue: 0 items drained
[Queue Drain] view2_output_queue: 0 items drained
[Queue Drain] view3_result_queue: 0 items drained
[Queue Drain] view4_result_queue: 0 items drained
[Stop Execution] Model execution stopped, display window hidden; Info window remains open
[Executor] All combinations executed. Leaving windows open.
[Executor] Wrote results with best deployment: combination_probe (schedule: schedule_snapshot.yaml)
[Main] Auto mode: all combinations finished. Quitting application...
[Main] QApplication loop exited.
