This plugin does not support raise()
This plugin does not support propagateSizeHints()
This plugin does not support raise()
This plugin does not support raise()
This plugin does not support raise()
This plugin does not support raise()
This plugin does not support raise()
This plugin does not support raise()
This plugin does not support raise()
[Main] --stop-after cand_1: truncated combos to ['combination_stable', 'combination_burst', 'cand_1']
[Executor] Initialized results file: /home/msyu/PycharmProjects/fsrr-multimodel-scheduling/results/performance_20260729_164146.json
[Executor] Starting execution from the first schedule. Results will be saved to /home/msyu/PycharmProjects/fsrr-multimodel-scheduling/results/performance_20260729_164146.json
[Executor] Starting schedule: combination_stable
[UnifiedViewer] model resolution self-check [schedule_snapshot.yaml]:
    combination_stable: yolo11x -> yolo11x
    combination_stable: yolo11l -> yolo11l
    combination_stable: yolo11m -> yolo11m
    combination_stable: resnet50 -> resnet50
    combination_burst: yolo11x -> yolo11x
    combination_burst: yolo11l -> yolo11l
    combination_burst: yolo11m -> yolo11m
    combination_burst: resnet50 -> resnet50
    cand_1: yolo11x -> yolo11x
    cand_1: yolo11l -> yolo11l
    cand_1: yolo11m -> yolo11m
    cand_1: resnet50 -> resnet50
    cand_2: yolo11x -> yolo11x
    cand_2: yolo11l -> yolo11l
    cand_2: yolo11m -> yolo11m
    cand_2: resnet50 -> resnet50
    cand_3: yolo11x -> yolo11x
    cand_3: yolo11l -> yolo11l
    cand_3: yolo11m -> yolo11m
    cand_3: resnet50 -> resnet50
    cand_4: yolo11x -> yolo11x
    cand_4: yolo11l -> yolo11l
    cand_4: yolo11m -> yolo11m
    cand_4: resnet50 -> resnet50
    cand_5: yolo11x -> yolo11x
    cand_5: yolo11l -> yolo11l
    cand_5: yolo11m -> yolo11m
    cand_5: resnet50 -> resnet50
[UnifiedViewer] Loaded model settings from /home/msyu/PycharmProjects/fsrr-multimodel-scheduling/runs/20260729T074146Z_q4_Adaptive_r2/schedule_snapshot.yaml for combination_stable
Starting execution with duration: 16 seconds
[UnifiedViewer] Starting view1 with yolo11x on GPU (thread)
[UnifiedViewer] Starting view2 with yolo11l on GPU (thread)
[UnifiedViewer] Starting view3 with yolo11m on GPU (thread)
[UnifiedViewer] Starting view4 with resnet50 on GPU (thread)
[Executor] Starting schedule: combination_burst
[Executor] Reusing existing viewer for schedule: combination_burst (adaptive=True, reactive=False)
[UnifiedViewer] Updating combination to: combination_burst (File: /home/msyu/PycharmProjects/fsrr-multimodel-scheduling/runs/20260729T074146Z_q4_Adaptive_r2/schedule_snapshot.yaml) adaptive=True reactive=False
[AdaptiveDeploy] view1: same device (gpu), keeping worker
[AdaptiveDeploy] view2: same device (gpu), keeping worker
[AdaptiveDeploy] view3: same device (gpu), keeping worker
[AdaptiveDeploy] view4: same device (gpu), keeping worker
[AdaptiveDeploy] Transition complete. kept={'view2', 'view4', 'view3', 'view1'}, swapped=set()
[Executor] Adaptive: execution continues, hot-swap in progress
[timed_shutdown] Cancelled (adaptive deploy transition in progress)
[Executor] Starting schedule: cand_1
[Executor] Reusing existing viewer for schedule: cand_1 (adaptive=True, reactive=False)
[UnifiedViewer] Updating combination to: cand_1 (File: /home/msyu/PycharmProjects/fsrr-multimodel-scheduling/runs/20260729T074146Z_q4_Adaptive_r2/schedule_snapshot.yaml) adaptive=True reactive=False
[AdaptiveDeploy] view1: same device (gpu), keeping worker
[AdaptiveDeploy] view2: same device (gpu), keeping worker
[AdaptiveDeploy] view3: same device (gpu), keeping worker
[AdaptiveDeploy] view4: same device (gpu), keeping worker
[AdaptiveDeploy] Transition complete. kept={'view2', 'view4', 'view3', 'view1'}, swapped=set()
[Executor] Adaptive: execution continues, hot-swap in progress
[Shutdown] Throughput data saved to /home/msyu/PycharmProjects/fsrr-multimodel-scheduling/results/performance_20260729_164146.json
[Queue Drain] view1_output_queue: 0 items drained
[Queue Drain] view2_output_queue: 0 items drained
[Queue Drain] view3_result_queue: 0 items drained
[Queue Drain] view4_result_queue: 0 items drained
[Stop Execution] Model execution stopped, display window hidden; Info window remains open
[Executor] All combinations executed. Leaving windows open.
[Executor] Wrote results with best deployment: cand_1 (schedule: schedule_snapshot.yaml)
[Main] Auto mode: all combinations finished. Quitting application...
[Main] QApplication loop exited.
