This plugin does not support raise()
This plugin does not support propagateSizeHints()
This plugin does not support raise()
This plugin does not support raise()
This plugin does not support raise()
This plugin does not support raise()
This plugin does not support raise()
This plugin does not support raise()
This plugin does not support raise()
This plugin does not support raise()
This plugin does not support raise()
[Main] --stop-after cand_1: truncated combos to ['combination_stable', 'combination_burst', 'cand_1']
[Executor] Initialized results file: /home/msyu/PycharmProjects/fsrr-multimodel-scheduling/results/performance_20260728_193732.json
[Executor] Starting execution from the first schedule. Results will be saved to /home/msyu/PycharmProjects/fsrr-multimodel-scheduling/results/performance_20260728_193732.json
[Executor] Starting schedule: combination_stable
[UnifiedViewer] model resolution self-check [schedule_snapshot.yaml]:
    combination_stable: yolo11s -> yolo11s
    combination_stable: resnet50 -> resnet50
    combination_stable: mobilenet_v2 -> mobilenet_v2
    combination_burst: yolo11s -> yolo11s
    combination_burst: resnet50 -> resnet50
    combination_burst: mobilenet_v2 -> mobilenet_v2
    cand_1: yolo11s -> yolo11s
    cand_1: resnet50 -> resnet50
    cand_1: mobilenet_v2 -> mobilenet_v2
    cand_2: yolo11s -> yolo11s
    cand_2: resnet50 -> resnet50
    cand_2: mobilenet_v2 -> mobilenet_v2
    cand_3: yolo11s -> yolo11s
    cand_3: resnet50 -> resnet50
    cand_3: mobilenet_v2 -> mobilenet_v2
    cand_4: yolo11s -> yolo11s
    cand_4: resnet50 -> resnet50
    cand_4: mobilenet_v2 -> mobilenet_v2
    cand_5: yolo11s -> yolo11s
    cand_5: resnet50 -> resnet50
    cand_5: mobilenet_v2 -> mobilenet_v2
[UnifiedViewer] view4 not used in this combination (no model assigned) [schedule_snapshot.yaml]
[UnifiedViewer] Loaded model settings from /home/msyu/PycharmProjects/fsrr-multimodel-scheduling/runs/20260728T103732Z_q13gpuV2_Stop-restart_r0/schedule_snapshot.yaml for combination_stable
Starting execution with duration: 16 seconds
[UnifiedViewer] Starting view1 with yolo11s on GPU (thread)
[UnifiedViewer] Starting view2 with resnet50 on GPU (thread)
[UnifiedViewer] Starting view3 with mobilenet_v2 on GPU (thread)
[UnifiedViewer] Skipping worker start for view4: no model assigned
Execution duration completed, stopping model execution...
[Save Throughput] First schedule detected. Starting a new results file.
[Shutdown] Throughput data saved to /home/msyu/PycharmProjects/fsrr-multimodel-scheduling/results/performance_20260728_193732.json
[Queue Drain] view1_output_queue: 0 items drained
[Queue Drain] view2_output_queue: 0 items drained
[Queue Drain] view3_result_queue: 0 items drained
[Queue Drain] view4_result_queue: 0 items drained
[Stop Execution] Already stopped for this run. Skipping duplicate save.
[Executor] Starting schedule: combination_burst
[Executor] Reusing existing viewer for schedule: combination_burst (adaptive=False, reactive=False)
[UnifiedViewer] Updating combination to: combination_burst (File: /home/msyu/PycharmProjects/fsrr-multimodel-scheduling/runs/20260728T103732Z_q13gpuV2_Stop-restart_r0/schedule_snapshot.yaml) adaptive=False reactive=False
[Stop Execution] Already stopped for this run. Skipping duplicate save.
[UnifiedViewer] model resolution self-check [schedule_snapshot.yaml]:
    combination_stable: yolo11s -> yolo11s
    combination_stable: resnet50 -> resnet50
    combination_stable: mobilenet_v2 -> mobilenet_v2
    combination_burst: yolo11s -> yolo11s
    combination_burst: resnet50 -> resnet50
    combination_burst: mobilenet_v2 -> mobilenet_v2
    cand_1: yolo11s -> yolo11s
    cand_1: resnet50 -> resnet50
    cand_1: mobilenet_v2 -> mobilenet_v2
    cand_2: yolo11s -> yolo11s
    cand_2: resnet50 -> resnet50
    cand_2: mobilenet_v2 -> mobilenet_v2
    cand_3: yolo11s -> yolo11s
    cand_3: resnet50 -> resnet50
    cand_3: mobilenet_v2 -> mobilenet_v2
    cand_4: yolo11s -> yolo11s
    cand_4: resnet50 -> resnet50
    cand_4: mobilenet_v2 -> mobilenet_v2
    cand_5: yolo11s -> yolo11s
    cand_5: resnet50 -> resnet50
    cand_5: mobilenet_v2 -> mobilenet_v2
[UnifiedViewer] view4 not used in this combination (no model assigned) [schedule_snapshot.yaml]
[UnifiedViewer] Loaded model settings from /home/msyu/PycharmProjects/fsrr-multimodel-scheduling/runs/20260728T103732Z_q13gpuV2_Stop-restart_r0/schedule_snapshot.yaml for combination_burst
Starting execution with duration: 11 seconds
[UnifiedViewer] Starting view1 with yolo11s on CPU (thread)
[UnifiedViewer] Starting view2 with resnet50 on CPU (thread)
[UnifiedViewer] Starting view3 with mobilenet_v2 on CPU (thread)
[UnifiedViewer] Skipping worker start for view4: no model assigned
Execution duration completed, stopping model execution...
[Shutdown] Throughput data saved to /home/msyu/PycharmProjects/fsrr-multimodel-scheduling/results/performance_20260728_193732.json
[Queue Drain] view1_output_queue: 0 items drained
[Queue Drain] view2_output_queue: 0 items drained
[Queue Drain] view3_result_queue: 0 items drained
[Queue Drain] view4_result_queue: 0 items drained
[Stop Execution] Already stopped for this run. Skipping duplicate save.
[Executor] Starting schedule: cand_1
[Executor] Reusing existing viewer for schedule: cand_1 (adaptive=False, reactive=False)
[UnifiedViewer] Updating combination to: cand_1 (File: /home/msyu/PycharmProjects/fsrr-multimodel-scheduling/runs/20260728T103732Z_q13gpuV2_Stop-restart_r0/schedule_snapshot.yaml) adaptive=False reactive=False
[Stop Execution] Already stopped for this run. Skipping duplicate save.
[UnifiedViewer] model resolution self-check [schedule_snapshot.yaml]:
    combination_stable: yolo11s -> yolo11s
    combination_stable: resnet50 -> resnet50
    combination_stable: mobilenet_v2 -> mobilenet_v2
    combination_burst: yolo11s -> yolo11s
    combination_burst: resnet50 -> resnet50
    combination_burst: mobilenet_v2 -> mobilenet_v2
    cand_1: yolo11s -> yolo11s
    cand_1: resnet50 -> resnet50
    cand_1: mobilenet_v2 -> mobilenet_v2
    cand_2: yolo11s -> yolo11s
    cand_2: resnet50 -> resnet50
    cand_2: mobilenet_v2 -> mobilenet_v2
    cand_3: yolo11s -> yolo11s
    cand_3: resnet50 -> resnet50
    cand_3: mobilenet_v2 -> mobilenet_v2
    cand_4: yolo11s -> yolo11s
    cand_4: resnet50 -> resnet50
    cand_4: mobilenet_v2 -> mobilenet_v2
    cand_5: yolo11s -> yolo11s
    cand_5: resnet50 -> resnet50
    cand_5: mobilenet_v2 -> mobilenet_v2
[UnifiedViewer] view4 not used in this combination (no model assigned) [schedule_snapshot.yaml]
[UnifiedViewer] Loaded model settings from /home/msyu/PycharmProjects/fsrr-multimodel-scheduling/runs/20260728T103732Z_q13gpuV2_Stop-restart_r0/schedule_snapshot.yaml for cand_1
Starting execution with duration: 76 seconds
[UnifiedViewer] Starting view1 with yolo11s on GPU (thread)
[UnifiedViewer] Starting view2 with resnet50 on GPU (thread)
[UnifiedViewer] Starting view3 with mobilenet_v2 on GPU (thread)
[UnifiedViewer] Skipping worker start for view4: no model assigned
Execution duration completed, stopping model execution...
[Shutdown] Throughput data saved to /home/msyu/PycharmProjects/fsrr-multimodel-scheduling/results/performance_20260728_193732.json
[Queue Drain] view1_output_queue: 0 items drained
[Queue Drain] view2_output_queue: 0 items drained
[Queue Drain] view3_result_queue: 0 items drained
[Queue Drain] view4_result_queue: 0 items drained
[Stop Execution] Already stopped for this run. Skipping duplicate save.
[Executor] All combinations executed. Leaving windows open.
[Executor] Wrote results with best deployment: cand_1 (schedule: schedule_snapshot.yaml)
[Main] Auto mode: all combinations finished. Quitting application...
[Main] QApplication loop exited.
terminate called without an active exception
