This plugin does not support raise()
This plugin does not support propagateSizeHints()
This plugin does not support raise()
This plugin does not support raise()
This plugin does not support raise()
This plugin does not support raise()
This plugin does not support raise()
This plugin does not support raise()
This plugin does not support raise()
[Executor] Initialized results file: /workspace/multimodel-scheduling/results/performance_20260421_111425.json
[Executor] Starting execution from the first schedule. Results will be saved to /workspace/multimodel-scheduling/results/performance_20260421_111425.json
[Executor] Starting schedule: phase_a
[UnifiedViewer] Loaded model settings from tests/dynamic_load_views_schedule_npu.yaml for phase_a
Starting execution with duration: 23 seconds
[UnifiedViewer] Starting view1 with yolov3_big CPU (thread)
[YOLO CPU] Loading model...
[UnifiedViewer] Starting view2 with yolov3_small CPU (thread)
[YOLO CPU] Loading model...
[UnifiedViewer] Starting view3 with resnet50_big CPU (thread)
[YOLO CPU] Model loaded successfully
[UnifiedViewer] Starting view4 with resnet50_small CPU (thread)
[YOLO CPU] Model loaded successfully
[ResNet CPU] Model IO - input_name=input, output_name=output, input_shape=['batch_size', 3, 224, 224], layout=NCHW
[ResNet CPU] Model IO - input_name=input, output_name=output, input_shape=['batch_size', 3, 224, 224], layout=NCHW
[Executor] Starting schedule: phase_b
[Executor] Reusing existing viewer for schedule: phase_b (adaptive=True, reactive=False)
[UnifiedViewer] Updating combination to: phase_b (File: tests/dynamic_load_views_schedule_npu.yaml) adaptive=True reactive=False
[AdaptiveDeploy] view1: same device (cpu), keeping worker
[AdaptiveDeploy] view2: same device (cpu), keeping worker
[AdaptiveDeploy] view3: same device (cpu), keeping worker
[AdaptiveDeploy] view4: same device (cpu), keeping worker
[AdaptiveDeploy] Transition complete. kept={'view1', 'view4', 'view3', 'view2'}, swapped=set()
[Executor] Adaptive: execution continues, hot-swap in progress
[timed_shutdown] Cancelled (adaptive deploy transition in progress)
[Executor] Starting schedule: phase_c
[Executor] Reusing existing viewer for schedule: phase_c (adaptive=True, reactive=False)
[UnifiedViewer] Updating combination to: phase_c (File: tests/dynamic_load_views_schedule_npu.yaml) adaptive=True reactive=False
[AdaptiveDeploy] view1: same device (cpu), keeping worker
[AdaptiveDeploy] view2: device changed (cpu -> npu1), hot-swapping
[AdaptiveDeploy] view2: starting NPU worker (npu1)
[AdaptiveDeploy] view3: same device (cpu), keeping worker
[AdaptiveDeploy] view4: same device (cpu), keeping worker
[AdaptiveDeploy] Transition complete. kept={'view1', 'view4', 'view3'}, swapped={'view2'}
[Executor] Adaptive: execution continues, hot-swap in progress
munmap_chunk(): invalid pointer
[AdaptiveDeploy] view2: NPU worker died during init!
[VideoFeeder] Swapped queue for view2
[AdaptiveDeploy] view2: NPU hot-swap complete
[Executor] Starting schedule: phase_d
[Executor] Reusing existing viewer for schedule: phase_d (adaptive=True, reactive=False)
[UnifiedViewer] Updating combination to: phase_d (File: tests/dynamic_load_views_schedule_npu.yaml) adaptive=True reactive=False
[AdaptiveDeploy] view1: device changed (cpu -> npu0), hot-swapping
[AdaptiveDeploy] view1: starting NPU worker (npu0)
This plugin does not support raise()
This plugin does not support raise()
This plugin does not support raise()
munmap_chunk(): invalid pointer
[AdaptiveDeploy] view2: same device (npu1), keeping worker
[AdaptiveDeploy] view3: same device (cpu), keeping worker
[AdaptiveDeploy] view4: same device (cpu), keeping worker
[AdaptiveDeploy] Transition complete. kept={'view4', 'view3', 'view2'}, swapped={'view1'}
[Executor] Adaptive: execution continues, hot-swap in progress
[AdaptiveDeploy] view1: NPU worker died during init!
[VideoFeeder] Swapped queue for view1
[AdaptiveDeploy] view1: NPU hot-swap complete
[Shutdown] Throughput data saved to /workspace/multimodel-scheduling/results/performance_20260421_111425.json
[Queue Drain] view1_output_queue: 0 items drained
[Queue Drain] view2_output_queue: 0 items drained
[Queue Drain] view3_result_queue: 0 items drained
[Queue Drain] view4_result_queue: 0 items drained
[Stop Execution] Model execution stopped, display window hidden; Info window remains open
[Executor] All combinations executed. Leaving windows open.
[Executor] Wrote results with best deployment: phase_d (schedule: dynamic_load_views_schedule_npu.yaml)
[Main] Auto mode: all combinations finished. Quitting application...
[Main] QApplication loop exited.
