[Executor] Initialized results file: /workspace/multimodel-scheduling/results/performance_20260415_015118.json
[Executor] Starting execution from the first schedule. Results will be saved to /workspace/multimodel-scheduling/results/performance_20260415_015118.json
[Executor] Starting schedule: phase_a
[UnifiedViewer] Loaded model settings from tests/dynamic_load_views_schedule_npu.yaml for phase_a
This plugin does not support raise()
This plugin does not support propagateSizeHints()
Starting execution with duration: 19 seconds
This plugin does not support raise()
[UnifiedViewer] Starting view1 with yolov3_big CPU (thread)
[YOLO CPU] Loading model...[UnifiedViewer] Starting view2 with yolov3_small CPU (thread)

[YOLO CPU] Loading model...
[UnifiedViewer] Starting view3 with resnet50_big CPU (thread)
[UnifiedViewer] Starting view4 with resnet50_small CPU (thread)[YOLO CPU] Model loaded successfully
[YOLO CPU] Model loaded successfully

[ResNet CPU] Model IO - input_name=input, output_name=output, input_shape=['batch_size', 3, 224, 224], layout=NCHW
[ResNet CPU] Model IO - input_name=input, output_name=output, input_shape=['batch_size', 3, 224, 224], layout=NCHW
[Executor] Starting schedule: phase_b
[Executor] Mode 0: same placement phase_a -> phase_b; applying infps in-place (no restart)
[UnifiedViewer] Static phase update: combination=phase_b, input_rates={'yolov3_big': 30.0, 'yolov3_small': 30.0, 'resnet50_big': 20.0, 'resnet50_small': 20.0}
[UnifiedViewer] Input rates updated live: {'yolov3_big': 30.0, 'yolov3_small': 30.0, 'resnet50_big': 20.0, 'resnet50_small': 20.0}
[timed_shutdown] Cancelled (adaptive deploy transition in progress)
[Shutdown] Throughput data saved to /workspace/multimodel-scheduling/results/performance_20260415_015118.json
[Queue Drain] view1_output_queue: 0 items drained
[Queue Drain] view2_output_queue: 0 items drained
[Queue Drain] view3_result_queue: 0 items drained
[Queue Drain] view4_result_queue: 0 items drained
[Stop Execution] Model execution stopped, display window hidden; Info window remains open
[Executor] Starting schedule: phase_c
[Executor] Reusing existing viewer for schedule: phase_c (adaptive=False, reactive=False)
[UnifiedViewer] Updating combination to: phase_c (File: tests/dynamic_load_views_schedule_npu.yaml) adaptive=False reactive=False
[Stop Execution] Already stopped for this run. Skipping duplicate save.
[UnifiedViewer] Loaded model settings from tests/dynamic_load_views_schedule_npu.yaml for phase_c
This plugin does not support raise()
This plugin does not support raise()
Starting execution with duration: 81 seconds
This plugin does not support raise()
[UnifiedViewer] Starting view1 with yolov3_big CPU (thread)
[YOLO CPU] Loading model...[UnifiedViewer] Starting view2 with yolov3_small NPU1 (process)

[YOLO CPU] Model loaded successfully
[UnifiedViewer] Starting view3 with resnet50_big CPU (thread)
[UnifiedViewer] Starting view4 with resnet50_small NPU0 (process)
[ResNet CPU] Model IO - input_name=input, output_name=output, input_shape=['batch_size', 3, 224, 224], layout=NCHW
Driver for NPU0 initialized and model loaded successfully.
Driver for NPU1 initialized and model loaded successfully.
Execution duration completed, stopping model execution...
Driver closed successfully.
[Shutdown] Throughput data saved to /workspace/multimodel-scheduling/results/performance_20260415_015118.json
[Queue Drain] view1_output_queue: 0 items drained
[Queue Drain] view2_output_queue: 0 items drained
[Queue Drain] view3_result_queue: 0 items drained
[Queue Drain] view4_result_queue: 0 items drained
[Stop Execution] Already stopped for this run. Skipping duplicate save.
[Executor] All combinations executed. Leaving windows open.
[Executor] Wrote results with best deployment: phase_b (schedule: dynamic_load_views_schedule_npu.yaml)
[Main] Auto mode: all combinations finished. Quitting application...
[Main] QApplication loop exited.
