24 logs, 15062 frames total, 2 devices

===== dumping gpu_fp32 =====
creating index...
index created!
  [1/24] sid=0 frames=901 cum_dets=4823 elapsed=9s
creating index...
index created!
  [2/24] sid=1 frames=901 cum_dets=9852 elapsed=17s
creating index...
index created!
  [3/24] sid=2 frames=469 cum_dets=15349 elapsed=21s
creating index...
index created!
  [4/24] sid=3 frames=475 cum_dets=20447 elapsed=25s
creating index...
index created!
  [5/24] sid=4 frames=670 cum_dets=25265 elapsed=31s
creating index...
index created!
  [6/24] sid=5 frames=442 cum_dets=28559 elapsed=35s
creating index...
index created!
  [7/24] sid=6 frames=469 cum_dets=34041 elapsed=39s
creating index...
index created!
  [8/24] sid=7 frames=468 cum_dets=36388 elapsed=43s
creating index...
index created!
  [9/24] sid=8 frames=890 cum_dets=41810 elapsed=51s
creating index...
index created!
  [10/24] sid=9 frames=657 cum_dets=47351 elapsed=57s
creating index...
index created!
  [11/24] sid=10 frames=466 cum_dets=53176 elapsed=61s
creating index...
index created!
  [12/24] sid=11 frames=901 cum_dets=65492 elapsed=69s
creating index...
index created!
  [13/24] sid=12 frames=469 cum_dets=69249 elapsed=73s
creating index...
index created!
  [14/24] sid=13 frames=895 cum_dets=75888 elapsed=80s
creating index...
index created!
  [15/24] sid=14 frames=901 cum_dets=84019 elapsed=88s
creating index...
index created!
  [16/24] sid=15 frames=889 cum_dets=87680 elapsed=95s
creating index...
index created!
  [17/24] sid=16 frames=469 cum_dets=90520 elapsed=99s
creating index...
index created!
  [18/24] sid=17 frames=475 cum_dets=95649 elapsed=103s
creating index...
index created!
  [19/24] sid=18 frames=901 cum_dets=100911 elapsed=111s
creating index...
index created!
  [20/24] sid=19 frames=466 cum_dets=106185 elapsed=115s
creating index...
index created!
  [21/24] sid=20 frames=469 cum_dets=112241 elapsed=119s
creating index...
index created!
  [22/24] sid=21 frames=469 cum_dets=116926 elapsed=123s
creating index...
index created!
  [23/24] sid=22 frames=475 cum_dets=123344 elapsed=127s
creating index...
index created!
  [24/24] sid=23 frames=475 cum_dets=127796 elapsed=131s
  wrote /home/msyu/PycharmProjects/multimodel-scheduling-video/analysis/b1_dets/gpu_fp32.npz  (127796 dets, 131s)
I0703 19:29:20.861 4005464 model_impl.cc:1025] Model constructed. (models/mobilint_backup/yolo11s.mxq) 
I0703 19:29:20.873 4005464 model_impl.cc:1357] Model launched.

===== NPU determinism check (sid=5, first 50 frames, 2 reps) =====
creating index...
index created!
  frames=50 dets=366 same_counts=True max_box_diff=0.00e+00 max_score_diff=0.00e+00
  DETERMINISM: PASS

===== dumping npu_int8 =====
creating index...
index created!
  [1/24] sid=0 frames=901 cum_dets=4357 elapsed=9s
creating index...
index created!
  [2/24] sid=1 frames=901 cum_dets=8145 elapsed=18s
creating index...
index created!
  [3/24] sid=2 frames=469 cum_dets=12796 elapsed=23s
creating index...
index created!
  [4/24] sid=3 frames=475 cum_dets=16426 elapsed=28s
creating index...
index created!
  [5/24] sid=4 frames=670 cum_dets=20752 elapsed=35s
creating index...
index created!
  [6/24] sid=5 frames=442 cum_dets=23887 elapsed=40s
creating index...
index created!
  [7/24] sid=6 frames=469 cum_dets=28769 elapsed=44s
creating index...
index created!
  [8/24] sid=7 frames=468 cum_dets=30856 elapsed=49s
creating index...
index created!
  [9/24] sid=8 frames=890 cum_dets=35312 elapsed=58s
creating index...
index created!
  [10/24] sid=9 frames=657 cum_dets=40638 elapsed=65s
creating index...
index created!
  [11/24] sid=10 frames=466 cum_dets=45523 elapsed=70s
creating index...
index created!
  [12/24] sid=11 frames=901 cum_dets=56500 elapsed=79s
creating index...
index created!
  [13/24] sid=12 frames=469 cum_dets=59929 elapsed=84s
creating index...
index created!
  [14/24] sid=13 frames=895 cum_dets=65757 elapsed=93s
creating index...
index created!
  [15/24] sid=14 frames=901 cum_dets=73087 elapsed=102s
creating index...
index created!
  [16/24] sid=15 frames=889 cum_dets=75600 elapsed=110s
creating index...
index created!
  [17/24] sid=16 frames=469 cum_dets=78001 elapsed=115s
creating index...
index created!
  [18/24] sid=17 frames=475 cum_dets=82543 elapsed=120s
creating index...
index created!
  [19/24] sid=18 frames=901 cum_dets=87370 elapsed=129s
creating index...
index created!
  [20/24] sid=19 frames=466 cum_dets=91143 elapsed=134s
creating index...
index created!
  [21/24] sid=20 frames=469 cum_dets=96645 elapsed=138s
creating index...
index created!
  [22/24] sid=21 frames=469 cum_dets=99330 elapsed=143s
creating index...
index created!
  [23/24] sid=22 frames=475 cum_dets=104931 elapsed=148s
creating index...
index created!
  [24/24] sid=23 frames=475 cum_dets=108338 elapsed=153s
  wrote /home/msyu/PycharmProjects/multimodel-scheduling-video/analysis/b1_dets/npu_int8.npz  (108338 dets, 153s)
I0703 19:31:55.519 4005464 model_impl.cc:1376] Model disposed.

DONE.
