This plugin does not support raise()
This plugin does not support propagateSizeHints()
This plugin does not support raise()
This plugin does not support raise()
This plugin does not support raise()
This plugin does not support raise()
This plugin does not support raise()
This plugin does not support raise()
This plugin does not support raise()
This plugin does not support raise()
This plugin does not support raise()
This plugin does not support raise()
This plugin does not support raise()
This plugin does not support raise()
This plugin does not support raise()
This plugin does not support raise()
This plugin does not support raise()
This plugin does not support raise()
[Executor] Initialized results file: /home/msyu/PycharmProjects/fsrr-multimodel-scheduling/results/performance_20260729_161801.json
[Executor] Starting execution from the first schedule. Results will be saved to /home/msyu/PycharmProjects/fsrr-multimodel-scheduling/results/performance_20260729_161801.json
[Executor] Starting schedule: combination_stable
[UnifiedViewer] model resolution self-check [schedule_snapshot.yaml]:
    combination_stable: yolo11x -> yolo11x
    combination_stable: yolo11l -> yolo11l
    combination_stable: yolo11m -> yolo11m
    combination_stable: resnet50 -> resnet50
    combination_burst: yolo11x -> yolo11x
    combination_burst: yolo11l -> yolo11l
    combination_burst: yolo11m -> yolo11m
    combination_burst: resnet50 -> resnet50
    cand_1: yolo11x -> yolo11x
    cand_1: yolo11l -> yolo11l
    cand_1: yolo11m -> yolo11m
    cand_1: resnet50 -> resnet50
    cand_2: yolo11x -> yolo11x
    cand_2: yolo11l -> yolo11l
    cand_2: yolo11m -> yolo11m
    cand_2: resnet50 -> resnet50
    cand_3: yolo11x -> yolo11x
    cand_3: yolo11l -> yolo11l
    cand_3: yolo11m -> yolo11m
    cand_3: resnet50 -> resnet50
    cand_4: yolo11x -> yolo11x
    cand_4: yolo11l -> yolo11l
    cand_4: yolo11m -> yolo11m
    cand_4: resnet50 -> resnet50
    cand_5: yolo11x -> yolo11x
    cand_5: yolo11l -> yolo11l
    cand_5: yolo11m -> yolo11m
    cand_5: resnet50 -> resnet50
[UnifiedViewer] Loaded model settings from /home/msyu/PycharmProjects/fsrr-multimodel-scheduling/runs/20260729T071801Z_q4_A_r1/schedule_snapshot.yaml for combination_stable
Starting execution with duration: 16 seconds
[UnifiedViewer] Starting view1 with yolo11x on GPU (thread)
[UnifiedViewer] Starting view2 with yolo11l on GPU (thread)
[UnifiedViewer] Starting view3 with yolo11m on GPU (thread)
[UnifiedViewer] Starting view4 with resnet50 on GPU (thread)
[Executor] Starting schedule: combination_burst
[Executor] Reusing existing viewer for schedule: combination_burst (adaptive=True, reactive=False)
[UnifiedViewer] Updating combination to: combination_burst (File: /home/msyu/PycharmProjects/fsrr-multimodel-scheduling/runs/20260729T071801Z_q4_A_r1/schedule_snapshot.yaml) adaptive=True reactive=False
[AdaptiveDeploy] view1: same device (gpu), keeping worker
[AdaptiveDeploy] view2: same device (gpu), keeping worker
[AdaptiveDeploy] view3: same device (gpu), keeping worker
[AdaptiveDeploy] view4: same device (gpu), keeping worker
[AdaptiveDeploy] Transition complete. kept={'view3', 'view4', 'view1', 'view2'}, swapped=set()
[Executor] Adaptive: execution continues, hot-swap in progress
[timed_shutdown] Cancelled (adaptive deploy transition in progress)
[Executor] Starting schedule: cand_1
[Executor] Reusing existing viewer for schedule: cand_1 (adaptive=True, reactive=False)
[UnifiedViewer] Updating combination to: cand_1 (File: /home/msyu/PycharmProjects/fsrr-multimodel-scheduling/runs/20260729T071801Z_q4_A_r1/schedule_snapshot.yaml) adaptive=True reactive=False
[AdaptiveDeploy] view1: same device (gpu), keeping worker
[AdaptiveDeploy] view2: same device (gpu), keeping worker
[AdaptiveDeploy] view3: same device (gpu), keeping worker
[AdaptiveDeploy] view4: same device (gpu), keeping worker
[AdaptiveDeploy] Transition complete. kept={'view3', 'view4', 'view1', 'view2'}, swapped=set()
[Executor] Adaptive: execution continues, hot-swap in progress
[Executor] QoS-trigger active: combo=cand_1 policy=v-above eps=1.0 T_v=3.0s
[Executor] QoS-poll combo=cand_1 elapsed=0.2s V(t)=297.932 eps=1.0
[Executor] QoS-triggered advance: no-dwell: V(t)=297.932 > eps=1.0 in combo=cand_1 (svc_rate=256.2fps, no T_v observation)
[Executor] Starting schedule: cand_2
[Executor] Reusing existing viewer for schedule: cand_2 (adaptive=True, reactive=False)
[UnifiedViewer] Updating combination to: cand_2 (File: /home/msyu/PycharmProjects/fsrr-multimodel-scheduling/runs/20260729T071801Z_q4_A_r1/schedule_snapshot.yaml) adaptive=True reactive=False
[AdaptiveDeploy] view1: device changed (gpu -> cpu), hot-swapping
[AdaptiveDeploy] view2: same device (gpu), keeping worker
[AdaptiveDeploy] view3: same device (gpu), keeping worker
[AdaptiveDeploy] view4: same device (gpu), keeping worker
[AdaptiveDeploy] Transition complete. kept={'view3', 'view4', 'view2'}, swapped={'view1'}
[Executor] Adaptive: execution continues, hot-swap in progress
[AdaptiveDeploy] view1: new worker ready, switching queues
[VideoFeeder] Swapped queue for view1
[Executor] QoS-trigger active: combo=cand_2 policy=v-above eps=1.0 T_v=3.0s
[AdaptiveDeploy] view1: backlog preserved across hot-swap (moved=299 dropped=0)
[AdaptiveDeploy] view1: hot-swap complete (delta=373ms)
[Executor] QoS-poll combo=cand_2 elapsed=0.2s V(t)=336.869 eps=1.0
[Executor] QoS-triggered advance: no-dwell: V(t)=336.869 > eps=1.0 in combo=cand_2 (svc_rate=275.4fps, no T_v observation)
[Executor] Starting schedule: cand_3
[Executor] Reusing existing viewer for schedule: cand_3 (adaptive=True, reactive=False)
[UnifiedViewer] Updating combination to: cand_3 (File: /home/msyu/PycharmProjects/fsrr-multimodel-scheduling/runs/20260729T071801Z_q4_A_r1/schedule_snapshot.yaml) adaptive=True reactive=False
[AdaptiveDeploy] view1: device changed (cpu -> gpu), hot-swapping
[AdaptiveDeploy] view2: same device (gpu), keeping worker
[AdaptiveDeploy] view3: device changed (gpu -> cpu), hot-swapping
[AdaptiveDeploy] view3: new worker ready, switching queues
[VideoFeeder] Swapped queue for view3
[AdaptiveDeploy] view4: same device (gpu), keeping worker
[AdaptiveDeploy] Transition complete. kept={'view4', 'view2'}, swapped={'view3', 'view1'}
[Executor] Adaptive: execution continues, hot-swap in progress
[Executor] QoS-trigger active: combo=cand_3 policy=v-above eps=1.0 T_v=3.0s
[AdaptiveDeploy] view1: new worker ready, switching queues
[VideoFeeder] Swapped queue for view1
[AdaptiveDeploy] view3: backlog preserved across hot-swap (moved=301 dropped=3)
[AdaptiveDeploy] view3: hot-swap complete (delta=153ms)
[Executor] QoS-poll combo=cand_3 elapsed=0.2s V(t)=299.751 eps=1.0
[Executor] QoS-triggered advance: no-dwell: V(t)=299.751 > eps=1.0 in combo=cand_3 (svc_rate=258.1fps, no T_v observation)
[Executor] Starting schedule: cand_4
[Executor] Reusing existing viewer for schedule: cand_4 (adaptive=True, reactive=False)
[UnifiedViewer] Updating combination to: cand_4 (File: /home/msyu/PycharmProjects/fsrr-multimodel-scheduling/runs/20260729T071801Z_q4_A_r1/schedule_snapshot.yaml) adaptive=True reactive=False
[AdaptiveDeploy] view1: same device (gpu), keeping worker
[AdaptiveDeploy] view2: device changed (gpu -> cpu), hot-swapping
[AdaptiveDeploy] view3: device changed (cpu -> gpu), hot-swapping
[AdaptiveDeploy] view2: new worker ready, switching queues
[VideoFeeder] Swapped queue for view2
[AdaptiveDeploy] view3: new worker ready, switching queues
[VideoFeeder] Swapped queue for view3
[AdaptiveDeploy] view4: same device (gpu), keeping worker
[AdaptiveDeploy] Transition complete. kept={'view4', 'view1'}, swapped={'view3', 'view2'}
[Executor] Adaptive: execution continues, hot-swap in progress
[AdaptiveDeploy] view3: backlog preserved across hot-swap (moved=301 dropped=0)
[AdaptiveDeploy] view3: hot-swap complete (delta=95ms)
[Executor] QoS-trigger active: combo=cand_4 policy=v-above eps=1.0 T_v=3.0s
[AdaptiveDeploy] view1: backlog preserved across hot-swap (moved=300 dropped=0)
[AdaptiveDeploy] view1: hot-swap complete (delta=1119ms)
[AdaptiveDeploy] view2: backlog preserved across hot-swap (moved=298 dropped=0)
[AdaptiveDeploy] view2: hot-swap complete (delta=318ms)
[Executor] QoS-poll combo=cand_4 elapsed=0.2s V(t)=417.369 eps=1.0
[Executor] QoS-triggered advance: no-dwell: V(t)=417.369 > eps=1.0 in combo=cand_4 (svc_rate=240.6fps, no T_v observation)
[Executor] Starting schedule: cand_5
[Executor] Reusing existing viewer for schedule: cand_5 (adaptive=True, reactive=False)
[UnifiedViewer] Updating combination to: cand_5 (File: /home/msyu/PycharmProjects/fsrr-multimodel-scheduling/runs/20260729T071801Z_q4_A_r1/schedule_snapshot.yaml) adaptive=True reactive=False
[AdaptiveDeploy] view1: same device (gpu), keeping worker
[AdaptiveDeploy] view2: device changed (cpu -> gpu), hot-swapping
This plugin does not support raise()
This plugin does not support raise()
This plugin does not support raise()
This plugin does not support raise()
[AdaptiveDeploy] view2: new worker ready, switching queues
[VideoFeeder] Swapped queue for view2
[AdaptiveDeploy] view3: same device (gpu), keeping worker
[AdaptiveDeploy] view4: device changed (gpu -> cpu), hot-swapping
[AdaptiveDeploy] Transition complete. kept={'view3', 'view1'}, swapped={'view4', 'view2'}
[Executor] Adaptive: execution continues, hot-swap in progress
[Executor] QoS-trigger active: combo=cand_5 policy=v-above eps=1.0 T_v=3.0s
[AdaptiveDeploy] view4: new worker ready, switching queues
[ResnetImageFeeder] Swapped queue for view4
[AdaptiveDeploy] view4: backlog preserved across hot-swap (moved=1 dropped=0)
[AdaptiveDeploy] view4: hot-swap complete (delta=113ms)
[AdaptiveDeploy] view2: backlog preserved across hot-swap (moved=300 dropped=0)
[AdaptiveDeploy] view2: hot-swap complete (delta=229ms)
[Executor] QoS-poll combo=cand_5 elapsed=0.2s V(t)=454.988 eps=1.0
[Executor] QoS-triggered advance: no-dwell: V(t)=454.988 > eps=1.0 in combo=cand_5 (svc_rate=126.4fps, no T_v observation) (last candidate -> revert-to-best)
[Executor] exhausted -> revert to best (cand=cand_2, service_rate=275.4 fps); observations: cand_1=256.2fps, cand_2=275.4fps, cand_3=258.1fps, cand_4=240.6fps, cand_5=126.4fps
[UnifiedViewer] Updating combination to: cand_2 (File: /home/msyu/PycharmProjects/fsrr-multimodel-scheduling/runs/20260729T071801Z_q4_A_r1/schedule_snapshot.yaml) adaptive=True reactive=False
[AdaptiveDeploy] view1: device changed (gpu -> cpu), hot-swapping
[AdaptiveDeploy] view2: same device (gpu), keeping worker
[AdaptiveDeploy] view3: same device (gpu), keeping worker
[AdaptiveDeploy] view4: device changed (cpu -> gpu), hot-swapping
[AdaptiveDeploy] view4: new worker ready, switching queues
[ResnetImageFeeder] Swapped queue for view4
[AdaptiveDeploy] view1: new worker ready, switching queues
[VideoFeeder] Swapped queue for view1
[AdaptiveDeploy] Transition complete. kept={'view3', 'view2'}, swapped={'view4', 'view1'}
[Executor] reverted to best placement 'cand_2'; holding for 42s; V(t) monitoring continues.
[AdaptiveDeploy] view1: backlog preserved across hot-swap (moved=298 dropped=0)
[AdaptiveDeploy] view1: hot-swap complete (delta=359ms)
[AdaptiveDeploy] view4: backlog preserved across hot-swap (moved=46 dropped=0)
[AdaptiveDeploy] view4: hot-swap complete (delta=97ms)
[Shutdown] Throughput data saved to /home/msyu/PycharmProjects/fsrr-multimodel-scheduling/results/performance_20260729_161801.json
[Queue Drain] view1_output_queue: 0 items drained
[Queue Drain] view2_output_queue: 0 items drained
[Queue Drain] view3_result_queue: 0 items drained
[Queue Drain] view4_result_queue: 0 items drained
[Stop Execution] Model execution stopped, display window hidden; Info window remains open
[Executor] All combinations executed. Leaving windows open.
[Executor] Wrote results with best deployment: cand_2 (schedule: schedule_snapshot.yaml)
[Main] Auto mode: all combinations finished. Quitting application...
[Main] QApplication loop exited.
