py-spy> Sampling process 250 times a second. Press Control-C to exit.

I0703 22:03:58.394 4019982 model_impl.cc:1025] Model constructed. (models/mobilint_backup/yolo11s.mxq) 
I0703 22:03:58.409 4019982 model_impl.cc:1357] Model launched.
I0703 22:03:58.468 4019982 model_impl.cc:1025] Model constructed. (models/mobilint_backup/yolo11s.mxq) 
I0703 22:03:58.482 4019982 model_impl.cc:1357] Model launched.
I0703 22:03:58.571 4019982 model_impl.cc:1025] Model constructed. (models/mobilint_backup/yolo11s.mxq) 
I0703 22:03:58.586 4019982 model_impl.cc:1357] Model launched.
I0703 22:03:58.614 4019982 model_impl.cc:1025] Model constructed. (models/mobilint_backup/yolo11s.mxq) 
I0703 22:03:58.627 4019982 model_impl.cc:1357] Model launched.
[0;93m2026-07-03 22:03:59.402318731 [W:onnxruntime:, transformer_memcpy.cc:74 ApplyImpl] 45 Memcpy nodes are added to the graph main_graph for CUDAExecutionProvider. It might have negative impact on performance (including unable to run CUDA graph). Set session_options.log_severity_level=1 to see the detail logs before this message.[m
py-spy> 1.04s behind in sampling, results may be inaccurate. Try reducing the sampling rate
py-spy> 2.07s behind in sampling, results may be inaccurate. Try reducing the sampling rate
py-spy> 3.06s behind in sampling, results may be inaccurate. Try reducing the sampling rate
py-spy> 4.07s behind in sampling, results may be inaccurate. Try reducing the sampling rate
py-spy> 5.06s behind in sampling, results may be inaccurate. Try reducing the sampling rate
py-spy> 6.13s behind in sampling, results may be inaccurate. Try reducing the sampling rate
py-spy> 7.08s behind in sampling, results may be inaccurate. Try reducing the sampling rate
py-spy> 8.14s behind in sampling, results may be inaccurate. Try reducing the sampling rate
E0703 22:04:09.604 4020071 aries.cc:320] Failed to read memory buffer @ 0x806cb2000 (errno: 5)
E0703 22:04:09.604 4020071 npu_task_scheduler.cc:323] A fatal error occurred while executing the NPU task. Please dispose of the model and relaunch it
Exception in thread Thread-2 (fg_worker):
Traceback (most recent call last):
  File "/usr/lib/python3.10/threading.py", line 1016, in _bootstrap_inner
    self.run()
  File "/usr/lib/python3.10/threading.py", line 953, in run
    self._target(*self._args, **self._kwargs)
  File "/home/msyu/PycharmProjects/multimodel-scheduling-video/accv_experiments/scripts/_step_d_common.py", line 199, in fg_worker
    xyxy_coco, scores, coco_cls = npu_infer(img_path, frame_shape, model_or_none)
  File "/home/msyu/PycharmProjects/multimodel-scheduling-video/accv_experiments/scripts/_step_d_common.py", line 143, in npu_infer
    out = m(x)
  File "/home/msyu/PycharmProjects/MobilintTest/mblt-model-zoo/mblt_model_zoo/vision/wrapper.py", line 108, in __call__
    return self.model(x)
  File "/home/msyu/PycharmProjects/MobilintTest/mblt-model-zoo/mblt_model_zoo/vision/wrapper.py", line 328, in __call__
    npu_outs = self.model.infer(x)
  File "/home/msyu/PycharmProjects/multimodel-scheduling-video/.venv/lib/python3.10/site-packages/qbruntime/model.py", line 223, in infer
    return self._infer(inputs, outputs, cache_size, params=params)
  File "/home/msyu/PycharmProjects/multimodel-scheduling-video/.venv/lib/python3.10/site-packages/qbruntime/model.py", line 269, in _infer
    return [np.asarray(o) for o in infer_func(inputs, cache_size)]
qbruntime.qbruntime.QbRuntimeError: Model_NotAlive occurred.
Please visit https://docs.mobilint.com/v1.2/doxygen/html_en/group__CPPAPI.html for more details.
py-spy> 9.18s behind in sampling, results may be inaccurate. Try reducing the sampling rate
py-spy> 10.16s behind in sampling, results may be inaccurate. Try reducing the sampling rate
py-spy> 11.05s behind in sampling, results may be inaccurate. Try reducing the sampling rate
py-spy> 12.05s behind in sampling, results may be inaccurate. Try reducing the sampling rate
py-spy> 13.10s behind in sampling, results may be inaccurate. Try reducing the sampling rate
py-spy> 14.05s behind in sampling, results may be inaccurate. Try reducing the sampling rate
py-spy> 15.02s behind in sampling, results may be inaccurate. Try reducing the sampling rate
py-spy> 15.99s behind in sampling, results may be inaccurate. Try reducing the sampling rate
py-spy> 17.05s behind in sampling, results may be inaccurate. Try reducing the sampling rate
py-spy> 18.02s behind in sampling, results may be inaccurate. Try reducing the sampling rate
py-spy> 19.03s behind in sampling, results may be inaccurate. Try reducing the sampling rate
py-spy> 20.07s behind in sampling, results may be inaccurate. Try reducing the sampling rate
py-spy> 21.10s behind in sampling, results may be inaccurate. Try reducing the sampling rate
py-spy> 22.06s behind in sampling, results may be inaccurate. Try reducing the sampling rate
py-spy> 21.80s behind in sampling, results may be inaccurate. Try reducing the sampling rate
py-spy> 21.19s behind in sampling, results may be inaccurate. Try reducing the sampling rate
py-spy> 20.68s behind in sampling, results may be inaccurate. Try reducing the sampling rate
py-spy> 20.07s behind in sampling, results may be inaccurate. Try reducing the sampling rate
py-spy> 19.65s behind in sampling, results may be inaccurate. Try reducing the sampling rate
creating index...
index created!
creating index...
index created!
creating index...
index created!
creating index...
index created!
[bg-preload] ResNet50 ORT-CUDA ready
[bg-preload] TinyLLaMA ORT-CUDA ready
Loading and preparing results...
DONE (t=0.01s)
creating index...
index created!
Running per image evaluation...
Evaluate annotation type *bbox*
DONE (t=0.87s).
Accumulating evaluation results...
DONE (t=0.11s).
 Average Precision  (AP) @[ IoU=0.50:0.95 | area=   all | maxDets=100 ] = 0.065
 Average Precision  (AP) @[ IoU=0.50      | area=   all | maxDets=100 ] = 0.107
 Average Precision  (AP) @[ IoU=0.75      | area=   all | maxDets=100 ] = 0.068
 Average Precision  (AP) @[ IoU=0.50:0.95 | area= small | maxDets=100 ] = 0.006
 Average Precision  (AP) @[ IoU=0.50:0.95 | area=medium | maxDets=100 ] = 0.058
 Average Precision  (AP) @[ IoU=0.50:0.95 | area= large | maxDets=100 ] = 0.316
 Average Recall     (AR) @[ IoU=0.50:0.95 | area=   all | maxDets=  1 ] = 0.052
 Average Recall     (AR) @[ IoU=0.50:0.95 | area=   all | maxDets= 10 ] = 0.075
 Average Recall     (AR) @[ IoU=0.50:0.95 | area=   all | maxDets=100 ] = 0.075
 Average Recall     (AR) @[ IoU=0.50:0.95 | area= small | maxDets=100 ] = 0.010
 Average Recall     (AR) @[ IoU=0.50:0.95 | area=medium | maxDets=100 ] = 0.075
 Average Recall     (AR) @[ IoU=0.50:0.95 | area= large | maxDets=100 ] = 0.350
Loading and preparing results...
DONE (t=0.00s)
creating index...
index created!
Running per image evaluation...
Evaluate annotation type *bbox*
DONE (t=0.49s).
Accumulating evaluation results...
DONE (t=0.07s).
 Average Precision  (AP) @[ IoU=0.50:0.95 | area=   all | maxDets=100 ] = 0.055
 Average Precision  (AP) @[ IoU=0.50      | area=   all | maxDets=100 ] = 0.072
 Average Precision  (AP) @[ IoU=0.75      | area=   all | maxDets=100 ] = 0.059
 Average Precision  (AP) @[ IoU=0.50:0.95 | area= small | maxDets=100 ] = 0.007
 Average Precision  (AP) @[ IoU=0.50:0.95 | area=medium | maxDets=100 ] = 0.088
 Average Precision  (AP) @[ IoU=0.50:0.95 | area= large | maxDets=100 ] = 0.284
 Average Recall     (AR) @[ IoU=0.50:0.95 | area=   all | maxDets=  1 ] = 0.032
 Average Recall     (AR) @[ IoU=0.50:0.95 | area=   all | maxDets= 10 ] = 0.055
 Average Recall     (AR) @[ IoU=0.50:0.95 | area=   all | maxDets=100 ] = 0.055
 Average Recall     (AR) @[ IoU=0.50:0.95 | area= small | maxDets=100 ] = 0.007
 Average Recall     (AR) @[ IoU=0.50:0.95 | area=medium | maxDets=100 ] = 0.094
 Average Recall     (AR) @[ IoU=0.50:0.95 | area= large | maxDets=100 ] = 0.289
Loading and preparing results...
DONE (t=0.01s)
creating index...
index created!
Running per image evaluation...
Evaluate annotation type *bbox*
DONE (t=1.07s).
Accumulating evaluation results...
DONE (t=0.13s).
 Average Precision  (AP) @[ IoU=0.50:0.95 | area=   all | maxDets=100 ] = 0.088
 Average Precision  (AP) @[ IoU=0.50      | area=   all | maxDets=100 ] = 0.150
 Average Precision  (AP) @[ IoU=0.75      | area=   all | maxDets=100 ] = 0.055
 Average Precision  (AP) @[ IoU=0.50:0.95 | area= small | maxDets=100 ] = 0.001
 Average Precision  (AP) @[ IoU=0.50:0.95 | area=medium | maxDets=100 ] = 0.144
 Average Precision  (AP) @[ IoU=0.50:0.95 | area= large | maxDets=100 ] = 0.084
 Average Recall     (AR) @[ IoU=0.50:0.95 | area=   all | maxDets=  1 ] = 0.022
 Average Recall     (AR) @[ IoU=0.50:0.95 | area=   all | maxDets= 10 ] = 0.117
 Average Recall     (AR) @[ IoU=0.50:0.95 | area=   all | maxDets=100 ] = 0.117
 Average Recall     (AR) @[ IoU=0.50:0.95 | area= small | maxDets=100 ] = 0.002
 Average Recall     (AR) @[ IoU=0.50:0.95 | area=medium | maxDets=100 ] = 0.164
 Average Recall     (AR) @[ IoU=0.50:0.95 | area= large | maxDets=100 ] = 0.219
Loading and preparing results...
DONE (t=0.00s)
creating index...
index created!
Running per image evaluation...
Evaluate annotation type *bbox*
DONE (t=0.47s).
Accumulating evaluation results...
DONE (t=0.05s).
 Average Precision  (AP) @[ IoU=0.50:0.95 | area=   all | maxDets=100 ] = 0.008
 Average Precision  (AP) @[ IoU=0.50      | area=   all | maxDets=100 ] = 0.010
 Average Precision  (AP) @[ IoU=0.75      | area=   all | maxDets=100 ] = 0.008
 Average Precision  (AP) @[ IoU=0.50:0.95 | area= small | maxDets=100 ] = 0.002
 Average Precision  (AP) @[ IoU=0.50:0.95 | area=medium | maxDets=100 ] = 0.008
 Average Precision  (AP) @[ IoU=0.50:0.95 | area= large | maxDets=100 ] = 0.016
 Average Recall     (AR) @[ IoU=0.50:0.95 | area=   all | maxDets=  1 ] = 0.002
 Average Recall     (AR) @[ IoU=0.50:0.95 | area=   all | maxDets= 10 ] = 0.005
 Average Recall     (AR) @[ IoU=0.50:0.95 | area=   all | maxDets=100 ] = 0.005
 Average Recall     (AR) @[ IoU=0.50:0.95 | area= small | maxDets=100 ] = 0.000
 Average Recall     (AR) @[ IoU=0.50:0.95 | area=medium | maxDets=100 ] = 0.006
 Average Recall     (AR) @[ IoU=0.50:0.95 | area= large | maxDets=100 ] = 0.014
Loading and preparing results...
DONE (t=0.00s)
creating index...
index created!
Running per image evaluation...
Evaluate annotation type *bbox*
DONE (t=0.73s).
Accumulating evaluation results...
DONE (t=0.10s).
 Average Precision  (AP) @[ IoU=0.50:0.95 | area=   all | maxDets=100 ] = 0.059
 Average Precision  (AP) @[ IoU=0.50      | area=   all | maxDets=100 ] = 0.153
 Average Precision  (AP) @[ IoU=0.75      | area=   all | maxDets=100 ] = 0.035
 Average Precision  (AP) @[ IoU=0.50:0.95 | area= small | maxDets=100 ] = 0.000
 Average Precision  (AP) @[ IoU=0.50:0.95 | area=medium | maxDets=100 ] = 0.120
 Average Precision  (AP) @[ IoU=0.50:0.95 | area= large | maxDets=100 ] = 0.171
 Average Recall     (AR) @[ IoU=0.50:0.95 | area=   all | maxDets=  1 ] = 0.078
 Average Recall     (AR) @[ IoU=0.50:0.95 | area=   all | maxDets= 10 ] = 0.121
 Average Recall     (AR) @[ IoU=0.50:0.95 | area=   all | maxDets=100 ] = 0.121
 Average Recall     (AR) @[ IoU=0.50:0.95 | area= small | maxDets=100 ] = 0.000
 Average Recall     (AR) @[ IoU=0.50:0.95 | area=medium | maxDets=100 ] = 0.163
 Average Recall     (AR) @[ IoU=0.50:0.95 | area= large | maxDets=100 ] = 0.237
Loading and preparing results...
DONE (t=0.00s)
creating index...
index created!
Running per image evaluation...
Evaluate annotation type *bbox*
DONE (t=0.52s).
Accumulating evaluation results...
DONE (t=0.07s).
 Average Precision  (AP) @[ IoU=0.50:0.95 | area=   all | maxDets=100 ] = 0.166
 Average Precision  (AP) @[ IoU=0.50      | area=   all | maxDets=100 ] = 0.250
 Average Precision  (AP) @[ IoU=0.75      | area=   all | maxDets=100 ] = 0.179
 Average Precision  (AP) @[ IoU=0.50:0.95 | area= small | maxDets=100 ] = 0.001
 Average Precision  (AP) @[ IoU=0.50:0.95 | area=medium | maxDets=100 ] = 0.145
 Average Precision  (AP) @[ IoU=0.50:0.95 | area= large | maxDets=100 ] = 0.320
 Average Recall     (AR) @[ IoU=0.50:0.95 | area=   all | maxDets=  1 ] = 0.119
 Average Recall     (AR) @[ IoU=0.50:0.95 | area=   all | maxDets= 10 ] = 0.182
 Average Recall     (AR) @[ IoU=0.50:0.95 | area=   all | maxDets=100 ] = 0.182
 Average Recall     (AR) @[ IoU=0.50:0.95 | area= small | maxDets=100 ] = 0.000
 Average Recall     (AR) @[ IoU=0.50:0.95 | area=medium | maxDets=100 ] = 0.161
 Average Recall     (AR) @[ IoU=0.50:0.95 | area= large | maxDets=100 ] = 0.353
Loading and preparing results...
DONE (t=0.00s)
creating index...
index created!
Running per image evaluation...
Evaluate annotation type *bbox*
DONE (t=0.59s).
Accumulating evaluation results...
DONE (t=0.08s).
 Average Precision  (AP) @[ IoU=0.50:0.95 | area=   all | maxDets=100 ] = 0.039
 Average Precision  (AP) @[ IoU=0.50      | area=   all | maxDets=100 ] = 0.090
 Average Precision  (AP) @[ IoU=0.75      | area=   all | maxDets=100 ] = 0.025
 Average Precision  (AP) @[ IoU=0.50:0.95 | area= small | maxDets=100 ] = 0.001
 Average Precision  (AP) @[ IoU=0.50:0.95 | area=medium | maxDets=100 ] = 0.004
 Average Precision  (AP) @[ IoU=0.50:0.95 | area= large | maxDets=100 ] = 0.124
 Average Recall     (AR) @[ IoU=0.50:0.95 | area=   all | maxDets=  1 ] = 0.035
 Average Recall     (AR) @[ IoU=0.50:0.95 | area=   all | maxDets= 10 ] = 0.073
 Average Recall     (AR) @[ IoU=0.50:0.95 | area=   all | maxDets=100 ] = 0.073
py-spy> 19.32s behind in sampling, results may be inaccurate. Try reducing the sampling rate
 Average Recall     (AR) @[ IoU=0.50:0.95 | area= small | maxDets=100 ] = 0.001
 Average Recall     (AR) @[ IoU=0.50:0.95 | area=medium | maxDets=100 ] = 0.010
 Average Recall     (AR) @[ IoU=0.50:0.95 | area= large | maxDets=100 ] = 0.191
Loading and preparing results...
DONE (t=0.00s)
creating index...
index created!
Running per image evaluation...
Evaluate annotation type *bbox*
DONE (t=0.40s).
Accumulating evaluation results...
DONE (t=0.07s).
 Average Precision  (AP) @[ IoU=0.50:0.95 | area=   all | maxDets=100 ] = 0.122
 Average Precision  (AP) @[ IoU=0.50      | area=   all | maxDets=100 ] = 0.178
 Average Precision  (AP) @[ IoU=0.75      | area=   all | maxDets=100 ] = 0.130
 Average Precision  (AP) @[ IoU=0.50:0.95 | area= small | maxDets=100 ] = 0.002
 Average Precision  (AP) @[ IoU=0.50:0.95 | area=medium | maxDets=100 ] = 0.127
 Average Precision  (AP) @[ IoU=0.50:0.95 | area= large | maxDets=100 ] = 0.195
 Average Recall     (AR) @[ IoU=0.50:0.95 | area=   all | maxDets=  1 ] = 0.087
 Average Recall     (AR) @[ IoU=0.50:0.95 | area=   all | maxDets= 10 ] = 0.131
 Average Recall     (AR) @[ IoU=0.50:0.95 | area=   all | maxDets=100 ] = 0.131
 Average Recall     (AR) @[ IoU=0.50:0.95 | area= small | maxDets=100 ] = 0.001
 Average Recall     (AR) @[ IoU=0.50:0.95 | area=medium | maxDets=100 ] = 0.132
 Average Recall     (AR) @[ IoU=0.50:0.95 | area= large | maxDets=100 ] = 0.206
[pyspy-cell L2_lm rep0] npu_skip=67.1% worst=0.0392
py-spy> 20.02s behind in sampling, results may be inaccurate. Try reducing the sampling rate
py-spy> 21.06s behind in sampling, results may be inaccurate. Try reducing the sampling rate
py-spy> 22.15s behind in sampling, results may be inaccurate. Try reducing the sampling rate
py-spy> 23.21s behind in sampling, results may be inaccurate. Try reducing the sampling rate
py-spy> 24.16s behind in sampling, results may be inaccurate. Try reducing the sampling rate
Exception in thread Thread-6 (fg_worker):
Traceback (most recent call last):
  File "/usr/lib/python3.10/threading.py", line 1016, in _bootstrap_inner
    self.run()
  File "/usr/lib/python3.10/threading.py", line 953, in run
    self._target(*self._args, **self._kwargs)
  File "/home/msyu/PycharmProjects/multimodel-scheduling-video/accv_experiments/scripts/_step_d_common.py", line 199, in fg_worker
    xyxy_coco, scores, coco_cls = npu_infer(img_path, frame_shape, model_or_none)
  File "/home/msyu/PycharmProjects/multimodel-scheduling-video/accv_experiments/scripts/_step_d_common.py", line 143, in npu_infer
    out = m(x)
  File "/home/msyu/PycharmProjects/MobilintTest/mblt-model-zoo/mblt_model_zoo/vision/wrapper.py", line 108, in __call__
    return self.model(x)
  File "/home/msyu/PycharmProjects/MobilintTest/mblt-model-zoo/mblt_model_zoo/vision/wrapper.py", line 328, in __call__
    npu_outs = self.model.infer(x)
  File "/home/msyu/PycharmProjects/multimodel-scheduling-video/.venv/lib/python3.10/site-packages/qbruntime/model.py", line 223, in infer
    return self._infer(inputs, outputs, cache_size, params=params)
  File "/home/msyu/PycharmProjects/multimodel-scheduling-video/.venv/lib/python3.10/site-packages/qbruntime/model.py", line 269, in _infer
    return [np.asarray(o) for o in infer_func(inputs, cache_size)]
qbruntime.qbruntime.QbRuntimeError: Model_NotLaunched occurred.
Please visit https://docs.mobilint.com/v1.2/doxygen/html_en/group__CPPAPI.html for more details.
py-spy> 25.21s behind in sampling, results may be inaccurate. Try reducing the sampling rate
py-spy> 26.21s behind in sampling, results may be inaccurate. Try reducing the sampling rate
py-spy> 27.23s behind in sampling, results may be inaccurate. Try reducing the sampling rate
py-spy> 28.20s behind in sampling, results may be inaccurate. Try reducing the sampling rate
py-spy> 29.22s behind in sampling, results may be inaccurate. Try reducing the sampling rate
py-spy> 30.18s behind in sampling, results may be inaccurate. Try reducing the sampling rate
py-spy> 31.17s behind in sampling, results may be inaccurate. Try reducing the sampling rate
py-spy> 32.15s behind in sampling, results may be inaccurate. Try reducing the sampling rate
py-spy> 33.15s behind in sampling, results may be inaccurate. Try reducing the sampling rate
py-spy> 34.08s behind in sampling, results may be inaccurate. Try reducing the sampling rate
py-spy> 35.07s behind in sampling, results may be inaccurate. Try reducing the sampling rate
py-spy> 36.06s behind in sampling, results may be inaccurate. Try reducing the sampling rate
py-spy> 37.10s behind in sampling, results may be inaccurate. Try reducing the sampling rate
py-spy> 38.07s behind in sampling, results may be inaccurate. Try reducing the sampling rate
py-spy> 39.07s behind in sampling, results may be inaccurate. Try reducing the sampling rate
py-spy> 39.50s behind in sampling, results may be inaccurate. Try reducing the sampling rate
py-spy> 39.30s behind in sampling, results may be inaccurate. Try reducing the sampling rate
py-spy> 39.12s behind in sampling, results may be inaccurate. Try reducing the sampling rate
py-spy> 38.70s behind in sampling, results may be inaccurate. Try reducing the sampling rate
py-spy> 38.26s behind in sampling, results may be inaccurate. Try reducing the sampling rate
Loading and preparing results...
DONE (t=0.01s)
creating index...
index created!
Running per image evaluation...
Evaluate annotation type *bbox*
DONE (t=1.34s).
Accumulating evaluation results...
DONE (t=0.12s).
 Average Precision  (AP) @[ IoU=0.50:0.95 | area=   all | maxDets=100 ] = 0.066
 Average Precision  (AP) @[ IoU=0.50      | area=   all | maxDets=100 ] = 0.110
 Average Precision  (AP) @[ IoU=0.75      | area=   all | maxDets=100 ] = 0.071
 Average Precision  (AP) @[ IoU=0.50:0.95 | area= small | maxDets=100 ] = 0.007
 Average Precision  (AP) @[ IoU=0.50:0.95 | area=medium | maxDets=100 ] = 0.056
 Average Precision  (AP) @[ IoU=0.50:0.95 | area= large | maxDets=100 ] = 0.318
 Average Recall     (AR) @[ IoU=0.50:0.95 | area=   all | maxDets=  1 ] = 0.052
 Average Recall     (AR) @[ IoU=0.50:0.95 | area=   all | maxDets= 10 ] = 0.075
 Average Recall     (AR) @[ IoU=0.50:0.95 | area=   all | maxDets=100 ] = 0.075
 Average Recall     (AR) @[ IoU=0.50:0.95 | area= small | maxDets=100 ] = 0.010
 Average Recall     (AR) @[ IoU=0.50:0.95 | area=medium | maxDets=100 ] = 0.074
 Average Recall     (AR) @[ IoU=0.50:0.95 | area= large | maxDets=100 ] = 0.350
Loading and preparing results...
DONE (t=0.00s)
creating index...
index created!
Running per image evaluation...
Evaluate annotation type *bbox*
DONE (t=0.68s).
Accumulating evaluation results...
DONE (t=0.08s).
 Average Precision  (AP) @[ IoU=0.50:0.95 | area=   all | maxDets=100 ] = 0.056
 Average Precision  (AP) @[ IoU=0.50      | area=   all | maxDets=100 ] = 0.073
 Average Precision  (AP) @[ IoU=0.75      | area=   all | maxDets=100 ] = 0.060
 Average Precision  (AP) @[ IoU=0.50:0.95 | area= small | maxDets=100 ] = 0.006
 Average Precision  (AP) @[ IoU=0.50:0.95 | area=medium | maxDets=100 ] = 0.088
 Average Precision  (AP) @[ IoU=0.50:0.95 | area= large | maxDets=100 ] = 0.302
 Average Recall     (AR) @[ IoU=0.50:0.95 | area=   all | maxDets=  1 ] = 0.032
 Average Recall     (AR) @[ IoU=0.50:0.95 | area=   all | maxDets= 10 ] = 0.055
 Average Recall     (AR) @[ IoU=0.50:0.95 | area=   all | maxDets=100 ] = 0.055
 Average Recall     (AR) @[ IoU=0.50:0.95 | area= small | maxDets=100 ] = 0.006
 Average Recall     (AR) @[ IoU=0.50:0.95 | area=medium | maxDets=100 ] = 0.092
 Average Recall     (AR) @[ IoU=0.50:0.95 | area= large | maxDets=100 ] = 0.308
Loading and preparing results...
DONE (t=0.00s)
creating index...
index created!
Running per image evaluation...
Evaluate annotation type *bbox*
DONE (t=0.77s).
Accumulating evaluation results...
DONE (t=0.09s).
 Average Precision  (AP) @[ IoU=0.50:0.95 | area=   all | maxDets=100 ] = 0.061
 Average Precision  (AP) @[ IoU=0.50      | area=   all | maxDets=100 ] = 0.160
 Average Precision  (AP) @[ IoU=0.75      | area=   all | maxDets=100 ] = 0.033
 Average Precision  (AP) @[ IoU=0.50:0.95 | area= small | maxDets=100 ] = 0.001
 Average Precision  (AP) @[ IoU=0.50:0.95 | area=medium | maxDets=100 ] = 0.131
 Average Precision  (AP) @[ IoU=0.50:0.95 | area= large | maxDets=100 ] = 0.135
 Average Recall     (AR) @[ IoU=0.50:0.95 | area=   all | maxDets=  1 ] = 0.082
 Average Recall     (AR) @[ IoU=0.50:0.95 | area=   all | maxDets= 10 ] = 0.127
 Average Recall     (AR) @[ IoU=0.50:0.95 | area=   all | maxDets=100 ] = 0.127
 Average Recall     (AR) @[ IoU=0.50:0.95 | area= small | maxDets=100 ] = 0.000
 Average Recall     (AR) @[ IoU=0.50:0.95 | area=medium | maxDets=100 ] = 0.175
 Average Recall     (AR) @[ IoU=0.50:0.95 | area= large | maxDets=100 ] = 0.201
Loading and preparing results...
DONE (t=0.00s)
creating index...
index created!
Running per image evaluation...
Evaluate annotation type *bbox*
DONE (t=0.59s).
Accumulating evaluation results...
DONE (t=0.07s).
 Average Precision  (AP) @[ IoU=0.50:0.95 | area=   all | maxDets=100 ] = 0.165
 Average Precision  (AP) @[ IoU=0.50      | area=   all | maxDets=100 ] = 0.250
 Average Precision  (AP) @[ IoU=0.75      | area=   all | maxDets=100 ] = 0.183
 Average Precision  (AP) @[ IoU=0.50:0.95 | area= small | maxDets=100 ] = 0.001
 Average Precision  (AP) @[ IoU=0.50:0.95 | area=medium | maxDets=100 ] = 0.143
 Average Precision  (AP) @[ IoU=0.50:0.95 | area= large | maxDets=100 ] = 0.331
 Average Recall     (AR) @[ IoU=0.50:0.95 | area=   all | maxDets=  1 ] = 0.119
 Average Recall     (AR) @[ IoU=0.50:0.95 | area=   all | maxDets= 10 ] = 0.182
 Average Recall     (AR) @[ IoU=0.50:0.95 | area=   all | maxDets=100 ] = 0.182
 Average Recall     (AR) @[ IoU=0.50:0.95 | area= small | maxDets=100 ] = 0.000
 Average Recall     (AR) @[ IoU=0.50:0.95 | area=medium | maxDets=100 ] = 0.160
 Average Recall     (AR) @[ IoU=0.50:0.95 | area= large | maxDets=100 ] = 0.352
Loading and preparing results...
DONE (t=0.00s)
creating index...
index created!
Running per image evaluation...
Evaluate annotation type *bbox*
DONE (t=0.56s).
Accumulating evaluation results...
DONE (t=0.07s).
 Average Precision  (AP) @[ IoU=0.50:0.95 | area=   all | maxDets=100 ] = 0.042
 Average Precision  (AP) @[ IoU=0.50      | area=   all | maxDets=100 ] = 0.095
 Average Precision  (AP) @[ IoU=0.75      | area=   all | maxDets=100 ] = 0.028
 Average Precision  (AP) @[ IoU=0.50:0.95 | area= small | maxDets=100 ] = 0.001
 Average Precision  (AP) @[ IoU=0.50:0.95 | area=medium | maxDets=100 ] = 0.004
 Average Precision  (AP) @[ IoU=0.50:0.95 | area= large | maxDets=100 ] = 0.127
 Average Recall     (AR) @[ IoU=0.50:0.95 | area=   all | maxDets=  1 ] = 0.038
 Average Recall     (AR) @[ IoU=0.50:0.95 | area=   all | maxDets= 10 ] = 0.076
 Average Recall     (AR) @[ IoU=0.50:0.95 | area=   all | maxDets=100 ] = 0.076
 Average Recall     (AR) @[ IoU=0.50:0.95 | area= small | maxDets=100 ] = 0.001
 Average Recall     (AR) @[ IoU=0.50:0.95 | area=medium | maxDets=100 ] = 0.012
 Average Recall     (AR) @[ IoU=0.50:0.95 | area= large | maxDets=100 ] = 0.195
Loading and preparing results...
DONE (t=0.00s)
creating index...
index created!
Running per image evaluation...
Evaluate annotation type *bbox*
DONE (t=0.40s).
Accumulating evaluation results...
DONE (t=0.07s).
 Average Precision  (AP) @[ IoU=0.50:0.95 | area=   all | maxDets=100 ] = 0.123
 Average Precision  (AP) @[ IoU=0.50      | area=   all | maxDets=100 ] = 0.178
 Average Precision  (AP) @[ IoU=0.75      | area=   all | maxDets=100 ] = 0.136
 Average Precision  (AP) @[ IoU=0.50:0.95 | area= small | maxDets=100 ] = 0.002
 Average Precision  (AP) @[ IoU=0.50:0.95 | area=medium | maxDets=100 ] = 0.128
 Average Precision  (AP) @[ IoU=0.50:0.95 | area= large | maxDets=100 ] = 0.267
 Average Recall     (AR) @[ IoU=0.50:0.95 | area=   all | maxDets=  1 ] = 0.091
 Average Recall     (AR) @[ IoU=0.50:0.95 | area=   all | maxDets= 10 ] = 0.131
 Average Recall     (AR) @[ IoU=0.50:0.95 | area=   all | maxDets=100 ] = 0.131
 Average Recall     (AR) @[ IoU=0.50:0.95 | area= small | maxDets=100 ] = 0.001
 Average Recall     (AR) @[ IoU=0.50:0.95 | area=medium | maxDets=100 ] = 0.135
 Average Recall     (AR) @[ IoU=0.50:0.95 | area= large | maxDets=100 ] = 0.282
[pyspy-cell L2_lm rep1] npu_skip=64.9% worst=0.0000
py-spy> 38.31s behind in sampling, results may be inaccurate. Try reducing the sampling rate
py-spy> 39.25s behind in sampling, results may be inaccurate. Try reducing the sampling rate
py-spy> 40.22s behind in sampling, results may be inaccurate. Try reducing the sampling rate
py-spy> 41.32s behind in sampling, results may be inaccurate. Try reducing the sampling rate
py-spy> 42.39s behind in sampling, results may be inaccurate. Try reducing the sampling rate
py-spy> 43.35s behind in sampling, results may be inaccurate. Try reducing the sampling rate
Exception in thread Thread-10 (fg_worker):
Traceback (most recent call last):
  File "/usr/lib/python3.10/threading.py", line 1016, in _bootstrap_inner
    self.run()
  File "/usr/lib/python3.10/threading.py", line 953, in run
    self._target(*self._args, **self._kwargs)
  File "/home/msyu/PycharmProjects/multimodel-scheduling-video/accv_experiments/scripts/_step_d_common.py", line 199, in fg_worker
    xyxy_coco, scores, coco_cls = npu_infer(img_path, frame_shape, model_or_none)
  File "/home/msyu/PycharmProjects/multimodel-scheduling-video/accv_experiments/scripts/_step_d_common.py", line 143, in npu_infer
    out = m(x)
  File "/home/msyu/PycharmProjects/MobilintTest/mblt-model-zoo/mblt_model_zoo/vision/wrapper.py", line 108, in __call__
    return self.model(x)
  File "/home/msyu/PycharmProjects/MobilintTest/mblt-model-zoo/mblt_model_zoo/vision/wrapper.py", line 328, in __call__
    npu_outs = self.model.infer(x)
  File "/home/msyu/PycharmProjects/multimodel-scheduling-video/.venv/lib/python3.10/site-packages/qbruntime/model.py", line 223, in infer
    return self._infer(inputs, outputs, cache_size, params=params)
  File "/home/msyu/PycharmProjects/multimodel-scheduling-video/.venv/lib/python3.10/site-packages/qbruntime/model.py", line 269, in _infer
    return [np.asarray(o) for o in infer_func(inputs, cache_size)]
qbruntime.qbruntime.QbRuntimeError: Model_NotLaunched occurred.
Please visit https://docs.mobilint.com/v1.2/doxygen/html_en/group__CPPAPI.html for more details.
py-spy> 44.40s behind in sampling, results may be inaccurate. Try reducing the sampling rate
py-spy> 45.39s behind in sampling, results may be inaccurate. Try reducing the sampling rate
py-spy> 46.40s behind in sampling, results may be inaccurate. Try reducing the sampling rate
py-spy> 47.39s behind in sampling, results may be inaccurate. Try reducing the sampling rate
py-spy> 48.39s behind in sampling, results may be inaccurate. Try reducing the sampling rate
py-spy> 49.39s behind in sampling, results may be inaccurate. Try reducing the sampling rate
py-spy> 50.38s behind in sampling, results may be inaccurate. Try reducing the sampling rate
py-spy> 51.39s behind in sampling, results may be inaccurate. Try reducing the sampling rate
py-spy> 52.39s behind in sampling, results may be inaccurate. Try reducing the sampling rate
E0703 22:05:11.986 4020113 aries.cc:320] Failed to read memory buffer @ 0x811e3e000 (errno: 5)
E0703 22:05:11.987 4020113 npu_task_scheduler.cc:323] A fatal error occurred while executing the NPU task. Please dispose of the model and relaunch it
Exception in thread Thread-12 (fg_worker):
Traceback (most recent call last):
  File "/usr/lib/python3.10/threading.py", line 1016, in _bootstrap_inner
    self.run()
  File "/usr/lib/python3.10/threading.py", line 953, in run
    self._target(*self._args, **self._kwargs)
  File "/home/msyu/PycharmProjects/multimodel-scheduling-video/accv_experiments/scripts/_step_d_common.py", line 199, in fg_worker
    xyxy_coco, scores, coco_cls = npu_infer(img_path, frame_shape, model_or_none)
  File "/home/msyu/PycharmProjects/multimodel-scheduling-video/accv_experiments/scripts/_step_d_common.py", line 143, in npu_infer
    out = m(x)
  File "/home/msyu/PycharmProjects/MobilintTest/mblt-model-zoo/mblt_model_zoo/vision/wrapper.py", line 108, in __call__
    return self.model(x)
  File "/home/msyu/PycharmProjects/MobilintTest/mblt-model-zoo/mblt_model_zoo/vision/wrapper.py", line 328, in __call__
    npu_outs = self.model.infer(x)
  File "/home/msyu/PycharmProjects/multimodel-scheduling-video/.venv/lib/python3.10/site-packages/qbruntime/model.py", line 223, in infer
    return self._infer(inputs, outputs, cache_size, params=params)
  File "/home/msyu/PycharmProjects/multimodel-scheduling-video/.venv/lib/python3.10/site-packages/qbruntime/model.py", line 269, in _infer
    return [np.asarray(o) for o in infer_func(inputs, cache_size)]
qbruntime.qbruntime.QbRuntimeError: Model_NotAlive occurred.
Please visit https://docs.mobilint.com/v1.2/doxygen/html_en/group__CPPAPI.html for more details.
py-spy> 53.49s behind in sampling, results may be inaccurate. Try reducing the sampling rate
py-spy> 54.45s behind in sampling, results may be inaccurate. Try reducing the sampling rate
py-spy> 55.42s behind in sampling, results may be inaccurate. Try reducing the sampling rate
py-spy> 56.45s behind in sampling, results may be inaccurate. Try reducing the sampling rate
py-spy> 57.40s behind in sampling, results may be inaccurate. Try reducing the sampling rate
py-spy> 58.39s behind in sampling, results may be inaccurate. Try reducing the sampling rate
py-spy> 59.42s behind in sampling, results may be inaccurate. Try reducing the sampling rate
py-spy> 58.79s behind in sampling, results may be inaccurate. Try reducing the sampling rate
py-spy> 58.26s behind in sampling, results may be inaccurate. Try reducing the sampling rate
py-spy> 57.62s behind in sampling, results may be inaccurate. Try reducing the sampling rate
py-spy> 57.13s behind in sampling, results may be inaccurate. Try reducing the sampling rate
Loading and preparing results...
DONE (t=0.01s)
creating index...
index created!
Running per image evaluation...
Evaluate annotation type *bbox*
DONE (t=1.13s).
Accumulating evaluation results...
DONE (t=0.10s).
 Average Precision  (AP) @[ IoU=0.50:0.95 | area=   all | maxDets=100 ] = 0.065
 Average Precision  (AP) @[ IoU=0.50      | area=   all | maxDets=100 ] = 0.105
 Average Precision  (AP) @[ IoU=0.75      | area=   all | maxDets=100 ] = 0.071
 Average Precision  (AP) @[ IoU=0.50:0.95 | area= small | maxDets=100 ] = 0.007
 Average Precision  (AP) @[ IoU=0.50:0.95 | area=medium | maxDets=100 ] = 0.053
 Average Precision  (AP) @[ IoU=0.50:0.95 | area= large | maxDets=100 ] = 0.318
 Average Recall     (AR) @[ IoU=0.50:0.95 | area=   all | maxDets=  1 ] = 0.052
 Average Recall     (AR) @[ IoU=0.50:0.95 | area=   all | maxDets= 10 ] = 0.075
 Average Recall     (AR) @[ IoU=0.50:0.95 | area=   all | maxDets=100 ] = 0.075
 Average Recall     (AR) @[ IoU=0.50:0.95 | area= small | maxDets=100 ] = 0.010
 Average Recall     (AR) @[ IoU=0.50:0.95 | area=medium | maxDets=100 ] = 0.073
 Average Recall     (AR) @[ IoU=0.50:0.95 | area= large | maxDets=100 ] = 0.348
Loading and preparing results...
DONE (t=0.00s)
creating index...
index created!
Running per image evaluation...
Evaluate annotation type *bbox*
DONE (t=0.53s).
Accumulating evaluation results...
DONE (t=0.09s).
 Average Precision  (AP) @[ IoU=0.50:0.95 | area=   all | maxDets=100 ] = 0.056
 Average Precision  (AP) @[ IoU=0.50      | area=   all | maxDets=100 ] = 0.074
 Average Precision  (AP) @[ IoU=0.75      | area=   all | maxDets=100 ] = 0.061
 Average Precision  (AP) @[ IoU=0.50:0.95 | area= small | maxDets=100 ] = 0.006
 Average Precision  (AP) @[ IoU=0.50:0.95 | area=medium | maxDets=100 ] = 0.088
 Average Precision  (AP) @[ IoU=0.50:0.95 | area= large | maxDets=100 ] = 0.314
 Average Recall     (AR) @[ IoU=0.50:0.95 | area=   all | maxDets=  1 ] = 0.033
 Average Recall     (AR) @[ IoU=0.50:0.95 | area=   all | maxDets= 10 ] = 0.056
 Average Recall     (AR) @[ IoU=0.50:0.95 | area=   all | maxDets=100 ] = 0.056
 Average Recall     (AR) @[ IoU=0.50:0.95 | area= small | maxDets=100 ] = 0.006
 Average Recall     (AR) @[ IoU=0.50:0.95 | area=medium | maxDets=100 ] = 0.093
 Average Recall     (AR) @[ IoU=0.50:0.95 | area= large | maxDets=100 ] = 0.319
Loading and preparing results...
DONE (t=0.00s)
creating index...
index created!
Running per image evaluation...
Evaluate annotation type *bbox*
DONE (t=0.71s).
Accumulating evaluation results...
DONE (t=0.09s).
 Average Precision  (AP) @[ IoU=0.50:0.95 | area=   all | maxDets=100 ] = 0.057
 Average Precision  (AP) @[ IoU=0.50      | area=   all | maxDets=100 ] = 0.148
 Average Precision  (AP) @[ IoU=0.75      | area=   all | maxDets=100 ] = 0.033
 Average Precision  (AP) @[ IoU=0.50:0.95 | area= small | maxDets=100 ] = 0.001
 Average Precision  (AP) @[ IoU=0.50:0.95 | area=medium | maxDets=100 ] = 0.122
 Average Precision  (AP) @[ IoU=0.50:0.95 | area= large | maxDets=100 ] = 0.114
 Average Recall     (AR) @[ IoU=0.50:0.95 | area=   all | maxDets=  1 ] = 0.075
 Average Recall     (AR) @[ IoU=0.50:0.95 | area=   all | maxDets= 10 ] = 0.119
 Average Recall     (AR) @[ IoU=0.50:0.95 | area=   all | maxDets=100 ] = 0.119
 Average Recall     (AR) @[ IoU=0.50:0.95 | area= small | maxDets=100 ] = 0.000
 Average Recall     (AR) @[ IoU=0.50:0.95 | area=medium | maxDets=100 ] = 0.162
 Average Recall     (AR) @[ IoU=0.50:0.95 | area= large | maxDets=100 ] = 0.180
Loading and preparing results...
DONE (t=0.00s)
creating index...
index created!
Running per image evaluation...
Evaluate annotation type *bbox*
DONE (t=0.55s).
Accumulating evaluation results...
DONE (t=0.06s).
 Average Precision  (AP) @[ IoU=0.50:0.95 | area=   all | maxDets=100 ] = 0.149
 Average Precision  (AP) @[ IoU=0.50      | area=   all | maxDets=100 ] = 0.237
 Average Precision  (AP) @[ IoU=0.75      | area=   all | maxDets=100 ] = 0.157
 Average Precision  (AP) @[ IoU=0.50:0.95 | area= small | maxDets=100 ] = 0.001
 Average Precision  (AP) @[ IoU=0.50:0.95 | area=medium | maxDets=100 ] = 0.138
 Average Precision  (AP) @[ IoU=0.50:0.95 | area= large | maxDets=100 ] = 0.305
 Average Recall     (AR) @[ IoU=0.50:0.95 | area=   all | maxDets=  1 ] = 0.103
 Average Recall     (AR) @[ IoU=0.50:0.95 | area=   all | maxDets= 10 ] = 0.165
 Average Recall     (AR) @[ IoU=0.50:0.95 | area=   all | maxDets=100 ] = 0.165
 Average Recall     (AR) @[ IoU=0.50:0.95 | area= small | maxDets=100 ] = 0.000
 Average Recall     (AR) @[ IoU=0.50:0.95 | area=medium | maxDets=100 ] = 0.157
 Average Recall     (AR) @[ IoU=0.50:0.95 | area= large | maxDets=100 ] = 0.326
Loading and preparing results...
DONE (t=0.00s)
creating index...
index created!
Running per image evaluation...
Evaluate annotation type *bbox*
DONE (t=0.59s).
Accumulating evaluation results...
DONE (t=0.09s).
 Average Precision  (AP) @[ IoU=0.50:0.95 | area=   all | maxDets=100 ] = 0.024
 Average Precision  (AP) @[ IoU=0.50      | area=   all | maxDets=100 ] = 0.055
 Average Precision  (AP) @[ IoU=0.75      | area=   all | maxDets=100 ] = 0.015
 Average Precision  (AP) @[ IoU=0.50:0.95 | area= small | maxDets=100 ] = 0.000
 Average Precision  (AP) @[ IoU=0.50:0.95 | area=medium | maxDets=100 ] = 0.002
 Average Precision  (AP) @[ IoU=0.50:0.95 | area= large | maxDets=100 ] = 0.070
 Average Recall     (AR) @[ IoU=0.50:0.95 | area=   all | maxDets=  1 ] = 0.029
 Average Recall     (AR) @[ IoU=0.50:0.95 | area=   all | maxDets= 10 ] = 0.058
 Average Recall     (AR) @[ IoU=0.50:0.95 | area=   all | maxDets=100 ] = 0.058
 Average Recall     (AR) @[ IoU=0.50:0.95 | area= small | maxDets=100 ] = 0.000
 Average Recall     (AR) @[ IoU=0.50:0.95 | area=medium | maxDets=100 ] = 0.009
 Average Recall     (AR) @[ IoU=0.50:0.95 | area= large | maxDets=100 ] = 0.146
Loading and preparing results...
DONE (t=0.00s)
creating index...
index created!
Running per image evaluation...
Evaluate annotation type *bbox*
DONE (t=0.35s).
Accumulating evaluation results...
DONE (t=0.06s).
 Average Precision  (AP) @[ IoU=0.50:0.95 | area=   all | maxDets=100 ] = 0.126
 Average Precision  (AP) @[ IoU=0.50      | area=   all | maxDets=100 ] = 0.174
 Average Precision  (AP) @[ IoU=0.75      | area=   all | maxDets=100 ] = 0.146
 Average Precision  (AP) @[ IoU=0.50:0.95 | area= small | maxDets=100 ] = 0.001
 Average Precision  (AP) @[ IoU=0.50:0.95 | area=medium | maxDets=100 ] = 0.162
 Average Precision  (AP) @[ IoU=0.50:0.95 | area= large | maxDets=100 ] = 0.185
 Average Recall     (AR) @[ IoU=0.50:0.95 | area=   all | maxDets=  1 ] = 0.087
 Average Recall     (AR) @[ IoU=0.50:0.95 | area=   all | maxDets= 10 ] = 0.133
 Average Recall     (AR) @[ IoU=0.50:0.95 | area=   all | maxDets=100 ] = 0.133
 Average Recall     (AR) @[ IoU=0.50:0.95 | area= small | maxDets=100 ] = 0.000
 Average Recall     (AR) @[ IoU=0.50:0.95 | area=medium | maxDets=100 ] = 0.169
 Average Recall     (AR) @[ IoU=0.50:0.95 | area= large | maxDets=100 ] = 0.200
[pyspy-cell L2_lm rep2] npu_skip=63.9% worst=0.0000
I0703 22:05:22.914 4019982 model_impl.cc:1376] Model disposed.
I0703 22:05:22.914 4019982 model_impl.cc:1376] Model disposed.
I0703 22:05:22.916 4019982 model_impl.cc:1376] Model disposed.
I0703 22:05:22.918 4019982 model_impl.cc:1376] Model disposed.
py-spy> 56.14s behind in sampling, results may be inaccurate. Try reducing the sampling rate

py-spy> Stopped sampling because process exited
py-spy> Wrote speedscope file to 'analysis/a2_pyspy_l2.json'. Samples: 10413 Errors: 0
py-spy> Visit https://www.speedscope.app/ to view
Error: No child process (os error 10)
