creating index...
index created!
creating index...
index created!
creating index...
index created!
creating index...
index created!
loading 4 NPU engines + L2 co-tenants ...
I0703 21:43:25.691 4018089 model_impl.cc:1025] Model constructed. (models/mobilint_backup/yolo11s.mxq) 
I0703 21:43:25.705 4018089 model_impl.cc:1357] Model launched.
I0703 21:43:25.732 4018089 model_impl.cc:1025] Model constructed. (models/mobilint_backup/yolo11s.mxq) 
I0703 21:43:25.742 4018089 model_impl.cc:1357] Model launched.
I0703 21:43:25.811 4018089 model_impl.cc:1025] Model constructed. (models/mobilint_backup/yolo11s.mxq) 
I0703 21:43:25.824 4018089 model_impl.cc:1357] Model launched.
I0703 21:43:25.885 4018089 model_impl.cc:1025] Model constructed. (models/mobilint_backup/yolo11s.mxq) 
I0703 21:43:25.896 4018089 model_impl.cc:1357] Model launched.
[bg-preload] ResNet50 ORT-CUDA ready
[0;93m2026-07-03 21:43:26.420326234 [W:onnxruntime:, transformer_memcpy.cc:74 ApplyImpl] 45 Memcpy nodes are added to the graph main_graph for CUDAExecutionProvider. It might have negative impact on performance (including unable to run CUDA graph). Set session_options.log_severity_level=1 to see the detail logs before this message.[m
[bg-preload] TinyLLaMA ORT-CUDA ready

=== none ===
  [none/rep0] s0_DM=0.5% stock_DM=0.5% eff0=18.4ms | read_pre=6.50 infer=8.29 post=3.55 other=0.02
  [none/rep1] s0_DM=0.0% stock_DM=0.0% eff0=16.7ms | read_pre=6.02 infer=7.87 post=2.81 other=0.01
  [none/rep2] s0_DM=0.0% stock_DM=0.1% eff0=17.3ms | read_pre=6.24 infer=7.96 post=3.05 other=0.02

=== synth_c24 ===
  [synth_c24/rep0] s0_DM=19.2% stock_DM=30.4% eff0=28.5ms | read_pre=15.24 infer=8.34 post=4.93 other=0.03
  [synth_c24/rep1] s0_DM=28.7% stock_DM=29.5% eff0=30.6ms | read_pre=17.09 infer=8.46 post=5.02 other=0.02
  [synth_c24/rep2] s0_DM=46.4% stock_DM=23.1% eff0=33.3ms | read_pre=18.80 infer=8.72 post=5.77 other=0.02

=== L2LM ===
  [L2LM/rep0] s0_DM=18.5% stock_DM=15.9% eff0=28.2ms | read_pre=13.61 infer=9.12 post=5.45 other=0.03
  [L2LM/rep1] s0_DM=19.5% stock_DM=27.9% eff0=27.9ms | read_pre=13.07 infer=9.22 post=5.59 other=0.02
  [L2LM/rep2] s0_DM=18.3% stock_DM=23.3% eff0=28.0ms | read_pre=13.49 infer=9.16 post=5.29 other=0.04

================================================================================
MINIMALLY-PERTURBING STAGE DECOMPOSITION (instrumented stream 0 of 4)
config      s0_DM% stock_DM% |   read_pre      infer       post      other      eff
none           0.2       0.2 |   6.26±0.20   8.04±0.18   3.14±0.31   0.02±0.00    17.45
synth_c24     31.4      27.7 |  17.04±1.45   8.51±0.16   5.24±0.38   0.02±0.00    30.81
L2LM          18.7      22.4 |  13.39±0.23   9.17±0.04   5.45±0.12   0.03±0.01    28.03

DELTA vs none (stream 0):
  synth_c24 : read_pre+10.79 infer+0.47 post+2.10 other+0.00  -> dominant: read_pre (+10.79ms)
  L2LM      : read_pre+7.13 infer+1.13 post+2.31 other+0.01  -> dominant: read_pre (+7.13ms)

VALIDITY: L2LM stream-0 DM = 18.7% (stock reference ~68%). STILL PERTURBED — attribution suspect
I0703 21:45:25.734 4018089 model_impl.cc:1376] Model disposed.
I0703 21:45:25.734 4018089 model_impl.cc:1376] Model disposed.
I0703 21:45:25.734 4018089 model_impl.cc:1376] Model disposed.
I0703 21:45:25.736 4018089 model_impl.cc:1376] Model disposed.
