creating index...
index created!
creating index...
index created!
creating index...
index created!
creating index...
index created!
loading 4 NPU engines ...
I0703 20:59:45.554 4013357 model_impl.cc:1025] Model constructed. (models/mobilint_backup/yolo11s.mxq) 
I0703 20:59:45.567 4013357 model_impl.cc:1357] Model launched.
I0703 20:59:45.638 4013357 model_impl.cc:1025] Model constructed. (models/mobilint_backup/yolo11s.mxq) 
I0703 20:59:45.650 4013357 model_impl.cc:1357] Model launched.
I0703 20:59:45.724 4013357 model_impl.cc:1025] Model constructed. (models/mobilint_backup/yolo11s.mxq) 
I0703 20:59:45.736 4013357 model_impl.cc:1357] Model launched.
I0703 20:59:45.800 4013357 model_impl.cc:1025] Model constructed. (models/mobilint_backup/yolo11s.mxq) 
I0703 20:59:45.813 4013357 model_impl.cc:1357] Model launched.
preloading L2 co-tenants (ResNet50 + TinyLLaMA, ORT-CUDA) ...
[bg-preload] ResNet50 ORT-CUDA ready
[0;93m2026-07-03 20:59:46.329423601 [W:onnxruntime:, transformer_memcpy.cc:74 ApplyImpl] 45 Memcpy nodes are added to the graph main_graph for CUDAExecutionProvider. It might have negative impact on performance (including unable to run CUDA graph). Set session_options.log_severity_level=1 to see the detail logs before this message.[m
[bg-preload] TinyLLaMA ORT-CUDA ready

=== config: none ===
  [none/rep0] frames=1768 eff_mean=16.9ms DM=0.0% cpu_user=8.1% cpu_sys=1.0% (8.3s)
  [none/rep1] frames=1768 eff_mean=17.3ms DM=0.1% cpu_user=10.9% cpu_sys=1.7% (8.5s)
  [none/rep2] frames=1768 eff_mean=17.0ms DM=0.0% cpu_user=8.5% cpu_sys=1.4% (8.3s)

=== config: synth_c24 ===
  [synth_c24/rep0] frames=1729 eff_mean=30.8ms DM=30.5% cpu_user=99.3% cpu_sys=0.7% (15.0s)
  [synth_c24/rep1] frames=1740 eff_mean=31.7ms DM=37.4% cpu_user=98.9% cpu_sys=1.1% (15.2s)
  [synth_c24/rep2] frames=1737 eff_mean=29.4ms DM=22.6% cpu_user=98.9% cpu_sys=1.1% (14.1s)

=== config: L2LM ===
  [L2LM/rep0] frames=1724 eff_mean=29.5ms DM=24.7% cpu_user=98.9% cpu_sys=0.9% (14.5s)
  [L2LM/rep1] frames=1753 eff_mean=29.1ms DM=22.9% cpu_user=98.9% cpu_sys=1.0% (14.5s)
  [L2LM/rep2] frames=1756 eff_mean=29.4ms DM=22.3% cpu_user=98.9% cpu_sys=1.0% (14.1s)

==============================================================================
STAGE DECOMPOSITION (mean ms per frame, All-NPU N=4, post-warmup)
config        DM%  user%   sys% |  read_pre     infer      post     other      eff
none          0.0    9.2    1.4 |      5.91      7.96      3.17      0.04    17.08
synth_c24    30.2   99.0    1.0 |     16.65      8.63      5.31      0.05    30.65
L2LM         23.3   98.9    1.0 |     14.15      9.23      5.89      0.06    29.33

DELTA vs none (which stage inflates):
  synth_c24 : read_pre+10.74 infer+0.67 post+2.15 other+0.01   -> dominant: read_pre (+10.74ms)
  L2LM      : read_pre+8.23 infer+1.27 post+2.73 other+0.02   -> dominant: read_pre (+8.23ms)

wrote /home/msyu/PycharmProjects/multimodel-scheduling-video/analysis/a2_stage_probe.csv
wrote /home/msyu/PycharmProjects/multimodel-scheduling-video/analysis/a2_stage_summary.csv
I0703 21:01:43.949 4013357 model_impl.cc:1376] Model disposed.
I0703 21:01:43.950 4013357 model_impl.cc:1376] Model disposed.
I0703 21:01:43.951 4013357 model_impl.cc:1376] Model disposed.
I0703 21:01:43.951 4013357 model_impl.cc:1376] Model disposed.
