[Overhead] 2026-04-20T21:09:39 starting steady-state overhead sweep
[Overhead] schedule=/home/msyu/PycharmProjects/fsrr-multimodel-scheduling/tests/steady_state_views_schedule.yaml duration=30s reps=2

======================================================================
  Mode 1/3: Static (adaptive_mode=3)
======================================================================
  -- run 1/2
  cmd: /home/msyu/PycharmProjects/fsrr-multimodel-scheduling/.venv/bin/python3 /home/msyu/PycharmProjects/fsrr-multimodel-scheduling/schedule_executor_main.py --schedule /home/msyu/PycharmProjects/fsrr-multimodel-scheduling/tests/steady_state_views_schedule.yaml --duration 30 --adaptive-mode 3 --metrics-csv /home/msyu/PycharmProjects/fsrr-multimodel-scheduling/results/runtime_overhead/mode3_rep1.csv --auto_start_all --combo-duration combination_stable=30
     fps=11.96 lat=472.3ms drop=2.14 cpu%=2239.9 rss=1952MB
  -- run 2/2
  cmd: /home/msyu/PycharmProjects/fsrr-multimodel-scheduling/.venv/bin/python3 /home/msyu/PycharmProjects/fsrr-multimodel-scheduling/schedule_executor_main.py --schedule /home/msyu/PycharmProjects/fsrr-multimodel-scheduling/tests/steady_state_views_schedule.yaml --duration 30 --adaptive-mode 3 --metrics-csv /home/msyu/PycharmProjects/fsrr-multimodel-scheduling/results/runtime_overhead/mode3_rep2.csv --auto_start_all --combo-duration combination_stable=30
     fps=13.25 lat=495.1ms drop=3.84 cpu%=2287.3 rss=1945MB

======================================================================
  Mode 2/3: Adaptive hot-swap (adaptive_mode=1)
======================================================================
  -- run 1/2
  cmd: /home/msyu/PycharmProjects/fsrr-multimodel-scheduling/.venv/bin/python3 /home/msyu/PycharmProjects/fsrr-multimodel-scheduling/schedule_executor_main.py --schedule /home/msyu/PycharmProjects/fsrr-multimodel-scheduling/tests/steady_state_views_schedule.yaml --duration 30 --adaptive-mode 1 --metrics-csv /home/msyu/PycharmProjects/fsrr-multimodel-scheduling/results/runtime_overhead/mode1_rep1.csv --auto_start_all --combo-duration combination_stable=30
     fps=14.99 lat=422.8ms drop=1.25 cpu%=2266.0 rss=1960MB
  -- run 2/2
  cmd: /home/msyu/PycharmProjects/fsrr-multimodel-scheduling/.venv/bin/python3 /home/msyu/PycharmProjects/fsrr-multimodel-scheduling/schedule_executor_main.py --schedule /home/msyu/PycharmProjects/fsrr-multimodel-scheduling/tests/steady_state_views_schedule.yaml --duration 30 --adaptive-mode 1 --metrics-csv /home/msyu/PycharmProjects/fsrr-multimodel-scheduling/results/runtime_overhead/mode1_rep2.csv --auto_start_all --combo-duration combination_stable=30
     fps=15.22 lat=489.9ms drop=4.09 cpu%=2300.6 rss=2018MB

======================================================================
  Mode 3/3: BoundGuard (adaptive_mode=2)
======================================================================
  -- run 1/2
  cmd: /home/msyu/PycharmProjects/fsrr-multimodel-scheduling/.venv/bin/python3 /home/msyu/PycharmProjects/fsrr-multimodel-scheduling/schedule_executor_main.py --schedule /home/msyu/PycharmProjects/fsrr-multimodel-scheduling/tests/steady_state_views_schedule.yaml --duration 30 --adaptive-mode 2 --metrics-csv /home/msyu/PycharmProjects/fsrr-multimodel-scheduling/results/runtime_overhead/mode2_rep1.csv --auto_start_all --combo-duration combination_stable=30
     fps=14.62 lat=435.8ms drop=1.15 cpu%=2346.9 rss=2086MB
  -- run 2/2
  cmd: /home/msyu/PycharmProjects/fsrr-multimodel-scheduling/.venv/bin/python3 /home/msyu/PycharmProjects/fsrr-multimodel-scheduling/schedule_executor_main.py --schedule /home/msyu/PycharmProjects/fsrr-multimodel-scheduling/tests/steady_state_views_schedule.yaml --duration 30 --adaptive-mode 2 --metrics-csv /home/msyu/PycharmProjects/fsrr-multimodel-scheduling/results/runtime_overhead/mode2_rep2.csv --auto_start_all --combo-duration combination_stable=30
     fps=14.36 lat=493.9ms drop=4.59 cpu%=2336.9 rss=2066MB

[Overhead] JSON: /home/msyu/PycharmProjects/fsrr-multimodel-scheduling/results/runtime_overhead/overhead_sweep.json
[Plot] Saved: /home/msyu/PycharmProjects/fsrr-multimodel-scheduling/results/runtime_overhead.pdf

[Overhead] Summary:
  mode                      fps     lat (ms)       drop      cpu %
  Static                  12.61       483.68      2.993     2263.6
  Adaptive hot-swap       15.10       456.37      2.670     2283.3
  BoundGuard              14.49       464.82      2.867     2341.9
